../Core/Src/timer_if.c:279:10:TIMER_IF_GetTimerContext	0	static
../Core/Src/timer_if.c:319:10:TIMER_IF_GetMinimumTimeout	0	static
../Core/Src/timer_if.c:332:10:TIMER_IF_Convert_ms2Tick	8	static
../Core/Src/timer_if.c:345:10:TIMER_IF_Convert_Tick2ms	0	static
../Core/Src/timer_if.c:503:24:GetTimerTicks	0	static
../Core/Src/timer_if.c:265:10:TIMER_IF_SetTimerContext	8	static
../Core/Src/timer_if.c:290:10:TIMER_IF_GetTimerElapsedTime	8	static
../Core/Src/timer_if.c:303:10:TIMER_IF_GetTimerValue	0	static
../Core/Src/timer_if.c:247:21:TIMER_IF_StopTimer	8	static
../Core/Src/timer_if.c:426:6:TIMER_IF_BkUp_Write_Seconds	0	static
../Core/Src/timer_if.c:437:6:TIMER_IF_BkUp_Write_SubSeconds	0	static
../Core/Src/timer_if.c:219:21:TIMER_IF_StartTimer	56	static
../Core/Src/timer_if.c:402:10:TIMER_IF_GetTime	16	static
../Core/Src/timer_if.c:448:10:TIMER_IF_BkUp_Read_Seconds	0	static
../Core/Src/timer_if.c:461:10:TIMER_IF_BkUp_Read_SubSeconds	0	static
../Core/Src/timer_if.c:182:21:TIMER_IF_Init	24	static
../Core/Src/timer_if.c:358:6:TIMER_IF_DelayMs	8	static,ignoring_inline_asm
../Core/Src/timer_if.c:376:6:HAL_RTC_AlarmAEventCallback	0	static
../Core/Src/timer_if.c:387:6:HAL_RTCEx_SSRUEventCallback	8	static
