../Drivers/STM32WLxx_HAL_Driver/Inc/stm32wlxx_ll_adc.h:3607:22:LL_ADC_SetAnalogWDMonitChannels	8	static
../Drivers/STM32WLxx_HAL_Driver/Inc/stm32wlxx_ll_adc.h:4366:26:LL_ADC_REG_IsConversionOngoing	0	static
../Drivers/STM32WLxx_HAL_Driver/Src/stm32wlxx_hal_adc.c:876:13:HAL_ADC_MspInit	0	static
../Drivers/STM32WLxx_HAL_Driver/Src/stm32wlxx_hal_adc.c:379:19:HAL_ADC_Init	32	static
../Drivers/STM32WLxx_HAL_Driver/Src/stm32wlxx_hal_adc.c:893:13:HAL_ADC_MspDeInit	0	static
../Drivers/STM32WLxx_HAL_Driver/Src/stm32wlxx_hal_adc.c:1278:19:HAL_ADC_PollForConversion	24	static
../Drivers/STM32WLxx_HAL_Driver/Src/stm32wlxx_hal_adc.c:1408:19:HAL_ADC_PollForEvent	24	static
../Drivers/STM32WLxx_HAL_Driver/Src/stm32wlxx_hal_adc.c:1853:10:HAL_ADC_GetValue	0	static
../Drivers/STM32WLxx_HAL_Driver/Src/stm32wlxx_hal_adc.c:2080:13:HAL_ADC_ConvCpltCallback	0	static
../Drivers/STM32WLxx_HAL_Driver/Src/stm32wlxx_hal_adc.c:2095:13:HAL_ADC_ConvHalfCpltCallback	0	static
../Drivers/STM32WLxx_HAL_Driver/Src/stm32wlxx_hal_adc.c:2944:13:ADC_DMAHalfConvCplt	8	static
../Drivers/STM32WLxx_HAL_Driver/Src/stm32wlxx_hal_adc.c:2110:13:HAL_ADC_LevelOutOfWindowCallback	0	static
../Drivers/STM32WLxx_HAL_Driver/Src/stm32wlxx_hal_adc.c:2132:13:HAL_ADC_ErrorCallback	0	static
../Drivers/STM32WLxx_HAL_Driver/Src/stm32wlxx_hal_adc.c:2962:13:ADC_DMAError	8	static
../Drivers/STM32WLxx_HAL_Driver/Src/stm32wlxx_hal_adc.c:2866:13:ADC_DMAConvCplt	8	static
../Drivers/STM32WLxx_HAL_Driver/Src/stm32wlxx_hal_adc.c:1870:6:HAL_ADC_IRQHandler	16	static
../Drivers/STM32WLxx_HAL_Driver/Src/stm32wlxx_hal_adc.c:2178:19:HAL_ADC_ConfigChannel	32	static,ignoring_inline_asm
../Drivers/STM32WLxx_HAL_Driver/Src/stm32wlxx_hal_adc.c:2618:10:HAL_ADC_GetState	0	static
../Drivers/STM32WLxx_HAL_Driver/Src/stm32wlxx_hal_adc.c:2632:10:HAL_ADC_GetError	0	static
../Drivers/STM32WLxx_HAL_Driver/Src/stm32wlxx_hal_adc.c:2659:19:ADC_ConversionStop	16	static
../Drivers/STM32WLxx_HAL_Driver/Src/stm32wlxx_hal_adc.c:2713:19:ADC_Enable	24	static
../Drivers/STM32WLxx_HAL_Driver/Src/stm32wlxx_hal_adc.c:1160:19:HAL_ADC_Start	16	static
../Drivers/STM32WLxx_HAL_Driver/Src/stm32wlxx_hal_adc.c:1538:19:HAL_ADC_Start_IT	16	static
../Drivers/STM32WLxx_HAL_Driver/Src/stm32wlxx_hal_adc.c:1676:19:HAL_ADC_Start_DMA	24	static
../Drivers/STM32WLxx_HAL_Driver/Src/stm32wlxx_hal_adc.c:2804:19:ADC_Disable	16	static
../Drivers/STM32WLxx_HAL_Driver/Src/stm32wlxx_hal_adc.c:752:19:HAL_ADC_DeInit	16	static
../Drivers/STM32WLxx_HAL_Driver/Src/stm32wlxx_hal_adc.c:1227:19:HAL_ADC_Stop	8	static
../Drivers/STM32WLxx_HAL_Driver/Src/stm32wlxx_hal_adc.c:1629:19:HAL_ADC_Stop_IT	8	static
../Drivers/STM32WLxx_HAL_Driver/Src/stm32wlxx_hal_adc.c:1772:19:HAL_ADC_Stop_DMA	16	static
../Drivers/STM32WLxx_HAL_Driver/Src/stm32wlxx_hal_adc.c:2385:19:HAL_ADC_AnalogWDGConfig	24	static,ignoring_inline_asm
