../Drivers/STM32WLxx_HAL_Driver/Inc/stm32wlxx_ll_pwr.h:1375:22:LL_PWR_UnselectSUBGHZSPI_NSS	0	static
../Drivers/STM32WLxx_HAL_Driver/Inc/stm32wlxx_ll_pwr.h:1385:22:LL_PWR_SelectSUBGHZSPI_NSS	0	static
../Drivers/STM32WLxx_HAL_Driver/Src/stm32wlxx_hal_subghz.c:402:13:HAL_SUBGHZ_MspInit	0	static
../Drivers/STM32WLxx_HAL_Driver/Src/stm32wlxx_hal_subghz.c:418:13:HAL_SUBGHZ_MspDeInit	0	static
../Drivers/STM32WLxx_HAL_Driver/Src/stm32wlxx_hal_subghz.c:1324:13:HAL_SUBGHZ_TxCpltCallback	0	static
../Drivers/STM32WLxx_HAL_Driver/Src/stm32wlxx_hal_subghz.c:1340:13:HAL_SUBGHZ_RxCpltCallback	0	static
../Drivers/STM32WLxx_HAL_Driver/Src/stm32wlxx_hal_subghz.c:1356:13:HAL_SUBGHZ_PreambleDetectedCallback	0	static
../Drivers/STM32WLxx_HAL_Driver/Src/stm32wlxx_hal_subghz.c:1372:13:HAL_SUBGHZ_SyncWordValidCallback	0	static
../Drivers/STM32WLxx_HAL_Driver/Src/stm32wlxx_hal_subghz.c:1388:13:HAL_SUBGHZ_HeaderValidCallback	0	static
../Drivers/STM32WLxx_HAL_Driver/Src/stm32wlxx_hal_subghz.c:1404:13:HAL_SUBGHZ_HeaderErrorCallback	0	static
../Drivers/STM32WLxx_HAL_Driver/Src/stm32wlxx_hal_subghz.c:1420:13:HAL_SUBGHZ_CRCErrorCallback	0	static
../Drivers/STM32WLxx_HAL_Driver/Src/stm32wlxx_hal_subghz.c:1438:13:HAL_SUBGHZ_CADStatusCallback	0	static
../Drivers/STM32WLxx_HAL_Driver/Src/stm32wlxx_hal_subghz.c:1456:13:HAL_SUBGHZ_RxTxTimeoutCallback	0	static
../Drivers/STM32WLxx_HAL_Driver/Src/stm32wlxx_hal_subghz.c:1491:25:HAL_SUBGHZ_GetState	0	static
../Drivers/STM32WLxx_HAL_Driver/Src/stm32wlxx_hal_subghz.c:1503:10:HAL_SUBGHZ_GetError	0	static
../Drivers/STM32WLxx_HAL_Driver/Src/stm32wlxx_hal_subghz.c:1527:6:SUBGHZSPI_Init	0	static
../Drivers/STM32WLxx_HAL_Driver/Src/stm32wlxx_hal_subghz.c:213:19:HAL_SUBGHZ_Init	16	static
../Drivers/STM32WLxx_HAL_Driver/Src/stm32wlxx_hal_subghz.c:1563:7:SUBGHZSPI_DeInit	0	static
../Drivers/STM32WLxx_HAL_Driver/Src/stm32wlxx_hal_subghz.c:319:19:HAL_SUBGHZ_DeInit	16	static
../Drivers/STM32WLxx_HAL_Driver/Src/stm32wlxx_hal_subghz.c:1579:19:SUBGHZSPI_Transmit	24	static
../Drivers/STM32WLxx_HAL_Driver/Src/stm32wlxx_hal_subghz.c:1638:19:SUBGHZSPI_Receive	24	static
../Drivers/STM32WLxx_HAL_Driver/Src/stm32wlxx_hal_subghz.c:1727:19:SUBGHZ_WaitOnBusy	16	static
../Drivers/STM32WLxx_HAL_Driver/Src/stm32wlxx_hal_subghz.c:1696:19:SUBGHZ_CheckDeviceReady	16	static
../Drivers/STM32WLxx_HAL_Driver/Src/stm32wlxx_hal_subghz.c:775:19:HAL_SUBGHZ_WriteRegisters	24	static
../Drivers/STM32WLxx_HAL_Driver/Src/stm32wlxx_hal_subghz.c:903:19:HAL_SUBGHZ_WriteRegister	16	static
../Drivers/STM32WLxx_HAL_Driver/Src/stm32wlxx_hal_subghz.c:839:19:HAL_SUBGHZ_ReadRegisters	24	static
../Drivers/STM32WLxx_HAL_Driver/Src/stm32wlxx_hal_subghz.c:919:19:HAL_SUBGHZ_ReadRegister	0	static
../Drivers/STM32WLxx_HAL_Driver/Src/stm32wlxx_hal_subghz.c:936:19:HAL_SUBGHZ_ExecSetCmd	24	static
../Drivers/STM32WLxx_HAL_Driver/Src/stm32wlxx_hal_subghz.c:1012:19:HAL_SUBGHZ_ExecGetCmd	24	static
../Drivers/STM32WLxx_HAL_Driver/Src/stm32wlxx_hal_subghz.c:1198:6:HAL_SUBGHZ_IRQHandler	24	static
../Drivers/STM32WLxx_HAL_Driver/Src/stm32wlxx_hal_subghz.c:1077:19:HAL_SUBGHZ_WriteBuffer	24	static
../Drivers/STM32WLxx_HAL_Driver/Src/stm32wlxx_hal_subghz.c:1137:19:HAL_SUBGHZ_ReadBuffer	24	static
