../Drivers/STM32WLxx_HAL_Driver/Src/stm32wlxx_hal_pwr.c:90:6:HAL_PWR_DeInit	0	static
../Drivers/STM32WLxx_HAL_Driver/Src/stm32wlxx_hal_pwr.c:145:6:HAL_PWR_EnableBkUpAccess	0	static
../Drivers/STM32WLxx_HAL_Driver/Src/stm32wlxx_hal_pwr.c:155:6:HAL_PWR_DisableBkUpAccess	0	static
../Drivers/STM32WLxx_HAL_Driver/Src/stm32wlxx_hal_pwr.c:344:19:HAL_PWR_ConfigPVD	0	static
../Drivers/STM32WLxx_HAL_Driver/Src/stm32wlxx_hal_pwr.c:385:6:HAL_PWR_EnablePVD	0	static
../Drivers/STM32WLxx_HAL_Driver/Src/stm32wlxx_hal_pwr.c:395:6:HAL_PWR_DisablePVD	0	static
../Drivers/STM32WLxx_HAL_Driver/Src/stm32wlxx_hal_pwr.c:417:6:HAL_PWR_EnableWakeUpPin	0	static
../Drivers/STM32WLxx_HAL_Driver/Src/stm32wlxx_hal_pwr.c:442:6:HAL_PWR_DisableWakeUpPin	0	static
../Drivers/STM32WLxx_HAL_Driver/Src/stm32wlxx_hal_pwr.c:475:6:HAL_PWR_EnterSLEEPMode	8	static,ignoring_inline_asm
../Drivers/STM32WLxx_HAL_Driver/Src/stm32wlxx_hal_pwr.c:558:6:HAL_PWR_EnterSTOPMode	0	static
../Drivers/STM32WLxx_HAL_Driver/Src/stm32wlxx_hal_pwr.c:593:6:HAL_PWR_EnterSTANDBYMode	0	static,ignoring_inline_asm
../Drivers/STM32WLxx_HAL_Driver/Src/stm32wlxx_hal_pwr.c:631:6:HAL_PWR_EnableSleepOnExit	0	static
../Drivers/STM32WLxx_HAL_Driver/Src/stm32wlxx_hal_pwr.c:643:6:HAL_PWR_DisableSleepOnExit	0	static
../Drivers/STM32WLxx_HAL_Driver/Src/stm32wlxx_hal_pwr.c:655:6:HAL_PWR_EnableSEVOnPend	0	static
../Drivers/STM32WLxx_HAL_Driver/Src/stm32wlxx_hal_pwr.c:667:6:HAL_PWR_DisableSEVOnPend	0	static
../Drivers/STM32WLxx_HAL_Driver/Src/stm32wlxx_hal_pwr.c:677:13:HAL_PWR_PVDCallback	0	static
