../Drivers/STM32WLxx_HAL_Driver/Src/stm32wlxx_hal_pwr_ex.c:83:10:HAL_PWREx_GetVoltageRange	0	static
../Drivers/STM32WLxx_HAL_Driver/Src/stm32wlxx_hal_pwr_ex.c:108:19:HAL_PWREx_ControlVoltageScaling	0	static
../Drivers/STM32WLxx_HAL_Driver/Src/stm32wlxx_hal_pwr_ex.c:158:6:HAL_PWREx_EnableBatteryCharging	0	static
../Drivers/STM32WLxx_HAL_Driver/Src/stm32wlxx_hal_pwr_ex.c:173:6:HAL_PWREx_DisableBatteryCharging	0	static
../Drivers/STM32WLxx_HAL_Driver/Src/stm32wlxx_hal_pwr_ex.c:184:6:HAL_PWREx_EnableInternalWakeUpLine	0	static
../Drivers/STM32WLxx_HAL_Driver/Src/stm32wlxx_hal_pwr_ex.c:197:6:HAL_PWREx_DisableInternalWakeUpLine	0	static
../Drivers/STM32WLxx_HAL_Driver/Src/stm32wlxx_hal_pwr_ex.c:213:6:HAL_PWREx_SetRadioBusyPolarity	0	static
../Drivers/STM32WLxx_HAL_Driver/Src/stm32wlxx_hal_pwr_ex.c:231:6:HAL_PWREx_SetRadioBusyTrigger	0	static
../Drivers/STM32WLxx_HAL_Driver/Src/stm32wlxx_hal_pwr_ex.c:251:6:HAL_PWREx_SetRadioIRQTrigger	0	static
../Drivers/STM32WLxx_HAL_Driver/Src/stm32wlxx_hal_pwr_ex.c:306:19:HAL_PWREx_EnableGPIOPullUp	0	static
../Drivers/STM32WLxx_HAL_Driver/Src/stm32wlxx_hal_pwr_ex.c:354:19:HAL_PWREx_DisableGPIOPullUp	0	static
../Drivers/STM32WLxx_HAL_Driver/Src/stm32wlxx_hal_pwr_ex.c:404:19:HAL_PWREx_EnableGPIOPullDown	0	static
../Drivers/STM32WLxx_HAL_Driver/Src/stm32wlxx_hal_pwr_ex.c:452:19:HAL_PWREx_DisableGPIOPullDown	0	static
../Drivers/STM32WLxx_HAL_Driver/Src/stm32wlxx_hal_pwr_ex.c:491:6:HAL_PWREx_EnablePullUpPullDownConfig	0	static
../Drivers/STM32WLxx_HAL_Driver/Src/stm32wlxx_hal_pwr_ex.c:506:6:HAL_PWREx_DisablePullUpPullDownConfig	0	static
../Drivers/STM32WLxx_HAL_Driver/Src/stm32wlxx_hal_pwr_ex.c:591:6:HAL_PWREx_EnableSRAMRetention	0	static
../Drivers/STM32WLxx_HAL_Driver/Src/stm32wlxx_hal_pwr_ex.c:602:6:HAL_PWREx_DisableSRAMRetention	0	static
../Drivers/STM32WLxx_HAL_Driver/Src/stm32wlxx_hal_pwr_ex.c:618:6:HAL_PWREx_EnableFlashPowerDown	0	static
../Drivers/STM32WLxx_HAL_Driver/Src/stm32wlxx_hal_pwr_ex.c:653:6:HAL_PWREx_DisableFlashPowerDown	0	static
../Drivers/STM32WLxx_HAL_Driver/Src/stm32wlxx_hal_pwr_ex.c:673:6:HAL_PWREx_EnableWPVD	0	static
../Drivers/STM32WLxx_HAL_Driver/Src/stm32wlxx_hal_pwr_ex.c:686:6:HAL_PWREx_DisableWPVD	0	static
../Drivers/STM32WLxx_HAL_Driver/Src/stm32wlxx_hal_pwr_ex.c:703:6:HAL_PWREx_EnableBORPVD_ULP	0	static
../Drivers/STM32WLxx_HAL_Driver/Src/stm32wlxx_hal_pwr_ex.c:715:6:HAL_PWREx_DisableBORPVD_ULP	0	static
../Drivers/STM32WLxx_HAL_Driver/Src/stm32wlxx_hal_pwr_ex.c:726:6:HAL_PWREx_EnablePVM3	0	static
../Drivers/STM32WLxx_HAL_Driver/Src/stm32wlxx_hal_pwr_ex.c:735:6:HAL_PWREx_DisablePVM3	0	static
../Drivers/STM32WLxx_HAL_Driver/Src/stm32wlxx_hal_pwr_ex.c:752:19:HAL_PWREx_ConfigPVM	0	static
../Drivers/STM32WLxx_HAL_Driver/Src/stm32wlxx_hal_pwr_ex.c:808:6:HAL_PWREx_SetRadioEOL	0	static
../Drivers/STM32WLxx_HAL_Driver/Src/stm32wlxx_hal_pwr_ex.c:823:6:HAL_PWREx_SMPS_SetMode	0	static
../Drivers/STM32WLxx_HAL_Driver/Src/stm32wlxx_hal_pwr_ex.c:839:10:HAL_PWREx_SMPS_GetEffectiveMode	0	static
../Drivers/STM32WLxx_HAL_Driver/Src/stm32wlxx_hal_pwr_ex.c:854:6:HAL_PWREx_EnableLowPowerRunMode	0	static
../Drivers/STM32WLxx_HAL_Driver/Src/stm32wlxx_hal_pwr_ex.c:868:19:HAL_PWREx_DisableLowPowerRunMode	0	static
../Drivers/STM32WLxx_HAL_Driver/Src/stm32wlxx_hal_pwr_ex.c:915:6:HAL_PWREx_EnterSTOP0Mode	0	static,ignoring_inline_asm
../Drivers/STM32WLxx_HAL_Driver/Src/stm32wlxx_hal_pwr_ex.c:974:6:HAL_PWREx_EnterSTOP1Mode	0	static,ignoring_inline_asm
../Drivers/STM32WLxx_HAL_Driver/Src/stm32wlxx_hal_pwr_ex.c:1033:6:HAL_PWREx_EnterSTOP2Mode	0	static,ignoring_inline_asm
../Drivers/STM32WLxx_HAL_Driver/Src/stm32wlxx_hal_pwr_ex.c:1078:6:HAL_PWREx_EnterSHUTDOWNMode	0	static,ignoring_inline_asm
../Drivers/STM32WLxx_HAL_Driver/Src/stm32wlxx_hal_pwr_ex.c:1139:13:HAL_PWREx_PVM3Callback	0	static
../Drivers/STM32WLxx_HAL_Driver/Src/stm32wlxx_hal_pwr_ex.c:1113:6:HAL_PWREx_PVD_PVM_IRQHandler	8	static
