../Middlewares/Third_Party/SubGHz_Phy/stm32_radio_driver/radio.c:666:13:RadioInit	24	static
../Middlewares/Third_Party/SubGHz_Phy/stm32_radio_driver/radio.c:699:21:RadioGetStatus	8	static
../Middlewares/Third_Party/SubGHz_Phy/stm32_radio_driver/radio.c:714:13:RadioSetModem	16	static
../Middlewares/Third_Party/SubGHz_Phy/stm32_radio_driver/radio.c:765:13:RadioSetChannel	16	static
../Middlewares/Third_Party/SubGHz_Phy/stm32_radio_driver/radio.c:770:13:RadioIsChannelFree	72	static
../Middlewares/Third_Party/SubGHz_Phy/stm32_radio_driver/radio.c:807:17:RadioRandom	16	static
../Middlewares/Third_Party/SubGHz_Phy/stm32_radio_driver/radio.c:822:13:RadioSetRxConfig	48	static
../Middlewares/Third_Party/SubGHz_Phy/stm32_radio_driver/radio.c:1008:13:RadioSetTxConfig	32	static
../Middlewares/Third_Party/SubGHz_Phy/stm32_radio_driver/radio.c:1112:13:RadioCheckRfFrequency	16	static
../Middlewares/Third_Party/SubGHz_Phy/stm32_radio_driver/radio.c:1117:17:RadioGetLoRaBandwidthInHz	24	static
../Middlewares/Third_Party/SubGHz_Phy/stm32_radio_driver/radio.c:1158:17:RadioGetGfskTimeOnAirNumerator	16	static
../Middlewares/Third_Party/SubGHz_Phy/stm32_radio_driver/radio.c:1169:17:RadioGetLoRaTimeOnAirNumerator	48	static
../Middlewares/Third_Party/SubGHz_Phy/stm32_radio_driver/radio.c:1233:17:RadioTimeOnAir	48	static
../Middlewares/Third_Party/SubGHz_Phy/stm32_radio_driver/radio.c:1266:13:RadioSend	24	static
../Middlewares/Third_Party/SubGHz_Phy/stm32_radio_driver/radio.c:1375:13:RadioSleep	16	static
../Middlewares/Third_Party/SubGHz_Phy/stm32_radio_driver/radio.c:1385:13:RadioStandby	8	static
../Middlewares/Third_Party/SubGHz_Phy/stm32_radio_driver/radio.c:1390:13:RadioRx	16	static
../Middlewares/Third_Party/SubGHz_Phy/stm32_radio_driver/radio.c:1428:13:RadioRxBoosted	16	static
../Middlewares/Third_Party/SubGHz_Phy/stm32_radio_driver/radio.c:1465:13:RadioSetRxDutyCycle	16	static
../Middlewares/Third_Party/SubGHz_Phy/stm32_radio_driver/radio.c:1477:13:RadioStartCad	8	static
../Middlewares/Third_Party/SubGHz_Phy/stm32_radio_driver/radio.c:1489:13:RadioSetTxContinuousWave	24	static
../Middlewares/Third_Party/SubGHz_Phy/stm32_radio_driver/radio.c:1507:16:RadioRssi	16	static
../Middlewares/Third_Party/SubGHz_Phy/stm32_radio_driver/radio.c:1512:13:RadioWrite	16	static
../Middlewares/Third_Party/SubGHz_Phy/stm32_radio_driver/radio.c:1517:16:RadioRead	16	static
../Middlewares/Third_Party/SubGHz_Phy/stm32_radio_driver/radio.c:1522:13:RadioWriteRegisters	16	static
../Middlewares/Third_Party/SubGHz_Phy/stm32_radio_driver/radio.c:1527:13:RadioReadRegisters	16	static
../Middlewares/Third_Party/SubGHz_Phy/stm32_radio_driver/radio.c:1532:13:RadioSetMaxPayloadLength	16	static
../Middlewares/Third_Party/SubGHz_Phy/stm32_radio_driver/radio.c:1549:13:RadioSetPublicNetwork	16	static
../Middlewares/Third_Party/SubGHz_Phy/stm32_radio_driver/radio.c:1568:17:RadioGetWakeupTime	8	static
../Middlewares/Third_Party/SubGHz_Phy/stm32_radio_driver/radio.c:1573:13:RadioOnTxTimeoutIrq	16	static
../Middlewares/Third_Party/SubGHz_Phy/stm32_radio_driver/radio.c:1578:13:RadioOnRxTimeoutIrq	16	static
../Middlewares/Third_Party/SubGHz_Phy/stm32_radio_driver/radio.c:1583:13:RadioOnTxTimeoutProcess	8	static
../Middlewares/Third_Party/SubGHz_Phy/stm32_radio_driver/radio.c:1595:13:RadioOnRxTimeoutProcess	8	static
../Middlewares/Third_Party/SubGHz_Phy/stm32_radio_driver/radio.c:1607:13:RadioOnDioIrq	16	static
../Middlewares/Third_Party/SubGHz_Phy/stm32_radio_driver/radio.c:1614:13:RadioIrqProcess	24	static
../Middlewares/Third_Party/SubGHz_Phy/stm32_radio_driver/radio.c:1786:13:RadioTxPrbs	8	static
../Middlewares/Third_Party/SubGHz_Phy/stm32_radio_driver/radio.c:1794:13:RadioTxCw	24	static
../Middlewares/Third_Party/SubGHz_Phy/stm32_radio_driver/radio.c:1802:13:payload_integration	40	static
../Middlewares/Third_Party/SubGHz_Phy/stm32_radio_driver/radio.c:1840:16:RadioSetRxGenericConfig	56	static
../Middlewares/Third_Party/SubGHz_Phy/stm32_radio_driver/radio.c:2015:16:RadioSetTxGenericConfig	64	static
