../Drivers/STM32WLxx_HAL_Driver/Src/stm32wlxx_hal_adc_ex.c:101:19:HAL_ADCEx_Calibration_Start	32	static
../Drivers/STM32WLxx_HAL_Driver/Src/stm32wlxx_hal_adc_ex.c:220:10:HAL_ADCEx_Calibration_GetValue	0	static
../Drivers/STM32WLxx_HAL_Driver/Src/stm32wlxx_hal_adc_ex.c:236:19:HAL_ADCEx_Calibration_SetValue	8	static
../Drivers/STM32WLxx_HAL_Driver/Src/stm32wlxx_hal_adc_ex.c:279:13:HAL_ADCEx_LevelOutOfWindow2Callback	0	static
../Drivers/STM32WLxx_HAL_Driver/Src/stm32wlxx_hal_adc_ex.c:294:13:HAL_ADCEx_LevelOutOfWindow3Callback	0	static
../Drivers/STM32WLxx_HAL_Driver/Src/stm32wlxx_hal_adc_ex.c:310:13:HAL_ADCEx_EndOfSamplingCallback	0	static
../Drivers/STM32WLxx_HAL_Driver/Src/stm32wlxx_hal_adc_ex.c:325:13:HAL_ADCEx_ChannelConfigReadyCallback	0	static
../Drivers/STM32WLxx_HAL_Driver/Src/stm32wlxx_hal_adc_ex.c:348:19:HAL_ADCEx_DisableVoltageRegulator	0	static
