../Drivers/STM32WLxx_HAL_Driver/Src/stm32wlxx_hal_rtc.c:683:13:HAL_RTC_MspInit	0	static
../Drivers/STM32WLxx_HAL_Driver/Src/stm32wlxx_hal_rtc.c:698:13:HAL_RTC_MspDeInit	0	static
../Drivers/STM32WLxx_HAL_Driver/Src/stm32wlxx_hal_rtc.c:1029:6:HAL_RTC_DST_Add1Hour	0	static
../Drivers/STM32WLxx_HAL_Driver/Src/stm32wlxx_hal_rtc.c:1043:6:HAL_RTC_DST_Sub1Hour	0	static
../Drivers/STM32WLxx_HAL_Driver/Src/stm32wlxx_hal_rtc.c:1057:6:HAL_RTC_DST_SetStoreOperation	0	static
../Drivers/STM32WLxx_HAL_Driver/Src/stm32wlxx_hal_rtc.c:1070:6:HAL_RTC_DST_ClearStoreOperation	0	static
../Drivers/STM32WLxx_HAL_Driver/Src/stm32wlxx_hal_rtc.c:1083:10:HAL_RTC_DST_ReadStoreOperation	0	static
../Drivers/STM32WLxx_HAL_Driver/Src/stm32wlxx_hal_rtc.c:1527:19:HAL_RTC_DeactivateAlarm	12	static
../Drivers/STM32WLxx_HAL_Driver/Src/stm32wlxx_hal_rtc.c:1695:13:HAL_RTC_AlarmAEventCallback	0	static
../Drivers/STM32WLxx_HAL_Driver/Src/stm32wlxx_hal_rtc.c:1656:6:HAL_RTC_AlarmIRQHandler	16	static
../Drivers/STM32WLxx_HAL_Driver/Src/stm32wlxx_hal_rtc.c:1711:19:HAL_RTC_PollForAlarmAEvent	24	static
../Drivers/STM32WLxx_HAL_Driver/Src/stm32wlxx_hal_rtc.c:1769:19:HAL_RTC_WaitForSynchro	16	static
../Drivers/STM32WLxx_HAL_Driver/Src/stm32wlxx_hal_rtc.c:1814:21:HAL_RTC_GetState	0	static
../Drivers/STM32WLxx_HAL_Driver/Src/stm32wlxx_hal_rtc.c:1837:19:RTC_EnterInitMode	24	static
../Drivers/STM32WLxx_HAL_Driver/Src/stm32wlxx_hal_rtc.c:1869:19:RTC_ExitInitMode	8	static
../Drivers/STM32WLxx_HAL_Driver/Src/stm32wlxx_hal_rtc.c:242:19:HAL_RTC_Init	16	static
../Drivers/STM32WLxx_HAL_Driver/Src/stm32wlxx_hal_rtc.c:352:19:HAL_RTC_DeInit	16	static
../Drivers/STM32WLxx_HAL_Driver/Src/stm32wlxx_hal_rtc.c:1906:9:RTC_ByteToBcd2	0	static
../Drivers/STM32WLxx_HAL_Driver/Src/stm32wlxx_hal_rtc.c:739:19:HAL_RTC_SetTime	24	static
../Drivers/STM32WLxx_HAL_Driver/Src/stm32wlxx_hal_rtc.c:911:19:HAL_RTC_SetDate	24	static
../Drivers/STM32WLxx_HAL_Driver/Src/stm32wlxx_hal_rtc.c:1122:19:HAL_RTC_SetAlarm	32	static
../Drivers/STM32WLxx_HAL_Driver/Src/stm32wlxx_hal_rtc.c:1327:19:HAL_RTC_SetAlarm_IT	32	static
../Drivers/STM32WLxx_HAL_Driver/Src/stm32wlxx_hal_rtc.c:1925:9:RTC_Bcd2ToByte	0	static
../Drivers/STM32WLxx_HAL_Driver/Src/stm32wlxx_hal_rtc.c:863:19:HAL_RTC_GetTime	16	static
../Drivers/STM32WLxx_HAL_Driver/Src/stm32wlxx_hal_rtc.c:995:19:HAL_RTC_GetDate	16	static
../Drivers/STM32WLxx_HAL_Driver/Src/stm32wlxx_hal_rtc.c:1594:19:HAL_RTC_GetAlarm	8	static
