../Drivers/STM32WLxx_HAL_Driver/Inc/stm32wlxx_ll_pwr.h:1300:22:LL_PWR_SetRadioBusyTrigger	16	static
../Drivers/STM32WLxx_HAL_Driver/Inc/stm32wlxx_ll_pwr.h:1375:22:LL_PWR_UnselectSUBGHZSPI_NSS	4	static
../Drivers/STM32WLxx_HAL_Driver/Inc/stm32wlxx_ll_pwr.h:1385:22:LL_PWR_SelectSUBGHZSPI_NSS	4	static
../Drivers/STM32WLxx_HAL_Driver/Inc/stm32wlxx_ll_pwr.h:2035:22:LL_PWR_ClearFlag_RFBUSY	4	static
../Drivers/STM32WLxx_HAL_Driver/Inc/stm32wlxx_ll_pwr.h:2048:26:LL_PWR_IsActiveFlag_RFBUSYS	4	static
../Drivers/STM32WLxx_HAL_Driver/Inc/stm32wlxx_ll_pwr.h:2061:26:LL_PWR_IsActiveFlag_RFBUSYMS	4	static
../Drivers/STM32WLxx_HAL_Driver/Inc/stm32wlxx_ll_rcc.h:1675:22:LL_RCC_RF_EnableReset	4	static
../Drivers/STM32WLxx_HAL_Driver/Inc/stm32wlxx_ll_rcc.h:1685:22:LL_RCC_RF_DisableReset	4	static
../Drivers/STM32WLxx_HAL_Driver/Inc/stm32wlxx_ll_rcc.h:1705:26:LL_RCC_IsRFUnderReset	4	static
../Drivers/STM32WLxx_HAL_Driver/Inc/stm32wlxx_ll_exti.h:336:22:LL_EXTI_EnableIT_32_63	16	static
../Drivers/STM32WLxx_HAL_Driver/Inc/stm32wlxx_ll_exti.h:478:22:LL_EXTI_DisableIT_32_63	16	static
../Drivers/STM32WLxx_HAL_Driver/Src/stm32wlxx_hal_subghz.c:213:19:HAL_SUBGHZ_Init	24	static
../Drivers/STM32WLxx_HAL_Driver/Src/stm32wlxx_hal_subghz.c:319:19:HAL_SUBGHZ_DeInit	24	static
../Drivers/STM32WLxx_HAL_Driver/Src/stm32wlxx_hal_subghz.c:402:13:HAL_SUBGHZ_MspInit	16	static
../Drivers/STM32WLxx_HAL_Driver/Src/stm32wlxx_hal_subghz.c:418:13:HAL_SUBGHZ_MspDeInit	16	static
../Drivers/STM32WLxx_HAL_Driver/Src/stm32wlxx_hal_subghz.c:775:19:HAL_SUBGHZ_WriteRegisters	32	static
../Drivers/STM32WLxx_HAL_Driver/Src/stm32wlxx_hal_subghz.c:839:19:HAL_SUBGHZ_ReadRegisters	40	static
../Drivers/STM32WLxx_HAL_Driver/Src/stm32wlxx_hal_subghz.c:903:19:HAL_SUBGHZ_WriteRegister	16	static
../Drivers/STM32WLxx_HAL_Driver/Src/stm32wlxx_hal_subghz.c:919:19:HAL_SUBGHZ_ReadRegister	24	static
../Drivers/STM32WLxx_HAL_Driver/Src/stm32wlxx_hal_subghz.c:936:19:HAL_SUBGHZ_ExecSetCmd	32	static
../Drivers/STM32WLxx_HAL_Driver/Src/stm32wlxx_hal_subghz.c:1012:19:HAL_SUBGHZ_ExecGetCmd	40	static
../Drivers/STM32WLxx_HAL_Driver/Src/stm32wlxx_hal_subghz.c:1077:19:HAL_SUBGHZ_WriteBuffer	32	static
../Drivers/STM32WLxx_HAL_Driver/Src/stm32wlxx_hal_subghz.c:1137:19:HAL_SUBGHZ_ReadBuffer	40	static
../Drivers/STM32WLxx_HAL_Driver/Src/stm32wlxx_hal_subghz.c:1198:6:HAL_SUBGHZ_IRQHandler	24	static
../Drivers/STM32WLxx_HAL_Driver/Src/stm32wlxx_hal_subghz.c:1324:13:HAL_SUBGHZ_TxCpltCallback	16	static
../Drivers/STM32WLxx_HAL_Driver/Src/stm32wlxx_hal_subghz.c:1340:13:HAL_SUBGHZ_RxCpltCallback	16	static
../Drivers/STM32WLxx_HAL_Driver/Src/stm32wlxx_hal_subghz.c:1356:13:HAL_SUBGHZ_PreambleDetectedCallback	16	static
../Drivers/STM32WLxx_HAL_Driver/Src/stm32wlxx_hal_subghz.c:1372:13:HAL_SUBGHZ_SyncWordValidCallback	16	static
../Drivers/STM32WLxx_HAL_Driver/Src/stm32wlxx_hal_subghz.c:1388:13:HAL_SUBGHZ_HeaderValidCallback	16	static
../Drivers/STM32WLxx_HAL_Driver/Src/stm32wlxx_hal_subghz.c:1404:13:HAL_SUBGHZ_HeaderErrorCallback	16	static
../Drivers/STM32WLxx_HAL_Driver/Src/stm32wlxx_hal_subghz.c:1420:13:HAL_SUBGHZ_CRCErrorCallback	16	static
../Drivers/STM32WLxx_HAL_Driver/Src/stm32wlxx_hal_subghz.c:1438:13:HAL_SUBGHZ_CADStatusCallback	16	static
../Drivers/STM32WLxx_HAL_Driver/Src/stm32wlxx_hal_subghz.c:1456:13:HAL_SUBGHZ_RxTxTimeoutCallback	16	static
../Drivers/STM32WLxx_HAL_Driver/Src/stm32wlxx_hal_subghz.c:1491:25:HAL_SUBGHZ_GetState	16	static
../Drivers/STM32WLxx_HAL_Driver/Src/stm32wlxx_hal_subghz.c:1503:10:HAL_SUBGHZ_GetError	16	static
../Drivers/STM32WLxx_HAL_Driver/Src/stm32wlxx_hal_subghz.c:1527:6:SUBGHZSPI_Init	16	static
../Drivers/STM32WLxx_HAL_Driver/Src/stm32wlxx_hal_subghz.c:1563:7:SUBGHZSPI_DeInit	4	static
../Drivers/STM32WLxx_HAL_Driver/Src/stm32wlxx_hal_subghz.c:1579:19:SUBGHZSPI_Transmit	32	static
../Drivers/STM32WLxx_HAL_Driver/Src/stm32wlxx_hal_subghz.c:1638:19:SUBGHZSPI_Receive	32	static
../Drivers/STM32WLxx_HAL_Driver/Src/stm32wlxx_hal_subghz.c:1696:19:SUBGHZ_CheckDeviceReady	24	static
../Drivers/STM32WLxx_HAL_Driver/Src/stm32wlxx_hal_subghz.c:1727:19:SUBGHZ_WaitOnBusy	32	static
