../Drivers/STM32WLxx_HAL_Driver/Inc/stm32wlxx_ll_pwr.h:705:22:LL_PWR_EnableSRAM2Retention	4	static
../Drivers/STM32WLxx_HAL_Driver/Inc/stm32wlxx_ll_pwr.h:715:22:LL_PWR_DisableSRAM2Retention	4	static
../Drivers/STM32WLxx_HAL_Driver/Inc/stm32wlxx_ll_pwr.h:737:22:LL_PWR_EnableWPVD	4	static
../Drivers/STM32WLxx_HAL_Driver/Inc/stm32wlxx_ll_pwr.h:747:22:LL_PWR_DisableWPVD	4	static
../Drivers/STM32WLxx_HAL_Driver/Inc/stm32wlxx_ll_pwr.h:1272:22:LL_PWR_SetRadioBusyPolarity	16	static
../Drivers/STM32WLxx_HAL_Driver/Inc/stm32wlxx_ll_pwr.h:1300:22:LL_PWR_SetRadioBusyTrigger	16	static
../Drivers/STM32WLxx_HAL_Driver/Inc/stm32wlxx_ll_pwr.h:1327:22:LL_PWR_SetRadioIRQTrigger	16	static
../Drivers/STM32WLxx_HAL_Driver/Inc/stm32wlxx_ll_exti.h:336:22:LL_EXTI_EnableIT_32_63	16	static
../Drivers/STM32WLxx_HAL_Driver/Inc/stm32wlxx_ll_exti.h:478:22:LL_EXTI_DisableIT_32_63	16	static
../Drivers/STM32WLxx_HAL_Driver/Inc/stm32wlxx_ll_exti.h:831:22:LL_EXTI_DisableEvent_32_63	16	static
../Drivers/STM32WLxx_HAL_Driver/Inc/stm32wlxx_ll_exti.h:1011:22:LL_EXTI_EnableRisingTrig_32_63	16	static
../Drivers/STM32WLxx_HAL_Driver/Inc/stm32wlxx_ll_exti.h:1072:22:LL_EXTI_DisableRisingTrig_32_63	16	static
../Drivers/STM32WLxx_HAL_Driver/Inc/stm32wlxx_ll_exti.h:1186:22:LL_EXTI_EnableFallingTrig_32_63	16	static
../Drivers/STM32WLxx_HAL_Driver/Inc/stm32wlxx_ll_exti.h:1244:22:LL_EXTI_DisableFallingTrig_32_63	16	static
../Drivers/STM32WLxx_HAL_Driver/Inc/stm32wlxx_ll_exti.h:1446:26:LL_EXTI_ReadFlag_0_31	16	static
../Drivers/STM32WLxx_HAL_Driver/Inc/stm32wlxx_ll_exti.h:1463:26:LL_EXTI_ReadFlag_32_63	16	static
../Drivers/STM32WLxx_HAL_Driver/Inc/stm32wlxx_ll_exti.h:1496:22:LL_EXTI_ClearFlag_0_31	16	static
../Drivers/STM32WLxx_HAL_Driver/Inc/stm32wlxx_ll_exti.h:1513:22:LL_EXTI_ClearFlag_32_63	16	static
../Drivers/STM32WLxx_HAL_Driver/Src/stm32wlxx_hal_pwr_ex.c:83:10:HAL_PWREx_GetVoltageRange	4	static
../Drivers/STM32WLxx_HAL_Driver/Src/stm32wlxx_hal_pwr_ex.c:108:19:HAL_PWREx_ControlVoltageScaling	24	static
../Drivers/STM32WLxx_HAL_Driver/Src/stm32wlxx_hal_pwr_ex.c:158:6:HAL_PWREx_EnableBatteryCharging	16	static
../Drivers/STM32WLxx_HAL_Driver/Src/stm32wlxx_hal_pwr_ex.c:173:6:HAL_PWREx_DisableBatteryCharging	4	static
../Drivers/STM32WLxx_HAL_Driver/Src/stm32wlxx_hal_pwr_ex.c:184:6:HAL_PWREx_EnableInternalWakeUpLine	4	static
../Drivers/STM32WLxx_HAL_Driver/Src/stm32wlxx_hal_pwr_ex.c:197:6:HAL_PWREx_DisableInternalWakeUpLine	4	static
../Drivers/STM32WLxx_HAL_Driver/Src/stm32wlxx_hal_pwr_ex.c:213:6:HAL_PWREx_SetRadioBusyPolarity	16	static
../Drivers/STM32WLxx_HAL_Driver/Src/stm32wlxx_hal_pwr_ex.c:231:6:HAL_PWREx_SetRadioBusyTrigger	16	static
../Drivers/STM32WLxx_HAL_Driver/Src/stm32wlxx_hal_pwr_ex.c:251:6:HAL_PWREx_SetRadioIRQTrigger	16	static
../Drivers/STM32WLxx_HAL_Driver/Src/stm32wlxx_hal_pwr_ex.c:306:19:HAL_PWREx_EnableGPIOPullUp	24	static
../Drivers/STM32WLxx_HAL_Driver/Src/stm32wlxx_hal_pwr_ex.c:354:19:HAL_PWREx_DisableGPIOPullUp	24	static
../Drivers/STM32WLxx_HAL_Driver/Src/stm32wlxx_hal_pwr_ex.c:404:19:HAL_PWREx_EnableGPIOPullDown	24	static
../Drivers/STM32WLxx_HAL_Driver/Src/stm32wlxx_hal_pwr_ex.c:452:19:HAL_PWREx_DisableGPIOPullDown	24	static
../Drivers/STM32WLxx_HAL_Driver/Src/stm32wlxx_hal_pwr_ex.c:491:6:HAL_PWREx_EnablePullUpPullDownConfig	4	static
../Drivers/STM32WLxx_HAL_Driver/Src/stm32wlxx_hal_pwr_ex.c:506:6:HAL_PWREx_DisablePullUpPullDownConfig	4	static
../Drivers/STM32WLxx_HAL_Driver/Src/stm32wlxx_hal_pwr_ex.c:591:6:HAL_PWREx_EnableSRAMRetention	8	static
../Drivers/STM32WLxx_HAL_Driver/Src/stm32wlxx_hal_pwr_ex.c:602:6:HAL_PWREx_DisableSRAMRetention	8	static
../Drivers/STM32WLxx_HAL_Driver/Src/stm32wlxx_hal_pwr_ex.c:618:6:HAL_PWREx_EnableFlashPowerDown	16	static
../Drivers/STM32WLxx_HAL_Driver/Src/stm32wlxx_hal_pwr_ex.c:653:6:HAL_PWREx_DisableFlashPowerDown	16	static
../Drivers/STM32WLxx_HAL_Driver/Src/stm32wlxx_hal_pwr_ex.c:673:6:HAL_PWREx_EnableWPVD	8	static
../Drivers/STM32WLxx_HAL_Driver/Src/stm32wlxx_hal_pwr_ex.c:686:6:HAL_PWREx_DisableWPVD	8	static
../Drivers/STM32WLxx_HAL_Driver/Src/stm32wlxx_hal_pwr_ex.c:703:6:HAL_PWREx_EnableBORPVD_ULP	4	static
../Drivers/STM32WLxx_HAL_Driver/Src/stm32wlxx_hal_pwr_ex.c:715:6:HAL_PWREx_DisableBORPVD_ULP	4	static
../Drivers/STM32WLxx_HAL_Driver/Src/stm32wlxx_hal_pwr_ex.c:726:6:HAL_PWREx_EnablePVM3	4	static
../Drivers/STM32WLxx_HAL_Driver/Src/stm32wlxx_hal_pwr_ex.c:735:6:HAL_PWREx_DisablePVM3	4	static
../Drivers/STM32WLxx_HAL_Driver/Src/stm32wlxx_hal_pwr_ex.c:752:19:HAL_PWREx_ConfigPVM	24	static
../Drivers/STM32WLxx_HAL_Driver/Src/stm32wlxx_hal_pwr_ex.c:808:6:HAL_PWREx_SetRadioEOL	16	static
../Drivers/STM32WLxx_HAL_Driver/Src/stm32wlxx_hal_pwr_ex.c:823:6:HAL_PWREx_SMPS_SetMode	16	static
../Drivers/STM32WLxx_HAL_Driver/Src/stm32wlxx_hal_pwr_ex.c:839:10:HAL_PWREx_SMPS_GetEffectiveMode	4	static
../Drivers/STM32WLxx_HAL_Driver/Src/stm32wlxx_hal_pwr_ex.c:854:6:HAL_PWREx_EnableLowPowerRunMode	4	static
../Drivers/STM32WLxx_HAL_Driver/Src/stm32wlxx_hal_pwr_ex.c:868:19:HAL_PWREx_DisableLowPowerRunMode	16	static
../Drivers/STM32WLxx_HAL_Driver/Src/stm32wlxx_hal_pwr_ex.c:915:6:HAL_PWREx_EnterSTOP0Mode	16	static,ignoring_inline_asm
../Drivers/STM32WLxx_HAL_Driver/Src/stm32wlxx_hal_pwr_ex.c:974:6:HAL_PWREx_EnterSTOP1Mode	16	static,ignoring_inline_asm
../Drivers/STM32WLxx_HAL_Driver/Src/stm32wlxx_hal_pwr_ex.c:1033:6:HAL_PWREx_EnterSTOP2Mode	16	static,ignoring_inline_asm
../Drivers/STM32WLxx_HAL_Driver/Src/stm32wlxx_hal_pwr_ex.c:1078:6:HAL_PWREx_EnterSHUTDOWNMode	4	static,ignoring_inline_asm
../Drivers/STM32WLxx_HAL_Driver/Src/stm32wlxx_hal_pwr_ex.c:1113:6:HAL_PWREx_PVD_PVM_IRQHandler	8	static
../Drivers/STM32WLxx_HAL_Driver/Src/stm32wlxx_hal_pwr_ex.c:1139:13:HAL_PWREx_PVM3Callback	4	static
