../Drivers/STM32WLxx_HAL_Driver/Inc/stm32wlxx_ll_rcc.h:2169:26:LL_RCC_GetUSARTClockSource	16	static
../Drivers/STM32WLxx_HAL_Driver/Inc/stm32wlxx_ll_rcc.h:2200:26:LL_RCC_GetLPUARTClockSource	16	static
../Drivers/STM32WLxx_HAL_Driver/Src/stm32wlxx_hal_uart.c:302:19:HAL_UART_Init	16	static
../Drivers/STM32WLxx_HAL_Driver/Src/stm32wlxx_hal_uart.c:375:19:HAL_HalfDuplex_Init	16	static
../Drivers/STM32WLxx_HAL_Driver/Src/stm32wlxx_hal_uart.c:448:19:HAL_LIN_Init	16	static
../Drivers/STM32WLxx_HAL_Driver/Src/stm32wlxx_hal_uart.c:545:19:HAL_MultiProcessor_Init	24	static
../Drivers/STM32WLxx_HAL_Driver/Src/stm32wlxx_hal_uart.c:619:19:HAL_UART_DeInit	16	static
../Drivers/STM32WLxx_HAL_Driver/Src/stm32wlxx_hal_uart.c:665:13:HAL_UART_MspInit	16	static
../Drivers/STM32WLxx_HAL_Driver/Src/stm32wlxx_hal_uart.c:680:13:HAL_UART_MspDeInit	16	static
../Drivers/STM32WLxx_HAL_Driver/Src/stm32wlxx_hal_uart.c:1121:19:HAL_UART_Transmit	48	static
../Drivers/STM32WLxx_HAL_Driver/Src/stm32wlxx_hal_uart.c:1229:19:HAL_UART_Receive	48	static
../Drivers/STM32WLxx_HAL_Driver/Src/stm32wlxx_hal_uart.c:1334:19:HAL_UART_Transmit_IT	72	static,ignoring_inline_asm
../Drivers/STM32WLxx_HAL_Driver/Src/stm32wlxx_hal_uart.c:1427:19:HAL_UART_Receive_IT	48	static,ignoring_inline_asm
../Drivers/STM32WLxx_HAL_Driver/Src/stm32wlxx_hal_uart.c:1489:19:HAL_UART_Transmit_DMA	48	static,ignoring_inline_asm
../Drivers/STM32WLxx_HAL_Driver/Src/stm32wlxx_hal_uart.c:1584:19:HAL_UART_Receive_DMA	48	static,ignoring_inline_asm
../Drivers/STM32WLxx_HAL_Driver/Src/stm32wlxx_hal_uart.c:1635:19:HAL_UART_DMAPause	120	static,ignoring_inline_asm
../Drivers/STM32WLxx_HAL_Driver/Src/stm32wlxx_hal_uart.c:1669:19:HAL_UART_DMAResume	112	static,ignoring_inline_asm
../Drivers/STM32WLxx_HAL_Driver/Src/stm32wlxx_hal_uart.c:1704:19:HAL_UART_DMAStop	72	static,ignoring_inline_asm
../Drivers/STM32WLxx_HAL_Driver/Src/stm32wlxx_hal_uart.c:1779:19:HAL_UART_Abort	136	static,ignoring_inline_asm
../Drivers/STM32WLxx_HAL_Driver/Src/stm32wlxx_hal_uart.c:1880:19:HAL_UART_AbortTransmit	88	static,ignoring_inline_asm
../Drivers/STM32WLxx_HAL_Driver/Src/stm32wlxx_hal_uart.c:1938:19:HAL_UART_AbortReceive	112	static,ignoring_inline_asm
../Drivers/STM32WLxx_HAL_Driver/Src/stm32wlxx_hal_uart.c:2005:19:HAL_UART_Abort_IT	144	static,ignoring_inline_asm
../Drivers/STM32WLxx_HAL_Driver/Src/stm32wlxx_hal_uart.c:2157:19:HAL_UART_AbortTransmit_IT	88	static,ignoring_inline_asm
../Drivers/STM32WLxx_HAL_Driver/Src/stm32wlxx_hal_uart.c:2247:19:HAL_UART_AbortReceive_IT	112	static,ignoring_inline_asm
../Drivers/STM32WLxx_HAL_Driver/Src/stm32wlxx_hal_uart.c:2339:6:HAL_UART_IRQHandler	240	static,ignoring_inline_asm
../Drivers/STM32WLxx_HAL_Driver/Src/stm32wlxx_hal_uart.c:2658:13:HAL_UART_TxCpltCallback	16	static
../Drivers/STM32WLxx_HAL_Driver/Src/stm32wlxx_hal_uart.c:2673:13:HAL_UART_TxHalfCpltCallback	16	static
../Drivers/STM32WLxx_HAL_Driver/Src/stm32wlxx_hal_uart.c:2688:13:HAL_UART_RxCpltCallback	16	static
../Drivers/STM32WLxx_HAL_Driver/Src/stm32wlxx_hal_uart.c:2703:13:HAL_UART_RxHalfCpltCallback	16	static
../Drivers/STM32WLxx_HAL_Driver/Src/stm32wlxx_hal_uart.c:2718:13:HAL_UART_ErrorCallback	16	static
../Drivers/STM32WLxx_HAL_Driver/Src/stm32wlxx_hal_uart.c:2733:13:HAL_UART_AbortCpltCallback	16	static
../Drivers/STM32WLxx_HAL_Driver/Src/stm32wlxx_hal_uart.c:2748:13:HAL_UART_AbortTransmitCpltCallback	16	static
../Drivers/STM32WLxx_HAL_Driver/Src/stm32wlxx_hal_uart.c:2763:13:HAL_UART_AbortReceiveCpltCallback	16	static
../Drivers/STM32WLxx_HAL_Driver/Src/stm32wlxx_hal_uart.c:2780:13:HAL_UARTEx_RxEventCallback	16	static
../Drivers/STM32WLxx_HAL_Driver/Src/stm32wlxx_hal_uart.c:2828:6:HAL_UART_ReceiverTimeout_Config	16	static
../Drivers/STM32WLxx_HAL_Driver/Src/stm32wlxx_hal_uart.c:2843:19:HAL_UART_EnableReceiverTimeout	16	static
../Drivers/STM32WLxx_HAL_Driver/Src/stm32wlxx_hal_uart.c:2881:19:HAL_UART_DisableReceiverTimeout	16	static
../Drivers/STM32WLxx_HAL_Driver/Src/stm32wlxx_hal_uart.c:2919:19:HAL_MultiProcessor_EnableMuteMode	40	static,ignoring_inline_asm
../Drivers/STM32WLxx_HAL_Driver/Src/stm32wlxx_hal_uart.c:2939:19:HAL_MultiProcessor_DisableMuteMode	40	static,ignoring_inline_asm
../Drivers/STM32WLxx_HAL_Driver/Src/stm32wlxx_hal_uart.c:2959:6:HAL_MultiProcessor_EnterMuteMode	16	static
../Drivers/STM32WLxx_HAL_Driver/Src/stm32wlxx_hal_uart.c:2969:19:HAL_HalfDuplex_EnableTransmitter	64	static,ignoring_inline_asm
../Drivers/STM32WLxx_HAL_Driver/Src/stm32wlxx_hal_uart.c:2992:19:HAL_HalfDuplex_EnableReceiver	64	static,ignoring_inline_asm
../Drivers/STM32WLxx_HAL_Driver/Src/stm32wlxx_hal_uart.c:3016:19:HAL_LIN_SendBreak	16	static
../Drivers/STM32WLxx_HAL_Driver/Src/stm32wlxx_hal_uart.c:3061:23:HAL_UART_GetState	24	static
../Drivers/STM32WLxx_HAL_Driver/Src/stm32wlxx_hal_uart.c:3077:10:HAL_UART_GetError	16	static
../Drivers/STM32WLxx_HAL_Driver/Src/stm32wlxx_hal_uart.c:3123:19:UART_SetConfig	80	static
../Drivers/STM32WLxx_HAL_Driver/Src/stm32wlxx_hal_uart.c:3340:6:UART_AdvFeatureConfig	16	static
../Drivers/STM32WLxx_HAL_Driver/Src/stm32wlxx_hal_uart.c:3414:19:UART_CheckIdleState	32	static
../Drivers/STM32WLxx_HAL_Driver/Src/stm32wlxx_hal_uart.c:3466:19:UART_WaitOnFlagUntilTimeout	120	static,ignoring_inline_asm
../Drivers/STM32WLxx_HAL_Driver/Src/stm32wlxx_hal_uart.c:3530:19:UART_Start_Receive_IT	144	static,ignoring_inline_asm
../Drivers/STM32WLxx_HAL_Driver/Src/stm32wlxx_hal_uart.c:3606:19:UART_Start_Receive_DMA	96	static,ignoring_inline_asm
../Drivers/STM32WLxx_HAL_Driver/Src/stm32wlxx_hal_uart.c:3666:13:UART_EndTxTransfer	64	static,ignoring_inline_asm
../Drivers/STM32WLxx_HAL_Driver/Src/stm32wlxx_hal_uart.c:3682:13:UART_EndRxTransfer	88	static,ignoring_inline_asm
../Drivers/STM32WLxx_HAL_Driver/Src/stm32wlxx_hal_uart.c:3708:13:UART_DMATransmitCplt	72	static,ignoring_inline_asm
../Drivers/STM32WLxx_HAL_Driver/Src/stm32wlxx_hal_uart.c:3742:13:UART_DMATxHalfCplt	24	static
../Drivers/STM32WLxx_HAL_Driver/Src/stm32wlxx_hal_uart.c:3760:13:UART_DMAReceiveCplt	120	static,ignoring_inline_asm
../Drivers/STM32WLxx_HAL_Driver/Src/stm32wlxx_hal_uart.c:3817:13:UART_DMARxHalfCplt	24	static
../Drivers/STM32WLxx_HAL_Driver/Src/stm32wlxx_hal_uart.c:3851:13:UART_DMAError	32	static
../Drivers/STM32WLxx_HAL_Driver/Src/stm32wlxx_hal_uart.c:3891:13:UART_DMAAbortOnError	24	static
../Drivers/STM32WLxx_HAL_Driver/Src/stm32wlxx_hal_uart.c:3914:13:UART_DMATxAbortCallback	24	static
../Drivers/STM32WLxx_HAL_Driver/Src/stm32wlxx_hal_uart.c:3969:13:UART_DMARxAbortCallback	24	static
../Drivers/STM32WLxx_HAL_Driver/Src/stm32wlxx_hal_uart.c:4021:13:UART_DMATxOnlyAbortCallback	24	static
../Drivers/STM32WLxx_HAL_Driver/Src/stm32wlxx_hal_uart.c:4054:13:UART_DMARxOnlyAbortCallback	24	static
../Drivers/STM32WLxx_HAL_Driver/Src/stm32wlxx_hal_uart.c:4087:13:UART_TxISR_8BIT	64	static,ignoring_inline_asm
../Drivers/STM32WLxx_HAL_Driver/Src/stm32wlxx_hal_uart.c:4116:13:UART_TxISR_16BIT	72	static,ignoring_inline_asm
../Drivers/STM32WLxx_HAL_Driver/Src/stm32wlxx_hal_uart.c:4148:13:UART_TxISR_8BIT_FIFOEN	72	static,ignoring_inline_asm
../Drivers/STM32WLxx_HAL_Driver/Src/stm32wlxx_hal_uart.c:4188:13:UART_TxISR_16BIT_FIFOEN	72	static,ignoring_inline_asm
../Drivers/STM32WLxx_HAL_Driver/Src/stm32wlxx_hal_uart.c:4229:13:UART_EndTransmit_IT	40	static,ignoring_inline_asm
../Drivers/STM32WLxx_HAL_Driver/Src/stm32wlxx_hal_uart.c:4254:13:UART_RxISR_8BIT	96	static,ignoring_inline_asm
../Drivers/STM32WLxx_HAL_Driver/Src/stm32wlxx_hal_uart.c:4331:13:UART_RxISR_16BIT	96	static,ignoring_inline_asm
../Drivers/STM32WLxx_HAL_Driver/Src/stm32wlxx_hal_uart.c:4410:13:UART_RxISR_8BIT_FIFOEN	160	static,ignoring_inline_asm
../Drivers/STM32WLxx_HAL_Driver/Src/stm32wlxx_hal_uart.c:4558:13:UART_RxISR_16BIT_FIFOEN	168	static,ignoring_inline_asm
