../Drivers/STM32WLxx_HAL_Driver/Inc/stm32wlxx_ll_bus.h:346:22:LL_AHB1_GRP1_ForceReset	16	static
../Drivers/STM32WLxx_HAL_Driver/Inc/stm32wlxx_ll_bus.h:365:22:LL_AHB1_GRP1_ReleaseReset	16	static
../Drivers/STM32WLxx_HAL_Driver/Inc/stm32wlxx_ll_bus.h:508:22:LL_AHB2_GRP1_ForceReset	16	static
../Drivers/STM32WLxx_HAL_Driver/Inc/stm32wlxx_ll_bus.h:527:22:LL_AHB2_GRP1_ReleaseReset	16	static
../Drivers/STM32WLxx_HAL_Driver/Inc/stm32wlxx_ll_bus.h:763:22:LL_AHB3_GRP1_ForceReset	16	static
../Drivers/STM32WLxx_HAL_Driver/Inc/stm32wlxx_ll_bus.h:806:22:LL_AHB3_GRP1_ReleaseReset	16	static
../Drivers/STM32WLxx_HAL_Driver/Inc/stm32wlxx_ll_bus.h:1062:22:LL_APB1_GRP1_ForceReset	16	static
../Drivers/STM32WLxx_HAL_Driver/Inc/stm32wlxx_ll_bus.h:1079:22:LL_APB1_GRP2_ForceReset	16	static
../Drivers/STM32WLxx_HAL_Driver/Inc/stm32wlxx_ll_bus.h:1107:22:LL_APB1_GRP1_ReleaseReset	16	static
../Drivers/STM32WLxx_HAL_Driver/Inc/stm32wlxx_ll_bus.h:1124:22:LL_APB1_GRP2_ReleaseReset	16	static
../Drivers/STM32WLxx_HAL_Driver/Inc/stm32wlxx_ll_bus.h:1374:22:LL_APB2_GRP1_ForceReset	16	static
../Drivers/STM32WLxx_HAL_Driver/Inc/stm32wlxx_ll_bus.h:1397:22:LL_APB2_GRP1_ReleaseReset	16	static
../Drivers/STM32WLxx_HAL_Driver/Inc/stm32wlxx_ll_bus.h:1529:22:LL_APB3_GRP1_ForceReset	16	static
../Drivers/STM32WLxx_HAL_Driver/Inc/stm32wlxx_ll_bus.h:1541:22:LL_APB3_GRP1_ReleaseReset	16	static
../Drivers/STM32WLxx_HAL_Driver/Inc/stm32wlxx_ll_system.h:460:22:LL_SYSCFG_EnableAnalogBooster	4	static
../Drivers/STM32WLxx_HAL_Driver/Inc/stm32wlxx_ll_system.h:479:22:LL_SYSCFG_DisableAnalogBooster	4	static
../Drivers/STM32WLxx_HAL_Driver/Inc/stm32wlxx_ll_system.h:604:22:LL_SYSCFG_EnableSRAM2Erase	4	static
../Drivers/STM32WLxx_HAL_Driver/Inc/stm32wlxx_ll_system.h:747:22:LL_SYSCFG_UnlockSRAM2WRP	4	static
../Drivers/STM32WLxx_HAL_Driver/Inc/stm32wlxx_ll_system.h:1161:26:LL_DBGMCU_GetDeviceID	4	static
../Drivers/STM32WLxx_HAL_Driver/Inc/stm32wlxx_ll_system.h:1172:26:LL_DBGMCU_GetRevisionID	4	static
../Drivers/STM32WLxx_HAL_Driver/Inc/stm32wlxx_ll_system.h:1182:22:LL_DBGMCU_EnableDBGSleepMode	4	static
../Drivers/STM32WLxx_HAL_Driver/Inc/stm32wlxx_ll_system.h:1192:22:LL_DBGMCU_DisableDBGSleepMode	4	static
../Drivers/STM32WLxx_HAL_Driver/Inc/stm32wlxx_ll_system.h:1204:22:LL_DBGMCU_EnableDBGStopMode	4	static
../Drivers/STM32WLxx_HAL_Driver/Inc/stm32wlxx_ll_system.h:1214:22:LL_DBGMCU_DisableDBGStopMode	4	static
../Drivers/STM32WLxx_HAL_Driver/Inc/stm32wlxx_ll_system.h:1226:22:LL_DBGMCU_EnableDBGStandbyMode	4	static
../Drivers/STM32WLxx_HAL_Driver/Inc/stm32wlxx_ll_system.h:1236:22:LL_DBGMCU_DisableDBGStandbyMode	4	static
../Drivers/STM32WLxx_HAL_Driver/Inc/stm32wlxx_ll_system.h:1450:22:LL_VREFBUF_Enable	4	static
../Drivers/STM32WLxx_HAL_Driver/Inc/stm32wlxx_ll_system.h:1460:22:LL_VREFBUF_Disable	4	static
../Drivers/STM32WLxx_HAL_Driver/Inc/stm32wlxx_ll_system.h:1493:22:LL_VREFBUF_SetVoltageScaling	16	static
../Drivers/STM32WLxx_HAL_Driver/Inc/stm32wlxx_ll_system.h:1559:22:LL_VREFBUF_SetTrimming	16	static
../Drivers/STM32WLxx_HAL_Driver/Src/stm32wlxx_hal.c:141:19:HAL_Init	16	static
../Drivers/STM32WLxx_HAL_Driver/Src/stm32wlxx_hal.c:197:19:HAL_DeInit	8	static
../Drivers/STM32WLxx_HAL_Driver/Src/stm32wlxx_hal.c:229:13:HAL_MspInit	4	static
../Drivers/STM32WLxx_HAL_Driver/Src/stm32wlxx_hal.c:240:13:HAL_MspDeInit	4	static
../Drivers/STM32WLxx_HAL_Driver/Src/stm32wlxx_hal.c:263:26:HAL_InitTick	24	static
../Drivers/STM32WLxx_HAL_Driver/Src/stm32wlxx_hal.c:336:13:HAL_IncTick	4	static
../Drivers/STM32WLxx_HAL_Driver/Src/stm32wlxx_hal.c:347:17:HAL_GetTick	4	static
../Drivers/STM32WLxx_HAL_Driver/Src/stm32wlxx_hal.c:356:10:HAL_GetTickPrio	4	static
../Drivers/STM32WLxx_HAL_Driver/Src/stm32wlxx_hal.c:365:19:HAL_SetTickFreq	24	static
../Drivers/STM32WLxx_HAL_Driver/Src/stm32wlxx_hal.c:396:21:HAL_GetTickFreq	4	static
../Drivers/STM32WLxx_HAL_Driver/Src/stm32wlxx_hal.c:412:13:HAL_Delay	24	static
../Drivers/STM32WLxx_HAL_Driver/Src/stm32wlxx_hal.c:439:13:HAL_SuspendTick	4	static
../Drivers/STM32WLxx_HAL_Driver/Src/stm32wlxx_hal.c:455:13:HAL_ResumeTick	4	static
../Drivers/STM32WLxx_HAL_Driver/Src/stm32wlxx_hal.c:465:10:HAL_GetHalVersion	4	static
../Drivers/STM32WLxx_HAL_Driver/Src/stm32wlxx_hal.c:476:10:HAL_GetREVID	8	static
../Drivers/STM32WLxx_HAL_Driver/Src/stm32wlxx_hal.c:485:10:HAL_GetDEVID	8	static
../Drivers/STM32WLxx_HAL_Driver/Src/stm32wlxx_hal.c:495:10:HAL_GetUIDw0	4	static
../Drivers/STM32WLxx_HAL_Driver/Src/stm32wlxx_hal.c:504:10:HAL_GetUIDw1	4	static
../Drivers/STM32WLxx_HAL_Driver/Src/stm32wlxx_hal.c:513:10:HAL_GetUIDw2	4	static
../Drivers/STM32WLxx_HAL_Driver/Src/stm32wlxx_hal.c:544:6:HAL_DBGMCU_EnableDBGSleepMode	8	static
../Drivers/STM32WLxx_HAL_Driver/Src/stm32wlxx_hal.c:553:6:HAL_DBGMCU_DisableDBGSleepMode	8	static
../Drivers/STM32WLxx_HAL_Driver/Src/stm32wlxx_hal.c:564:6:HAL_DBGMCU_EnableDBGStopMode	8	static
../Drivers/STM32WLxx_HAL_Driver/Src/stm32wlxx_hal.c:573:6:HAL_DBGMCU_DisableDBGStopMode	8	static
../Drivers/STM32WLxx_HAL_Driver/Src/stm32wlxx_hal.c:584:6:HAL_DBGMCU_EnableDBGStandbyMode	8	static
../Drivers/STM32WLxx_HAL_Driver/Src/stm32wlxx_hal.c:593:6:HAL_DBGMCU_DisableDBGStandbyMode	8	static
../Drivers/STM32WLxx_HAL_Driver/Src/stm32wlxx_hal.c:626:6:HAL_SYSCFG_SRAM2Erase	8	static
../Drivers/STM32WLxx_HAL_Driver/Src/stm32wlxx_hal.c:646:6:HAL_SYSCFG_VREFBUF_VoltageScalingConfig	24	static
../Drivers/STM32WLxx_HAL_Driver/Src/stm32wlxx_hal.c:677:6:HAL_SYSCFG_VREFBUF_HighImpedanceConfig	16	static
../Drivers/STM32WLxx_HAL_Driver/Src/stm32wlxx_hal.c:698:6:HAL_SYSCFG_VREFBUF_TrimmingConfig	16	static
../Drivers/STM32WLxx_HAL_Driver/Src/stm32wlxx_hal.c:711:19:HAL_SYSCFG_EnableVREFBUF	16	static
../Drivers/STM32WLxx_HAL_Driver/Src/stm32wlxx_hal.c:737:6:HAL_SYSCFG_DisableVREFBUF	8	static
../Drivers/STM32WLxx_HAL_Driver/Src/stm32wlxx_hal.c:747:6:HAL_SYSCFG_EnableIOAnalogSwitchBooster	8	static
../Drivers/STM32WLxx_HAL_Driver/Src/stm32wlxx_hal.c:757:6:HAL_SYSCFG_DisableIOAnalogSwitchBooster	8	static
