../Drivers/STM32WLxx_HAL_Driver/Src/stm32wlxx_hal_flash_ex.c:174:19:HAL_FLASHEx_Erase	24	static
../Drivers/STM32WLxx_HAL_Driver/Src/stm32wlxx_hal_flash_ex.c:246:19:HAL_FLASHEx_Erase_IT	24	static
../Drivers/STM32WLxx_HAL_Driver/Src/stm32wlxx_hal_flash_ex.c:310:19:HAL_FLASHEx_OBProgram	24	static
../Drivers/STM32WLxx_HAL_Driver/Src/stm32wlxx_hal_flash_ex.c:413:6:HAL_FLASHEx_OBGetConfig	32	static
../Drivers/STM32WLxx_HAL_Driver/Src/stm32wlxx_hal_flash_ex.c:460:10:HAL_FLASHEx_FlashEmptyCheck	4	static
../Drivers/STM32WLxx_HAL_Driver/Src/stm32wlxx_hal_flash_ex.c:477:6:HAL_FLASHEx_ForceFlashEmpty	16	static
../Drivers/STM32WLxx_HAL_Driver/Src/stm32wlxx_hal_flash_ex.c:493:6:HAL_FLASHEx_SuspendOperation	4	static
../Drivers/STM32WLxx_HAL_Driver/Src/stm32wlxx_hal_flash_ex.c:511:6:HAL_FLASHEx_AllowOperation	4	static
../Drivers/STM32WLxx_HAL_Driver/Src/stm32wlxx_hal_flash_ex.c:531:10:HAL_FLASHEx_IsOperationSuspended	16	static
../Drivers/STM32WLxx_HAL_Driver/Src/stm32wlxx_hal_flash_ex.c:631:13:FLASH_MassErase	4	static
../Drivers/STM32WLxx_HAL_Driver/Src/stm32wlxx_hal_flash_ex.c:647:6:FLASH_PageErase	16	static
../Drivers/STM32WLxx_HAL_Driver/Src/stm32wlxx_hal_flash_ex.c:664:6:FLASH_FlushCaches	4	static
../Drivers/STM32WLxx_HAL_Driver/Src/stm32wlxx_hal_flash_ex.c:696:13:FLASH_AcknowledgePageErase	4	static
../Drivers/STM32WLxx_HAL_Driver/Src/stm32wlxx_hal_flash_ex.c:728:13:FLASH_OB_WRPConfig	24	static
../Drivers/STM32WLxx_HAL_Driver/Src/stm32wlxx_hal_flash_ex.c:820:13:FLASH_OB_OptrConfig	32	static
../Drivers/STM32WLxx_HAL_Driver/Src/stm32wlxx_hal_flash_ex.c:850:13:FLASH_OB_PCROP1AConfig	40	static
../Drivers/STM32WLxx_HAL_Driver/Src/stm32wlxx_hal_flash_ex.c:901:13:FLASH_OB_PCROP1BConfig	24	static
../Drivers/STM32WLxx_HAL_Driver/Src/stm32wlxx_hal_flash_ex.c:1056:13:FLASH_OB_GetWRP	24	static
../Drivers/STM32WLxx_HAL_Driver/Src/stm32wlxx_hal_flash_ex.c:1082:17:FLASH_OB_GetRDP	16	static
../Drivers/STM32WLxx_HAL_Driver/Src/stm32wlxx_hal_flash_ex.c:1136:17:FLASH_OB_GetUser	16	static
../Drivers/STM32WLxx_HAL_Driver/Src/stm32wlxx_hal_flash_ex.c:1157:13:FLASH_OB_GetPCROP	32	static
../Drivers/STM32WLxx_HAL_Driver/Src/stm32wlxx_hal_flash_ex.c:1289:26:FLASH_OB_ProceedWriteOperation	16	static
