../Drivers/STM32WLxx_HAL_Driver/Src/stm32wlxx_hal_rtc.c:242:19:HAL_RTC_Init	24	static
../Drivers/STM32WLxx_HAL_Driver/Src/stm32wlxx_hal_rtc.c:352:19:HAL_RTC_DeInit	24	static
../Drivers/STM32WLxx_HAL_Driver/Src/stm32wlxx_hal_rtc.c:683:13:HAL_RTC_MspInit	16	static
../Drivers/STM32WLxx_HAL_Driver/Src/stm32wlxx_hal_rtc.c:698:13:HAL_RTC_MspDeInit	16	static
../Drivers/STM32WLxx_HAL_Driver/Src/stm32wlxx_hal_rtc.c:739:19:HAL_RTC_SetTime	40	static
../Drivers/STM32WLxx_HAL_Driver/Src/stm32wlxx_hal_rtc.c:863:19:HAL_RTC_GetTime	32	static
../Drivers/STM32WLxx_HAL_Driver/Src/stm32wlxx_hal_rtc.c:911:19:HAL_RTC_SetDate	40	static
../Drivers/STM32WLxx_HAL_Driver/Src/stm32wlxx_hal_rtc.c:995:19:HAL_RTC_GetDate	32	static
../Drivers/STM32WLxx_HAL_Driver/Src/stm32wlxx_hal_rtc.c:1029:6:HAL_RTC_DST_Add1Hour	16	static
../Drivers/STM32WLxx_HAL_Driver/Src/stm32wlxx_hal_rtc.c:1043:6:HAL_RTC_DST_Sub1Hour	16	static
../Drivers/STM32WLxx_HAL_Driver/Src/stm32wlxx_hal_rtc.c:1057:6:HAL_RTC_DST_SetStoreOperation	16	static
../Drivers/STM32WLxx_HAL_Driver/Src/stm32wlxx_hal_rtc.c:1070:6:HAL_RTC_DST_ClearStoreOperation	16	static
../Drivers/STM32WLxx_HAL_Driver/Src/stm32wlxx_hal_rtc.c:1083:10:HAL_RTC_DST_ReadStoreOperation	16	static
../Drivers/STM32WLxx_HAL_Driver/Src/stm32wlxx_hal_rtc.c:1122:19:HAL_RTC_SetAlarm	40	static
../Drivers/STM32WLxx_HAL_Driver/Src/stm32wlxx_hal_rtc.c:1327:19:HAL_RTC_SetAlarm_IT	40	static
../Drivers/STM32WLxx_HAL_Driver/Src/stm32wlxx_hal_rtc.c:1527:19:HAL_RTC_DeactivateAlarm	16	static
../Drivers/STM32WLxx_HAL_Driver/Src/stm32wlxx_hal_rtc.c:1594:19:HAL_RTC_GetAlarm	32	static
../Drivers/STM32WLxx_HAL_Driver/Src/stm32wlxx_hal_rtc.c:1656:6:HAL_RTC_AlarmIRQHandler	24	static
../Drivers/STM32WLxx_HAL_Driver/Src/stm32wlxx_hal_rtc.c:1695:13:HAL_RTC_AlarmAEventCallback	16	static
../Drivers/STM32WLxx_HAL_Driver/Src/stm32wlxx_hal_rtc.c:1711:19:HAL_RTC_PollForAlarmAEvent	24	static
../Drivers/STM32WLxx_HAL_Driver/Src/stm32wlxx_hal_rtc.c:1769:19:HAL_RTC_WaitForSynchro	24	static
../Drivers/STM32WLxx_HAL_Driver/Src/stm32wlxx_hal_rtc.c:1814:21:HAL_RTC_GetState	16	static
../Drivers/STM32WLxx_HAL_Driver/Src/stm32wlxx_hal_rtc.c:1837:19:RTC_EnterInitMode	24	static
../Drivers/STM32WLxx_HAL_Driver/Src/stm32wlxx_hal_rtc.c:1869:19:RTC_ExitInitMode	24	static
../Drivers/STM32WLxx_HAL_Driver/Src/stm32wlxx_hal_rtc.c:1906:9:RTC_ByteToBcd2	24	static
../Drivers/STM32WLxx_HAL_Driver/Src/stm32wlxx_hal_rtc.c:1925:9:RTC_Bcd2ToByte	24	static
