../Middlewares/Third_Party/LoRaWAN/Mac/Region/Region.c:590:6:RegionIsActive	0	static
../Middlewares/Third_Party/LoRaWAN/Mac/Region/Region.c:611:12:RegionGetPhyParam	8	static
../Middlewares/Third_Party/LoRaWAN/Mac/Region/Region.c:633:6:RegionSetBandTxDone	0	static
../Middlewares/Third_Party/LoRaWAN/Mac/Region/Region.c:654:6:RegionInitDefaults	0	static
../Middlewares/Third_Party/LoRaWAN/Mac/Region/Region.c:675:6:RegionVerify	0	static
../Middlewares/Third_Party/LoRaWAN/Mac/Region/Region.c:696:6:RegionApplyCFList	0	static
../Middlewares/Third_Party/LoRaWAN/Mac/Region/Region.c:717:6:RegionChanMaskSet	0	static
../Middlewares/Third_Party/LoRaWAN/Mac/Region/Region.c:738:6:RegionComputeRxWindowParameters	4	static
../Middlewares/Third_Party/LoRaWAN/Mac/Region/Region.c:759:6:RegionRxConfig	0	static
../Middlewares/Third_Party/LoRaWAN/Mac/Region/Region.c:780:6:RegionTxConfig	4	static
../Middlewares/Third_Party/LoRaWAN/Mac/Region/Region.c:801:9:RegionLinkAdrReq	8	static
../Middlewares/Third_Party/LoRaWAN/Mac/Region/Region.c:822:9:RegionRxParamSetupReq	0	static
../Middlewares/Third_Party/LoRaWAN/Mac/Region/Region.c:843:8:RegionNewChannelReq	0	static
../Middlewares/Third_Party/LoRaWAN/Mac/Region/Region.c:864:8:RegionTxParamSetupReq	0	static
../Middlewares/Third_Party/LoRaWAN/Mac/Region/Region.c:885:8:RegionDlChannelReq	0	static
../Middlewares/Third_Party/LoRaWAN/Mac/Region/Region.c:906:8:RegionAlternateDr	0	static
../Middlewares/Third_Party/LoRaWAN/Mac/Region/Region.c:927:17:RegionNextChannel	4	static
../Middlewares/Third_Party/LoRaWAN/Mac/Region/Region.c:948:17:RegionChannelAdd	0	static
../Middlewares/Third_Party/LoRaWAN/Mac/Region/Region.c:969:6:RegionChannelsRemove	0	static
../Middlewares/Third_Party/LoRaWAN/Mac/Region/Region.c:991:6:RegionSetContinuousWave	0	static
../Middlewares/Third_Party/LoRaWAN/Mac/Region/Region.c:1013:9:RegionApplyDrOffset	4	static
../Middlewares/Third_Party/LoRaWAN/Mac/Region/Region.c:1034:6:RegionRxBeaconSetup	0	static
../Middlewares/Third_Party/LoRaWAN/Mac/Region/Region.c:1055:11:RegionGetVersion	0	static
