../Middlewares/Third_Party/LoRaWAN/Mac/Region/RegionRU864.c:95:12:RegionRU864GetPhyParam	8	static
../Middlewares/Third_Party/LoRaWAN/Mac/Region/RegionRU864.c:314:6:RegionRU864SetBandTxDone	0	static
../Middlewares/Third_Party/LoRaWAN/Mac/Region/RegionRU864.c:328:6:RegionRU864InitDefaults	0	static
../Middlewares/Third_Party/LoRaWAN/Mac/Region/RegionRU864.c:393:6:RegionRU864Verify	0	static
../Middlewares/Third_Party/LoRaWAN/Mac/Region/RegionRU864.c:432:6:RegionRU864ApplyCFList	0	static
../Middlewares/Third_Party/LoRaWAN/Mac/Region/RegionRU864.c:493:6:RegionRU864ChanMaskSet	0	static
../Middlewares/Third_Party/LoRaWAN/Mac/Region/RegionRU864.c:517:6:RegionRU864ComputeRxWindowParameters	0	static
../Middlewares/Third_Party/LoRaWAN/Mac/Region/RegionRU864.c:539:6:RegionRU864RxConfig	0	static
../Middlewares/Third_Party/LoRaWAN/Mac/Region/RegionRU864.c:605:6:RegionRU864TxConfig	0	static
../Middlewares/Third_Party/LoRaWAN/Mac/Region/RegionRU864.c:651:9:RegionRU864LinkAdrReq	0	static
../Middlewares/Third_Party/LoRaWAN/Mac/Region/RegionRU864.c:758:9:RegionRU864RxParamSetupReq	0	static
../Middlewares/Third_Party/LoRaWAN/Mac/Region/RegionRU864.c:785:8:RegionRU864NewChannelReq	0	static
../Middlewares/Third_Party/LoRaWAN/Mac/Region/RegionRU864.c:838:8:RegionRU864TxParamSetupReq	0	static
../Middlewares/Third_Party/LoRaWAN/Mac/Region/RegionRU864.c:844:8:RegionRU864DlChannelReq	0	static
../Middlewares/Third_Party/LoRaWAN/Mac/Region/RegionRU864.c:871:8:RegionRU864AlternateDr	0	static
../Middlewares/Third_Party/LoRaWAN/Mac/Region/RegionRU864.c:880:17:RegionRU864NextChannel	0	static
../Middlewares/Third_Party/LoRaWAN/Mac/Region/RegionRU864.c:939:17:RegionRU864ChannelAdd	0	static
../Middlewares/Third_Party/LoRaWAN/Mac/Region/RegionRU864.c:1002:6:RegionRU864ChannelsRemove	0	static
../Middlewares/Third_Party/LoRaWAN/Mac/Region/RegionRU864.c:1022:6:RegionRU864SetContinuousWave	0	static
../Middlewares/Third_Party/LoRaWAN/Mac/Region/RegionRU864.c:1037:9:RegionRU864ApplyDrOffset	0	static
../Middlewares/Third_Party/LoRaWAN/Mac/Region/RegionRU864.c:1052:6:RegionRU864RxBeaconSetup	0	static
