../Middlewares/Third_Party/LoRaWAN/Mac/Region/RegionEU433.c:94:12:RegionEU433GetPhyParam	8	static
../Middlewares/Third_Party/LoRaWAN/Mac/Region/RegionEU433.c:312:6:RegionEU433SetBandTxDone	0	static
../Middlewares/Third_Party/LoRaWAN/Mac/Region/RegionEU433.c:325:6:RegionEU433InitDefaults	0	static
../Middlewares/Third_Party/LoRaWAN/Mac/Region/RegionEU433.c:392:6:RegionEU433Verify	0	static
../Middlewares/Third_Party/LoRaWAN/Mac/Region/RegionEU433.c:431:6:RegionEU433ApplyCFList	0	static
../Middlewares/Third_Party/LoRaWAN/Mac/Region/RegionEU433.c:492:6:RegionEU433ChanMaskSet	0	static
../Middlewares/Third_Party/LoRaWAN/Mac/Region/RegionEU433.c:516:6:RegionEU433ComputeRxWindowParameters	0	static
../Middlewares/Third_Party/LoRaWAN/Mac/Region/RegionEU433.c:538:6:RegionEU433RxConfig	0	static
../Middlewares/Third_Party/LoRaWAN/Mac/Region/RegionEU433.c:603:6:RegionEU433TxConfig	0	static
../Middlewares/Third_Party/LoRaWAN/Mac/Region/RegionEU433.c:649:9:RegionEU433LinkAdrReq	0	static
../Middlewares/Third_Party/LoRaWAN/Mac/Region/RegionEU433.c:756:9:RegionEU433RxParamSetupReq	0	static
../Middlewares/Third_Party/LoRaWAN/Mac/Region/RegionEU433.c:783:8:RegionEU433NewChannelReq	0	static
../Middlewares/Third_Party/LoRaWAN/Mac/Region/RegionEU433.c:836:8:RegionEU433TxParamSetupReq	0	static
../Middlewares/Third_Party/LoRaWAN/Mac/Region/RegionEU433.c:842:8:RegionEU433DlChannelReq	0	static
../Middlewares/Third_Party/LoRaWAN/Mac/Region/RegionEU433.c:869:8:RegionEU433AlternateDr	0	static
../Middlewares/Third_Party/LoRaWAN/Mac/Region/RegionEU433.c:878:17:RegionEU433NextChannel	0	static
../Middlewares/Third_Party/LoRaWAN/Mac/Region/RegionEU433.c:937:17:RegionEU433ChannelAdd	0	static
../Middlewares/Third_Party/LoRaWAN/Mac/Region/RegionEU433.c:1000:6:RegionEU433ChannelsRemove	0	static
../Middlewares/Third_Party/LoRaWAN/Mac/Region/RegionEU433.c:1020:6:RegionEU433SetContinuousWave	0	static
../Middlewares/Third_Party/LoRaWAN/Mac/Region/RegionEU433.c:1035:9:RegionEU433ApplyDrOffset	0	static
../Middlewares/Third_Party/LoRaWAN/Mac/Region/RegionEU433.c:1050:6:RegionEU433RxBeaconSetup	0	static
