../Middlewares/Third_Party/LoRaWAN/Mac/Region/RegionAS923.c:161:12:RegionAS923GetPhyParam	8	static
../Middlewares/Third_Party/LoRaWAN/Mac/Region/RegionAS923.c:411:6:RegionAS923SetBandTxDone	0	static
../Middlewares/Third_Party/LoRaWAN/Mac/Region/RegionAS923.c:424:6:RegionAS923InitDefaults	0	static
../Middlewares/Third_Party/LoRaWAN/Mac/Region/RegionAS923.c:493:6:RegionAS923Verify	0	static
../Middlewares/Third_Party/LoRaWAN/Mac/Region/RegionAS923.c:546:6:RegionAS923ApplyCFList	0	static
../Middlewares/Third_Party/LoRaWAN/Mac/Region/RegionAS923.c:607:6:RegionAS923ChanMaskSet	0	static
../Middlewares/Third_Party/LoRaWAN/Mac/Region/RegionAS923.c:631:6:RegionAS923ComputeRxWindowParameters	0	static
../Middlewares/Third_Party/LoRaWAN/Mac/Region/RegionAS923.c:653:6:RegionAS923RxConfig	0	static
../Middlewares/Third_Party/LoRaWAN/Mac/Region/RegionAS923.c:719:6:RegionAS923TxConfig	0	static
../Middlewares/Third_Party/LoRaWAN/Mac/Region/RegionAS923.c:765:9:RegionAS923LinkAdrReq	0	static
../Middlewares/Third_Party/LoRaWAN/Mac/Region/RegionAS923.c:872:9:RegionAS923RxParamSetupReq	0	static
../Middlewares/Third_Party/LoRaWAN/Mac/Region/RegionAS923.c:899:8:RegionAS923NewChannelReq	0	static
../Middlewares/Third_Party/LoRaWAN/Mac/Region/RegionAS923.c:952:8:RegionAS923TxParamSetupReq	0	static
../Middlewares/Third_Party/LoRaWAN/Mac/Region/RegionAS923.c:958:8:RegionAS923DlChannelReq	0	static
../Middlewares/Third_Party/LoRaWAN/Mac/Region/RegionAS923.c:985:8:RegionAS923AlternateDr	0	static
../Middlewares/Third_Party/LoRaWAN/Mac/Region/RegionAS923.c:995:17:RegionAS923NextChannel	0	static
../Middlewares/Third_Party/LoRaWAN/Mac/Region/RegionAS923.c:1077:17:RegionAS923ChannelAdd	0	static
../Middlewares/Third_Party/LoRaWAN/Mac/Region/RegionAS923.c:1140:6:RegionAS923ChannelsRemove	0	static
../Middlewares/Third_Party/LoRaWAN/Mac/Region/RegionAS923.c:1160:6:RegionAS923SetContinuousWave	0	static
../Middlewares/Third_Party/LoRaWAN/Mac/Region/RegionAS923.c:1174:9:RegionAS923ApplyDrOffset	0	static
../Middlewares/Third_Party/LoRaWAN/Mac/Region/RegionAS923.c:1219:6:RegionAS923RxBeaconSetup	0	static
