../Middlewares/Third_Party/LoRaWAN/Mac/Region/RegionIN865.c:93:12:RegionIN865GetPhyParam	8	static
../Middlewares/Third_Party/LoRaWAN/Mac/Region/RegionIN865.c:311:6:RegionIN865SetBandTxDone	0	static
../Middlewares/Third_Party/LoRaWAN/Mac/Region/RegionIN865.c:324:6:RegionIN865InitDefaults	0	static
../Middlewares/Third_Party/LoRaWAN/Mac/Region/RegionIN865.c:391:6:RegionIN865Verify	0	static
../Middlewares/Third_Party/LoRaWAN/Mac/Region/RegionIN865.c:444:6:RegionIN865ApplyCFList	0	static
../Middlewares/Third_Party/LoRaWAN/Mac/Region/RegionIN865.c:505:6:RegionIN865ChanMaskSet	0	static
../Middlewares/Third_Party/LoRaWAN/Mac/Region/RegionIN865.c:529:6:RegionIN865ComputeRxWindowParameters	0	static
../Middlewares/Third_Party/LoRaWAN/Mac/Region/RegionIN865.c:551:6:RegionIN865RxConfig	0	static
../Middlewares/Third_Party/LoRaWAN/Mac/Region/RegionIN865.c:616:6:RegionIN865TxConfig	0	static
../Middlewares/Third_Party/LoRaWAN/Mac/Region/RegionIN865.c:662:9:RegionIN865LinkAdrReq	0	static
../Middlewares/Third_Party/LoRaWAN/Mac/Region/RegionIN865.c:776:9:RegionIN865RxParamSetupReq	0	static
../Middlewares/Third_Party/LoRaWAN/Mac/Region/RegionIN865.c:805:8:RegionIN865NewChannelReq	0	static
../Middlewares/Third_Party/LoRaWAN/Mac/Region/RegionIN865.c:858:8:RegionIN865TxParamSetupReq	0	static
../Middlewares/Third_Party/LoRaWAN/Mac/Region/RegionIN865.c:864:8:RegionIN865DlChannelReq	0	static
../Middlewares/Third_Party/LoRaWAN/Mac/Region/RegionIN865.c:891:8:RegionIN865AlternateDr	0	static
../Middlewares/Third_Party/LoRaWAN/Mac/Region/RegionIN865.c:900:17:RegionIN865NextChannel	0	static
../Middlewares/Third_Party/LoRaWAN/Mac/Region/RegionIN865.c:959:17:RegionIN865ChannelAdd	0	static
../Middlewares/Third_Party/LoRaWAN/Mac/Region/RegionIN865.c:1022:6:RegionIN865ChannelsRemove	0	static
../Middlewares/Third_Party/LoRaWAN/Mac/Region/RegionIN865.c:1042:6:RegionIN865SetContinuousWave	0	static
../Middlewares/Third_Party/LoRaWAN/Mac/Region/RegionIN865.c:1056:9:RegionIN865ApplyDrOffset	0	static
../Middlewares/Third_Party/LoRaWAN/Mac/Region/RegionIN865.c:1082:6:RegionIN865RxBeaconSetup	0	static
