../Middlewares/Third_Party/LoRaWAN/Mac/Region/RegionCN779.c:94:12:RegionCN779GetPhyParam	8	static
../Middlewares/Third_Party/LoRaWAN/Mac/Region/RegionCN779.c:312:6:RegionCN779SetBandTxDone	0	static
../Middlewares/Third_Party/LoRaWAN/Mac/Region/RegionCN779.c:325:6:RegionCN779InitDefaults	0	static
../Middlewares/Third_Party/LoRaWAN/Mac/Region/RegionCN779.c:392:6:RegionCN779Verify	0	static
../Middlewares/Third_Party/LoRaWAN/Mac/Region/RegionCN779.c:431:6:RegionCN779ApplyCFList	0	static
../Middlewares/Third_Party/LoRaWAN/Mac/Region/RegionCN779.c:492:6:RegionCN779ChanMaskSet	0	static
../Middlewares/Third_Party/LoRaWAN/Mac/Region/RegionCN779.c:516:6:RegionCN779ComputeRxWindowParameters	0	static
../Middlewares/Third_Party/LoRaWAN/Mac/Region/RegionCN779.c:538:6:RegionCN779RxConfig	0	static
../Middlewares/Third_Party/LoRaWAN/Mac/Region/RegionCN779.c:603:6:RegionCN779TxConfig	0	static
../Middlewares/Third_Party/LoRaWAN/Mac/Region/RegionCN779.c:649:9:RegionCN779LinkAdrReq	0	static
../Middlewares/Third_Party/LoRaWAN/Mac/Region/RegionCN779.c:756:9:RegionCN779RxParamSetupReq	0	static
../Middlewares/Third_Party/LoRaWAN/Mac/Region/RegionCN779.c:783:8:RegionCN779NewChannelReq	0	static
../Middlewares/Third_Party/LoRaWAN/Mac/Region/RegionCN779.c:836:8:RegionCN779TxParamSetupReq	0	static
../Middlewares/Third_Party/LoRaWAN/Mac/Region/RegionCN779.c:842:8:RegionCN779DlChannelReq	0	static
../Middlewares/Third_Party/LoRaWAN/Mac/Region/RegionCN779.c:869:8:RegionCN779AlternateDr	0	static
../Middlewares/Third_Party/LoRaWAN/Mac/Region/RegionCN779.c:874:17:RegionCN779NextChannel	0	static
../Middlewares/Third_Party/LoRaWAN/Mac/Region/RegionCN779.c:933:17:RegionCN779ChannelAdd	0	static
../Middlewares/Third_Party/LoRaWAN/Mac/Region/RegionCN779.c:996:6:RegionCN779ChannelsRemove	0	static
../Middlewares/Third_Party/LoRaWAN/Mac/Region/RegionCN779.c:1016:6:RegionCN779SetContinuousWave	0	static
../Middlewares/Third_Party/LoRaWAN/Mac/Region/RegionCN779.c:1031:9:RegionCN779ApplyDrOffset	0	static
../Middlewares/Third_Party/LoRaWAN/Mac/Region/RegionCN779.c:1046:6:RegionCN779RxBeaconSetup	0	static
