../Middlewares/Third_Party/LoRaWAN/Crypto/soft-se.c:527:23:SecureElementInit	8	static
../Middlewares/Third_Party/LoRaWAN/Crypto/soft-se.c:613:23:SecureElementGetKeyByID	16	static
../Middlewares/Third_Party/LoRaWAN/Crypto/soft-se.c:419:30:ComputeCmac	328	static
../Middlewares/Third_Party/LoRaWAN/Crypto/soft-se.c:159:13:PrintKey	16	static
../Middlewares/Third_Party/LoRaWAN/Crypto/soft-se.c:674:23:SecureElementPrintKeys	8	static
../Middlewares/Third_Party/LoRaWAN/Crypto/soft-se.c:692:23:SecureElementPrintSessionKeys	8	static
../Middlewares/Third_Party/LoRaWAN/Crypto/soft-se.c:709:23:SecureElementDeleteDynamicKeys	0	static
../Middlewares/Third_Party/LoRaWAN/Crypto/soft-se.c:773:23:SecureElementSetObjHandler	0	static
../Middlewares/Third_Party/LoRaWAN/Crypto/soft-se.c:919:23:SecureElementComputeAesCmac	4	static
../Middlewares/Third_Party/LoRaWAN/Crypto/soft-se.c:931:23:SecureElementVerifyAesCmac	32	static
../Middlewares/Third_Party/LoRaWAN/Crypto/soft-se.c:1000:23:SecureElementAesEncrypt	280	static
../Middlewares/Third_Party/LoRaWAN/Crypto/soft-se.c:791:23:SecureElementSetKey.part.0	32	static
../Middlewares/Third_Party/LoRaWAN/Crypto/soft-se.c:791:23:SecureElementSetKey	0	static
../Middlewares/Third_Party/LoRaWAN/Crypto/soft-se.c:1089:23:SecureElementDeriveAndStoreKey	24	static
../Middlewares/Third_Party/LoRaWAN/Crypto/soft-se.c:1179:23:SecureElementProcessJoinAccept	24	static
../Middlewares/Third_Party/LoRaWAN/Crypto/soft-se.c:1281:23:SecureElementRandomNumber	8	static
../Middlewares/Third_Party/LoRaWAN/Crypto/soft-se.c:1292:23:SecureElementSetDevEui	8	static
../Middlewares/Third_Party/LoRaWAN/Crypto/soft-se.c:1302:10:SecureElementGetDevEui	0	static
../Middlewares/Third_Party/LoRaWAN/Crypto/soft-se.c:1307:23:SecureElementSetJoinEui	8	static
../Middlewares/Third_Party/LoRaWAN/Crypto/soft-se.c:1317:10:SecureElementGetJoinEui	0	static
