../Middlewares/Third_Party/LoRaWAN/Mac/LoRaMacCommands.c:99:13:IsSlotFree	24	static
../Middlewares/Third_Party/LoRaWAN/Mac/LoRaMacCommands.c:118:22:MallocNewMacCommandSlot	16	static
../Middlewares/Third_Party/LoRaWAN/Mac/LoRaMacCommands.c:141:13:FreeMacCommandSlot	16	static
../Middlewares/Third_Party/LoRaWAN/Mac/LoRaMacCommands.c:161:13:LinkedListInit	16	static
../Middlewares/Third_Party/LoRaWAN/Mac/LoRaMacCommands.c:181:13:LinkedListAdd	16	static
../Middlewares/Third_Party/LoRaWAN/Mac/LoRaMacCommands.c:216:22:LinkedListGetPrevious	24	static
../Middlewares/Third_Party/LoRaWAN/Mac/LoRaMacCommands.c:252:13:LinkedListRemove	24	static
../Middlewares/Third_Party/LoRaWAN/Mac/LoRaMacCommands.c:288:13:IsSticky	16	static
../Middlewares/Third_Party/LoRaWAN/Mac/LoRaMacCommands.c:305:24:LoRaMacCommandsInit	8	static
../Middlewares/Third_Party/LoRaWAN/Mac/LoRaMacCommands.c:315:24:LoRaMacCommandsAddCmd	32	static
../Middlewares/Third_Party/LoRaWAN/Mac/LoRaMacCommands.c:348:24:LoRaMacCommandsRemoveCmd	16	static
../Middlewares/Third_Party/LoRaWAN/Mac/LoRaMacCommands.c:372:24:LoRaMacCommandsGetCmd	24	static
../Middlewares/Third_Party/LoRaWAN/Mac/LoRaMacCommands.c:396:24:LoRaMacCommandsRemoveNoneStickyCmds	16	static
../Middlewares/Third_Party/LoRaWAN/Mac/LoRaMacCommands.c:422:24:LoRaMacCommandsRemoveStickyAnsCmds	16	static
../Middlewares/Third_Party/LoRaWAN/Mac/LoRaMacCommands.c:444:24:LoRaMacCommandsGetSizeSerializedCmds	16	static
../Middlewares/Third_Party/LoRaWAN/Mac/LoRaMacCommands.c:454:24:LoRaMacCommandsSerializeCmds	40	static
../Middlewares/Third_Party/LoRaWAN/Mac/LoRaMacCommands.c:497:24:LoRaMacCommandsStickyCmdsPending	24	static
../Middlewares/Third_Party/LoRaWAN/Mac/LoRaMacCommands.c:523:9:LoRaMacCommandsGetCmdSize	24	static
