../Middlewares/Third_Party/LoRaWAN/Mac/LoRaMac.c:874:13:OnRadioTxDone	24	static
../Middlewares/Third_Party/LoRaWAN/Mac/LoRaMac.c:888:13:OnRadioRxDone	24	static
../Middlewares/Third_Party/LoRaWAN/Mac/LoRaMac.c:908:13:OnRadioTxTimeout	8	static
../Middlewares/Third_Party/LoRaWAN/Mac/LoRaMac.c:919:13:OnRadioRxError	8	static
../Middlewares/Third_Party/LoRaWAN/Mac/LoRaMac.c:929:13:OnRadioRxTimeout	8	static
../Middlewares/Third_Party/LoRaWAN/Mac/LoRaMac.c:940:13:UpdateRxSlotIdleState	4	static
../Middlewares/Third_Party/LoRaWAN/Mac/LoRaMac.c:952:13:ProcessRadioTxDone	64	static
../Middlewares/Third_Party/LoRaWAN/Mac/LoRaMac.c:1031:13:PrepareRxDoneAbort	8	static
../Middlewares/Third_Party/LoRaWAN/Mac/LoRaMac.c:1050:13:ProcessRadioRxDone	168	static
../Middlewares/Third_Party/LoRaWAN/Mac/LoRaMac.c:1595:13:ProcessRadioTxTimeout	8	static
../Middlewares/Third_Party/LoRaWAN/Mac/LoRaMac.c:1616:13:HandleRadioRxErrorTimeout	24	static
../Middlewares/Third_Party/LoRaWAN/Mac/LoRaMac.c:1685:13:ProcessRadioRxError	8	static
../Middlewares/Third_Party/LoRaWAN/Mac/LoRaMac.c:1690:13:ProcessRadioRxTimeout	8	static
../Middlewares/Third_Party/LoRaWAN/Mac/LoRaMac.c:1695:13:LoRaMacHandleIrqEvents	24	static,ignoring_inline_asm
../Middlewares/Third_Party/LoRaWAN/Mac/LoRaMac.c:1729:6:LoRaMacIsBusy	4	static
../Middlewares/Third_Party/LoRaWAN/Mac/LoRaMac.c:1746:13:LoRaMacEnableRequests	16	static
../Middlewares/Third_Party/LoRaWAN/Mac/LoRaMac.c:1751:13:LoRaMacHandleRequestEvents	16	static
../Middlewares/Third_Party/LoRaWAN/Mac/LoRaMac.c:1795:13:LoRaMacHandleScheduleUplinkEvent	16	static
../Middlewares/Third_Party/LoRaWAN/Mac/LoRaMac.c:1811:13:LoRaMacHandleIndicationEvents	8	static
../Middlewares/Third_Party/LoRaWAN/Mac/LoRaMac.c:1842:13:LoRaMacHandleMcpsRequest	16	static
../Middlewares/Third_Party/LoRaWAN/Mac/LoRaMac.c:1911:13:LoRaMacHandleMlmeRequest	8	static
../Middlewares/Third_Party/LoRaWAN/Mac/LoRaMac.c:1939:16:LoRaMacCheckForBeaconAcquisition	8	static
../Middlewares/Third_Party/LoRaWAN/Mac/LoRaMac.c:1966:13:LoRaMacCheckForRxAbort	4	static
../Middlewares/Third_Party/LoRaWAN/Mac/LoRaMac.c:1976:13:LoRaMacHandleNvm	24	static
../Middlewares/Third_Party/LoRaWAN/Mac/LoRaMac.c:2067:6:LoRaMacProcess	16	static
../Middlewares/Third_Party/LoRaWAN/Mac/LoRaMac.c:2108:13:OnTxDelayedTimerEvent	16	static
../Middlewares/Third_Party/LoRaWAN/Mac/LoRaMac.c:2146:13:OnRxWindow1TimerEvent	16	static
../Middlewares/Third_Party/LoRaWAN/Mac/LoRaMac.c:2161:13:OnRxWindow2TimerEvent	16	static
../Middlewares/Third_Party/LoRaWAN/Mac/LoRaMac.c:2182:13:OnAckTimeoutTimerEvent	16	static
../Middlewares/Third_Party/LoRaWAN/Mac/LoRaMac.c:2200:30:GetFCntDown	24	static
../Middlewares/Third_Party/LoRaWAN/Mac/LoRaMac.c:2331:24:SwitchClass	32	static
../Middlewares/Third_Party/LoRaWAN/Mac/LoRaMac.c:2415:16:GetMaxAppPayloadWithoutFOptsLength	32	static
../Middlewares/Third_Party/LoRaWAN/Mac/LoRaMac.c:2436:13:ValidatePayloadLength	24	static
../Middlewares/Third_Party/LoRaWAN/Mac/LoRaMac.c:2463:13:ProcessMacCommands	160	static
../Middlewares/Third_Party/LoRaWAN/Mac/LoRaMac.c:2907:24:Send	64	static
../Middlewares/Third_Party/LoRaWAN/Mac/LoRaMac.c:3010:24:SendReJoinReq	24	static
../Middlewares/Third_Party/LoRaWAN/Mac/LoRaMac.c:3048:24:CheckForClassBCollision	8	static
../Middlewares/Third_Party/LoRaWAN/Mac/LoRaMac.c:3069:13:ComputeRxWindowParameters	24	static
../Middlewares/Third_Party/LoRaWAN/Mac/LoRaMac.c:3098:24:VerifyTxFrame	16	static
../Middlewares/Third_Party/LoRaWAN/Mac/LoRaMac.c:3117:24:SerializeTxFrame	16	static
../Middlewares/Third_Party/LoRaWAN/Mac/LoRaMac.c:3147:24:ScheduleTx	72	static
../Middlewares/Third_Party/LoRaWAN/Mac/LoRaMac.c:3223:24:SecureFrame	24	static
../Middlewares/Third_Party/LoRaWAN/Mac/LoRaMac.c:3269:13:CalculateBackOff	4	static
../Middlewares/Third_Party/LoRaWAN/Mac/LoRaMac.c:3281:13:RemoveMacCommands	16	static
../Middlewares/Third_Party/LoRaWAN/Mac/LoRaMac.c:3301:13:ResetMacParameters	72	static
../Middlewares/Third_Party/LoRaWAN/Mac/LoRaMac.c:3403:13:RxWindowSetup	16	static
../Middlewares/Third_Party/LoRaWAN/Mac/LoRaMac.c:3418:13:OpenContinuousRxCWindow	24	static
../Middlewares/Third_Party/LoRaWAN/Mac/LoRaMac.c:3444:24:PrepareFrame	40	static
../Middlewares/Third_Party/LoRaWAN/Mac/LoRaMac.c:3553:24:SendFrameOnChannel	48	static
../Middlewares/Third_Party/LoRaWAN/Mac/LoRaMac.c:3626:24:SetTxContinuousWave	32	static
../Middlewares/Third_Party/LoRaWAN/Mac/LoRaMac.c:3644:24:SetTxContinuousWave1	16	static
../Middlewares/Third_Party/LoRaWAN/Mac/LoRaMac.c:3663:24:RestoreNvmData	16	static
../Middlewares/Third_Party/LoRaWAN/Mac/LoRaMac.c:3733:24:DetermineFrameType	16	static
../Middlewares/Third_Party/LoRaWAN/Mac/LoRaMac.c:3786:13:CheckRetransUnconfirmedUplink	4	static
../Middlewares/Third_Party/LoRaWAN/Mac/LoRaMac.c:3812:13:CheckRetransConfirmedUplink	4	static
../Middlewares/Third_Party/LoRaWAN/Mac/LoRaMac.c:3890:13:StopRetransmission	4	static
../Middlewares/Third_Party/LoRaWAN/Mac/LoRaMac.c:3919:13:CallNvmDataChangeCallback	16	static
../Middlewares/Third_Party/LoRaWAN/Mac/LoRaMac.c:3929:13:AckTimeoutRetriesProcess	24	static
../Middlewares/Third_Party/LoRaWAN/Mac/LoRaMac.c:3948:13:AckTimeoutRetriesFinalize	24	static
../Middlewares/Third_Party/LoRaWAN/Mac/LoRaMac.c:3965:16:IsRequestPending	4	static
../Middlewares/Third_Party/LoRaWAN/Mac/LoRaMac.c:3975:17:LoRaMacInitialization	72	static
../Middlewares/Third_Party/LoRaWAN/Mac/LoRaMac.c:4196:17:LoRaMacStart	4	static
../Middlewares/Third_Party/LoRaWAN/Mac/LoRaMac.c:4202:17:LoRaMacStop	8	static
../Middlewares/Third_Party/LoRaWAN/Mac/LoRaMac.c:4216:17:LoRaMacHalt	8	static
../Middlewares/Third_Party/LoRaWAN/Mac/LoRaMac.c:4246:17:LoRaMacQueryTxPossible	48	static
../Middlewares/Third_Party/LoRaWAN/Mac/LoRaMac.c:4316:17:LoRaMacMibGetRequestConfirm	40	static
../Middlewares/Third_Party/LoRaWAN/Mac/LoRaMac.c:4538:17:LoRaMacMibSetRequestConfirm	32	static
../Middlewares/Third_Party/LoRaWAN/Mac/LoRaMac.c:5228:17:LoRaMacChannelAdd	40	static
../Middlewares/Third_Party/LoRaWAN/Mac/LoRaMac.c:5246:17:LoRaMacChannelRemove	24	static
../Middlewares/Third_Party/LoRaWAN/Mac/LoRaMac.c:5267:17:LoRaMacMcChannelSetup	24	static
../Middlewares/Third_Party/LoRaWAN/Mac/LoRaMac.c:5316:17:LoRaMacMcChannelDelete	56	static
../Middlewares/Third_Party/LoRaWAN/Mac/LoRaMac.c:5338:9:LoRaMacMcChannelGetGroupId	24	static
../Middlewares/Third_Party/LoRaWAN/Mac/LoRaMac.c:5350:17:LoRaMacMcChannelSetupRxParams	32	static
../Middlewares/Third_Party/LoRaWAN/Mac/LoRaMac.c:5411:17:LoRaMacMlmeRequest	32	static
../Middlewares/Third_Party/LoRaWAN/Mac/LoRaMac.c:5618:17:LoRaMacMcpsRequest	56	static
../Middlewares/Third_Party/LoRaWAN/Mac/LoRaMac.c:5850:6:LoRaMacTestSetDutyCycleOn	24	static
../Middlewares/Third_Party/LoRaWAN/Mac/LoRaMac.c:5862:17:LoRaMacDeInitialization	8	static
