../Middlewares/Third_Party/LoRaWAN/Mac/LoRaMacConfirmQueue.c:82:28:IncreaseBufferPointer	16	static
../Middlewares/Third_Party/LoRaWAN/Mac/LoRaMacConfirmQueue.c:97:28:DecreaseBufferPointer	16	static
../Middlewares/Third_Party/LoRaWAN/Mac/LoRaMacConfirmQueue.c:111:13:IsListEmpty	16	static
../Middlewares/Third_Party/LoRaWAN/Mac/LoRaMacConfirmQueue.c:120:13:IsListFull	16	static
../Middlewares/Third_Party/LoRaWAN/Mac/LoRaMacConfirmQueue.c:129:28:GetElement	32	static
../Middlewares/Third_Party/LoRaWAN/Mac/LoRaMacConfirmQueue.c:151:6:LoRaMacConfirmQueueInit	16	static
../Middlewares/Third_Party/LoRaWAN/Mac/LoRaMacConfirmQueue.c:168:6:LoRaMacConfirmQueueAdd	16	static
../Middlewares/Third_Party/LoRaWAN/Mac/LoRaMacConfirmQueue.c:193:6:LoRaMacConfirmQueueRemoveLast	8	static
../Middlewares/Third_Party/LoRaWAN/Mac/LoRaMacConfirmQueue.c:208:6:LoRaMacConfirmQueueRemoveFirst	8	static
../Middlewares/Third_Party/LoRaWAN/Mac/LoRaMacConfirmQueue.c:223:6:LoRaMacConfirmQueueSetStatus	24	static
../Middlewares/Third_Party/LoRaWAN/Mac/LoRaMacConfirmQueue.c:238:26:LoRaMacConfirmQueueGetStatus	24	static
../Middlewares/Third_Party/LoRaWAN/Mac/LoRaMacConfirmQueue.c:253:6:LoRaMacConfirmQueueSetStatusCmn	24	static
../Middlewares/Third_Party/LoRaWAN/Mac/LoRaMacConfirmQueue.c:275:26:LoRaMacConfirmQueueGetStatusCmn	4	static
../Middlewares/Third_Party/LoRaWAN/Mac/LoRaMacConfirmQueue.c:280:6:LoRaMacConfirmQueueIsCmdActive	16	static
../Middlewares/Third_Party/LoRaWAN/Mac/LoRaMacConfirmQueue.c:289:6:LoRaMacConfirmQueueHandleCb	24	static
../Middlewares/Third_Party/LoRaWAN/Mac/LoRaMacConfirmQueue.c:324:9:LoRaMacConfirmQueueGetCnt	4	static
../Middlewares/Third_Party/LoRaWAN/Mac/LoRaMacConfirmQueue.c:329:6:LoRaMacConfirmQueueIsFull	8	static
