../Middlewares/Third_Party/LoRaWAN/Mac/Region/RegionUS915.c:133:12:RegionUS915GetPhyParam	8	static
../Middlewares/Third_Party/LoRaWAN/Mac/Region/RegionUS915.c:365:6:RegionUS915SetBandTxDone	0	static
../Middlewares/Third_Party/LoRaWAN/Mac/Region/RegionUS915.c:378:6:RegionUS915InitDefaults	0	static
../Middlewares/Third_Party/LoRaWAN/Mac/Region/RegionUS915.c:489:6:RegionUS915Verify	0	static
../Middlewares/Third_Party/LoRaWAN/Mac/Region/RegionUS915.c:536:6:RegionUS915ApplyCFList	0	static
../Middlewares/Third_Party/LoRaWAN/Mac/Region/RegionUS915.c:566:6:RegionUS915ChanMaskSet	0	static
../Middlewares/Third_Party/LoRaWAN/Mac/Region/RegionUS915.c:607:6:RegionUS915ComputeRxWindowParameters	0	static
../Middlewares/Third_Party/LoRaWAN/Mac/Region/RegionUS915.c:622:6:RegionUS915RxConfig	0	static
../Middlewares/Third_Party/LoRaWAN/Mac/Region/RegionUS915.c:673:6:RegionUS915TxConfig	0	static
../Middlewares/Third_Party/LoRaWAN/Mac/Region/RegionUS915.c:710:9:RegionUS915LinkAdrReq	0	static
../Middlewares/Third_Party/LoRaWAN/Mac/Region/RegionUS915.c:877:9:RegionUS915RxParamSetupReq	0	static
../Middlewares/Third_Party/LoRaWAN/Mac/Region/RegionUS915.c:909:8:RegionUS915NewChannelReq	0	static
../Middlewares/Third_Party/LoRaWAN/Mac/Region/RegionUS915.c:915:8:RegionUS915TxParamSetupReq	0	static
../Middlewares/Third_Party/LoRaWAN/Mac/Region/RegionUS915.c:921:8:RegionUS915DlChannelReq	0	static
../Middlewares/Third_Party/LoRaWAN/Mac/Region/RegionUS915.c:927:8:RegionUS915AlternateDr	0	static
../Middlewares/Third_Party/LoRaWAN/Mac/Region/RegionUS915.c:956:17:RegionUS915NextChannel	0	static
../Middlewares/Third_Party/LoRaWAN/Mac/Region/RegionUS915.c:1062:17:RegionUS915ChannelAdd	0	static
../Middlewares/Third_Party/LoRaWAN/Mac/Region/RegionUS915.c:1067:6:RegionUS915ChannelsRemove	0	static
../Middlewares/Third_Party/LoRaWAN/Mac/Region/RegionUS915.c:1073:6:RegionUS915SetContinuousWave	0	static
../Middlewares/Third_Party/LoRaWAN/Mac/Region/RegionUS915.c:1088:9:RegionUS915ApplyDrOffset	0	static
../Middlewares/Third_Party/LoRaWAN/Mac/Region/RegionUS915.c:1103:6:RegionUS915RxBeaconSetup	0	static
