../Middlewares/Third_Party/LoRaWAN/Mac/Region/RegionCN470.c:358:12:RegionCN470GetPhyParam	8	static
../Middlewares/Third_Party/LoRaWAN/Mac/Region/RegionCN470.c:660:6:RegionCN470SetBandTxDone	0	static
../Middlewares/Third_Party/LoRaWAN/Mac/Region/RegionCN470.c:673:6:RegionCN470InitDefaults	0	static
../Middlewares/Third_Party/LoRaWAN/Mac/Region/RegionCN470.c:783:6:RegionCN470Verify	0	static
../Middlewares/Third_Party/LoRaWAN/Mac/Region/RegionCN470.c:819:6:RegionCN470ApplyCFList	0	static
../Middlewares/Third_Party/LoRaWAN/Mac/Region/RegionCN470.c:869:6:RegionCN470ChanMaskSet	0	static
../Middlewares/Third_Party/LoRaWAN/Mac/Region/RegionCN470.c:900:6:RegionCN470ComputeRxWindowParameters	0	static
../Middlewares/Third_Party/LoRaWAN/Mac/Region/RegionCN470.c:915:6:RegionCN470RxConfig	0	static
../Middlewares/Third_Party/LoRaWAN/Mac/Region/RegionCN470.c:989:6:RegionCN470TxConfig	0	static
../Middlewares/Third_Party/LoRaWAN/Mac/Region/RegionCN470.c:1067:9:RegionCN470LinkAdrReq	0	static
../Middlewares/Third_Party/LoRaWAN/Mac/Region/RegionCN470.c:1202:9:RegionCN470RxParamSetupReq	0	static
../Middlewares/Third_Party/LoRaWAN/Mac/Region/RegionCN470.c:1229:8:RegionCN470NewChannelReq	0	static
../Middlewares/Third_Party/LoRaWAN/Mac/Region/RegionCN470.c:1235:8:RegionCN470TxParamSetupReq	0	static
../Middlewares/Third_Party/LoRaWAN/Mac/Region/RegionCN470.c:1241:8:RegionCN470DlChannelReq	0	static
../Middlewares/Third_Party/LoRaWAN/Mac/Region/RegionCN470.c:1247:8:RegionCN470AlternateDr	0	static
../Middlewares/Third_Party/LoRaWAN/Mac/Region/RegionCN470.c:1256:17:RegionCN470NextChannel	0	static
../Middlewares/Third_Party/LoRaWAN/Mac/Region/RegionCN470.c:1358:17:RegionCN470ChannelAdd	0	static
../Middlewares/Third_Party/LoRaWAN/Mac/Region/RegionCN470.c:1363:6:RegionCN470ChannelsRemove	0	static
../Middlewares/Third_Party/LoRaWAN/Mac/Region/RegionCN470.c:1369:6:RegionCN470SetContinuousWave	0	static
../Middlewares/Third_Party/LoRaWAN/Mac/Region/RegionCN470.c:1384:9:RegionCN470ApplyDrOffset	0	static
../Middlewares/Third_Party/LoRaWAN/Mac/Region/RegionCN470.c:1402:6:RegionCN470RxBeaconSetup	0	static
