../Middlewares/Third_Party/LoRaWAN/Mac/Region/RegionKR920.c:110:12:RegionKR920GetPhyParam	8	static
../Middlewares/Third_Party/LoRaWAN/Mac/Region/RegionKR920.c:332:6:RegionKR920SetBandTxDone	0	static
../Middlewares/Third_Party/LoRaWAN/Mac/Region/RegionKR920.c:345:6:RegionKR920InitDefaults	0	static
../Middlewares/Third_Party/LoRaWAN/Mac/Region/RegionKR920.c:412:6:RegionKR920Verify	0	static
../Middlewares/Third_Party/LoRaWAN/Mac/Region/RegionKR920.c:451:6:RegionKR920ApplyCFList	0	static
../Middlewares/Third_Party/LoRaWAN/Mac/Region/RegionKR920.c:512:6:RegionKR920ChanMaskSet	0	static
../Middlewares/Third_Party/LoRaWAN/Mac/Region/RegionKR920.c:536:6:RegionKR920ComputeRxWindowParameters	0	static
../Middlewares/Third_Party/LoRaWAN/Mac/Region/RegionKR920.c:551:6:RegionKR920RxConfig	0	static
../Middlewares/Third_Party/LoRaWAN/Mac/Region/RegionKR920.c:607:6:RegionKR920TxConfig	0	static
../Middlewares/Third_Party/LoRaWAN/Mac/Region/RegionKR920.c:647:9:RegionKR920LinkAdrReq	0	static
../Middlewares/Third_Party/LoRaWAN/Mac/Region/RegionKR920.c:754:9:RegionKR920RxParamSetupReq	0	static
../Middlewares/Third_Party/LoRaWAN/Mac/Region/RegionKR920.c:781:8:RegionKR920NewChannelReq	0	static
../Middlewares/Third_Party/LoRaWAN/Mac/Region/RegionKR920.c:834:8:RegionKR920TxParamSetupReq	0	static
../Middlewares/Third_Party/LoRaWAN/Mac/Region/RegionKR920.c:840:8:RegionKR920DlChannelReq	0	static
../Middlewares/Third_Party/LoRaWAN/Mac/Region/RegionKR920.c:867:8:RegionKR920AlternateDr	0	static
../Middlewares/Third_Party/LoRaWAN/Mac/Region/RegionKR920.c:876:17:RegionKR920NextChannel	0	static
../Middlewares/Third_Party/LoRaWAN/Mac/Region/RegionKR920.c:951:17:RegionKR920ChannelAdd	0	static
../Middlewares/Third_Party/LoRaWAN/Mac/Region/RegionKR920.c:1014:6:RegionKR920ChannelsRemove	0	static
../Middlewares/Third_Party/LoRaWAN/Mac/Region/RegionKR920.c:1034:6:RegionKR920SetContinuousWave	0	static
../Middlewares/Third_Party/LoRaWAN/Mac/Region/RegionKR920.c:1054:9:RegionKR920ApplyDrOffset	0	static
../Middlewares/Third_Party/LoRaWAN/Mac/Region/RegionKR920.c:1069:6:RegionKR920RxBeaconSetup	0	static
