Archive member included to satisfy reference by file (symbol)

c:/st/stm32cubeide_1.9.0/stm32cubeide/plugins/com.st.stm32cube.ide.mcu.externaltools.gnu-tools-for-stm32.10.3-2021.10.win32_1.0.0.202111181127/tools/bin/../lib/gcc/arm-none-eabi/10.3.1/../../../../arm-none-eabi/lib/thumb/v7e-m/nofp\libc_nano.a(lib_a-exit.o)
                              c:/st/stm32cubeide_1.9.0/stm32cubeide/plugins/com.st.stm32cube.ide.mcu.externaltools.gnu-tools-for-stm32.10.3-2021.10.win32_1.0.0.202111181127/tools/bin/../lib/gcc/arm-none-eabi/10.3.1/../../../../arm-none-eabi/lib/thumb/v7e-m/nofp/crt0.o (exit)
c:/st/stm32cubeide_1.9.0/stm32cubeide/plugins/com.st.stm32cube.ide.mcu.externaltools.gnu-tools-for-stm32.10.3-2021.10.win32_1.0.0.202111181127/tools/bin/../lib/gcc/arm-none-eabi/10.3.1/../../../../arm-none-eabi/lib/thumb/v7e-m/nofp\libc_nano.a(lib_a-impure.o)
                              c:/st/stm32cubeide_1.9.0/stm32cubeide/plugins/com.st.stm32cube.ide.mcu.externaltools.gnu-tools-for-stm32.10.3-2021.10.win32_1.0.0.202111181127/tools/bin/../lib/gcc/arm-none-eabi/10.3.1/../../../../arm-none-eabi/lib/thumb/v7e-m/nofp\libc_nano.a(lib_a-exit.o) (_global_impure_ptr)
c:/st/stm32cubeide_1.9.0/stm32cubeide/plugins/com.st.stm32cube.ide.mcu.externaltools.gnu-tools-for-stm32.10.3-2021.10.win32_1.0.0.202111181127/tools/bin/../lib/gcc/arm-none-eabi/10.3.1/../../../../arm-none-eabi/lib/thumb/v7e-m/nofp\libc_nano.a(lib_a-init.o)
                              c:/st/stm32cubeide_1.9.0/stm32cubeide/plugins/com.st.stm32cube.ide.mcu.externaltools.gnu-tools-for-stm32.10.3-2021.10.win32_1.0.0.202111181127/tools/bin/../lib/gcc/arm-none-eabi/10.3.1/../../../../arm-none-eabi/lib/thumb/v7e-m/nofp/crt0.o (__libc_init_array)
c:/st/stm32cubeide_1.9.0/stm32cubeide/plugins/com.st.stm32cube.ide.mcu.externaltools.gnu-tools-for-stm32.10.3-2021.10.win32_1.0.0.202111181127/tools/bin/../lib/gcc/arm-none-eabi/10.3.1/../../../../arm-none-eabi/lib/thumb/v7e-m/nofp\libc_nano.a(lib_a-memset.o)
                              c:/st/stm32cubeide_1.9.0/stm32cubeide/plugins/com.st.stm32cube.ide.mcu.externaltools.gnu-tools-for-stm32.10.3-2021.10.win32_1.0.0.202111181127/tools/bin/../lib/gcc/arm-none-eabi/10.3.1/../../../../arm-none-eabi/lib/thumb/v7e-m/nofp/crt0.o (memset)
c:/st/stm32cubeide_1.9.0/stm32cubeide/plugins/com.st.stm32cube.ide.mcu.externaltools.gnu-tools-for-stm32.10.3-2021.10.win32_1.0.0.202111181127/tools/bin/../lib/gcc/arm-none-eabi/10.3.1/../../../../arm-none-eabi/lib/thumb/v7e-m/nofp\libc_nano.a(lib_a-snprintf.o)
                              ./LoRaWAN/App/lora_app.o (snprintf)
c:/st/stm32cubeide_1.9.0/stm32cubeide/plugins/com.st.stm32cube.ide.mcu.externaltools.gnu-tools-for-stm32.10.3-2021.10.win32_1.0.0.202111181127/tools/bin/../lib/gcc/arm-none-eabi/10.3.1/../../../../arm-none-eabi/lib/thumb/v7e-m/nofp\libc_nano.a(lib_a-strlen.o)
                              ./Core/Src/sys_app.o (strlen)
c:/st/stm32cubeide_1.9.0/stm32cubeide/plugins/com.st.stm32cube.ide.mcu.externaltools.gnu-tools-for-stm32.10.3-2021.10.win32_1.0.0.202111181127/tools/bin/../lib/gcc/arm-none-eabi/10.3.1/../../../../arm-none-eabi/lib/thumb/v7e-m/nofp\libc_nano.a(lib_a-nano-svfprintf.o)
                              c:/st/stm32cubeide_1.9.0/stm32cubeide/plugins/com.st.stm32cube.ide.mcu.externaltools.gnu-tools-for-stm32.10.3-2021.10.win32_1.0.0.202111181127/tools/bin/../lib/gcc/arm-none-eabi/10.3.1/../../../../arm-none-eabi/lib/thumb/v7e-m/nofp\libc_nano.a(lib_a-snprintf.o) (_svfprintf_r)
c:/st/stm32cubeide_1.9.0/stm32cubeide/plugins/com.st.stm32cube.ide.mcu.externaltools.gnu-tools-for-stm32.10.3-2021.10.win32_1.0.0.202111181127/tools/bin/../lib/gcc/arm-none-eabi/10.3.1/../../../../arm-none-eabi/lib/thumb/v7e-m/nofp\libc_nano.a(lib_a-nano-vfprintf_i.o)
                              c:/st/stm32cubeide_1.9.0/stm32cubeide/plugins/com.st.stm32cube.ide.mcu.externaltools.gnu-tools-for-stm32.10.3-2021.10.win32_1.0.0.202111181127/tools/bin/../lib/gcc/arm-none-eabi/10.3.1/../../../../arm-none-eabi/lib/thumb/v7e-m/nofp\libc_nano.a(lib_a-nano-svfprintf.o) (_printf_i)
c:/st/stm32cubeide_1.9.0/stm32cubeide/plugins/com.st.stm32cube.ide.mcu.externaltools.gnu-tools-for-stm32.10.3-2021.10.win32_1.0.0.202111181127/tools/bin/../lib/gcc/arm-none-eabi/10.3.1/../../../../arm-none-eabi/lib/thumb/v7e-m/nofp\libc_nano.a(lib_a-memchr.o)
                              c:/st/stm32cubeide_1.9.0/stm32cubeide/plugins/com.st.stm32cube.ide.mcu.externaltools.gnu-tools-for-stm32.10.3-2021.10.win32_1.0.0.202111181127/tools/bin/../lib/gcc/arm-none-eabi/10.3.1/../../../../arm-none-eabi/lib/thumb/v7e-m/nofp\libc_nano.a(lib_a-nano-svfprintf.o) (memchr)
c:/st/stm32cubeide_1.9.0/stm32cubeide/plugins/com.st.stm32cube.ide.mcu.externaltools.gnu-tools-for-stm32.10.3-2021.10.win32_1.0.0.202111181127/tools/bin/../lib/gcc/arm-none-eabi/10.3.1/../../../../arm-none-eabi/lib/thumb/v7e-m/nofp\libc_nano.a(lib_a-memcpy-stub.o)
[...]
Memory Configuration

Name             Origin             Length             Attributes
RAM              0x0000000020000000 0x0000000000010000 xrw
RAM2             0x0000000010000000 0x0000000000008000 xrw
FLASH            0x0000000008000000 0x0000000000040000 xr
*default*        0x0000000000000000 0xffffffffffffffff

Linker script and memory map

LOAD c:/st/stm32cubeide_1.9.0/stm32cubeide/plugins/com.st.stm32cube.ide.mcu.externaltools.gnu-tools-for-stm32.10.3-2021.10.win32_1.0.0.202111181127/tools/bin/../lib/gcc/arm-none-eabi/10.3.1/thumb/v7e-m/nofp/crti.o
LOAD c:/st/stm32cubeide_1.9.0/stm32cubeide/plugins/com.st.stm32cube.ide.mcu.externaltools.gnu-tools-for-stm32.10.3-2021.10.win32_1.0.0.202111181127/tools/bin/../lib/gcc/arm-none-eabi/10.3.1/thumb/v7e-m/nofp/crtbegin.o
LOAD c:/st/stm32cubeide_1.9.0/stm32cubeide/plugins/com.st.stm32cube.ide.mcu.externaltools.gnu-tools-for-stm32.10.3-2021.10.win32_1.0.0.202111181127/tools/bin/../lib/gcc/arm-none-eabi/10.3.1/../../../../arm-none-eabi/lib/thumb/v7e-m/nofp/crt0.o
LOAD ./Core/Src/adc.o
LOAD ./Core/Src/adc_if.o
LOAD ./Core/Src/dma.o
LOAD ./Core/Src/flash_if.o
LOAD ./Core/Src/gpio.o
LOAD ./Core/Src/main.o
LOAD ./Core/Src/rtc.o
LOAD ./Core/Src/stm32_lpm_if.o
LOAD ./Core/Src/stm32wlxx_hal_msp.o
LOAD ./Core/Src/stm32wlxx_it.o
LOAD ./Core/Src/subghz.o
LOAD ./Core/Src/sys_app.o
LOAD ./Core/Src/sys_debug.o
LOAD ./Core/Src/sys_sensors.o
LOAD ./Core/Src/system_stm32wlxx.o
LOAD ./Core/Src/timer_if.o
LOAD ./Core/Src/usart.o
LOAD ./Core/Src/usart_if.o
LOAD ./Core/Startup/startup_stm32wle5ccux.o
LOAD ./Drivers/STM32WLxx_HAL_Driver/Src/stm32wlxx_hal.o
LOAD ./Drivers/STM32WLxx_HAL_Driver/Src/stm32wlxx_hal_adc.o
LOAD ./Drivers/STM32WLxx_HAL_Driver/Src/stm32wlxx_hal_adc_ex.o
LOAD ./Drivers/STM32WLxx_HAL_Driver/Src/stm32wlxx_hal_cortex.o
LOAD ./Drivers/STM32WLxx_HAL_Driver/Src/stm32wlxx_hal_dma.o
LOAD ./Drivers/STM32WLxx_HAL_Driver/Src/stm32wlxx_hal_dma_ex.o
LOAD ./Drivers/STM32WLxx_HAL_Driver/Src/stm32wlxx_hal_exti.o
LOAD ./Drivers/STM32WLxx_HAL_Driver/Src/stm32wlxx_hal_flash.o
LOAD ./Drivers/STM32WLxx_HAL_Driver/Src/stm32wlxx_hal_flash_ex.o
LOAD ./Drivers/STM32WLxx_HAL_Driver/Src/stm32wlxx_hal_gpio.o
LOAD ./Drivers/STM32WLxx_HAL_Driver/Src/stm32wlxx_hal_pwr.o
LOAD ./Drivers/STM32WLxx_HAL_Driver/Src/stm32wlxx_hal_pwr_ex.o
LOAD ./Drivers/STM32WLxx_HAL_Driver/Src/stm32wlxx_hal_rcc.o
LOAD ./Drivers/STM32WLxx_HAL_Driver/Src/stm32wlxx_hal_rcc_ex.o
LOAD ./Drivers/STM32WLxx_HAL_Driver/Src/stm32wlxx_hal_rtc.o
LOAD ./Drivers/STM32WLxx_HAL_Driver/Src/stm32wlxx_hal_rtc_ex.o
LOAD ./Drivers/STM32WLxx_HAL_Driver/Src/stm32wlxx_hal_subghz.o
LOAD ./Drivers/STM32WLxx_HAL_Driver/Src/stm32wlxx_hal_tim.o
LOAD ./Drivers/STM32WLxx_HAL_Driver/Src/stm32wlxx_hal_tim_ex.o
LOAD ./Drivers/STM32WLxx_HAL_Driver/Src/stm32wlxx_hal_uart.o
LOAD ./Drivers/STM32WLxx_HAL_Driver/Src/stm32wlxx_hal_uart_ex.o
LOAD ./Drivers/STM32WLxx_HAL_Driver/Src/stm32wlxx_ll_adc.o
LOAD ./LoRaWAN/App/CayenneLpp.o
LOAD ./LoRaWAN/App/app_lorawan.o
LOAD ./LoRaWAN/App/lora_app.o
LOAD ./LoRaWAN/App/lora_info.o
LOAD ./LoRaWAN/Target/radio_board_if.o
LOAD ./Middlewares/Third_Party/LoRaWAN/Crypto/cmac.o
LOAD ./Middlewares/Third_Party/LoRaWAN/Crypto/lorawan_aes.o
LOAD ./Middlewares/Third_Party/LoRaWAN/Crypto/soft-se.o
LOAD ./Middlewares/Third_Party/LoRaWAN/LmHandler/LmHandler.o
LOAD ./Middlewares/Third_Party/LoRaWAN/LmHandler/NvmDataMgmt.o
LOAD ./Middlewares/Third_Party/LoRaWAN/LmHandler/Packages/LmhpCompliance.o
LOAD ./Middlewares/Third_Party/LoRaWAN/Mac/LoRaMac.o
LOAD ./Middlewares/Third_Party/LoRaWAN/Mac/LoRaMacAdr.o
LOAD ./Middlewares/Third_Party/LoRaWAN/Mac/LoRaMacClassB.o
LOAD ./Middlewares/Third_Party/LoRaWAN/Mac/LoRaMacCommands.o
LOAD ./Middlewares/Third_Party/LoRaWAN/Mac/LoRaMacConfirmQueue.o
LOAD ./Middlewares/Third_Party/LoRaWAN/Mac/LoRaMacCrypto.o
LOAD ./Middlewares/Third_Party/LoRaWAN/Mac/LoRaMacParser.o
LOAD ./Middlewares/Third_Party/LoRaWAN/Mac/LoRaMacSerializer.o
LOAD ./Middlewares/Third_Party/LoRaWAN/Mac/Region/Region.o
LOAD ./Middlewares/Third_Party/LoRaWAN/Mac/Region/RegionAS923.o
LOAD ./Middlewares/Third_Party/LoRaWAN/Mac/Region/RegionAU915.o
LOAD ./Middlewares/Third_Party/LoRaWAN/Mac/Region/RegionBaseUS.o
LOAD ./Middlewares/Third_Party/LoRaWAN/Mac/Region/RegionCN470.o
LOAD ./Middlewares/Third_Party/LoRaWAN/Mac/Region/RegionCN470A20.o
LOAD ./Middlewares/Third_Party/LoRaWAN/Mac/Region/RegionCN470A26.o
LOAD ./Middlewares/Third_Party/LoRaWAN/Mac/Region/RegionCN470B20.o
LOAD ./Middlewares/Third_Party/LoRaWAN/Mac/Region/RegionCN470B26.o
LOAD ./Middlewares/Third_Party/LoRaWAN/Mac/Region/RegionCN779.o
LOAD ./Middlewares/Third_Party/LoRaWAN/Mac/Region/RegionCommon.o
LOAD ./Middlewares/Third_Party/LoRaWAN/Mac/Region/RegionEU433.o
LOAD ./Middlewares/Third_Party/LoRaWAN/Mac/Region/RegionEU868.o
LOAD ./Middlewares/Third_Party/LoRaWAN/Mac/Region/RegionIN865.o
LOAD ./Middlewares/Third_Party/LoRaWAN/Mac/Region/RegionKR920.o
LOAD ./Middlewares/Third_Party/LoRaWAN/Mac/Region/RegionRU864.o
LOAD ./Middlewares/Third_Party/LoRaWAN/Mac/Region/RegionUS915.o
LOAD ./Middlewares/Third_Party/LoRaWAN/Utilities/utilities.o
LOAD ./Middlewares/Third_Party/SubGHz_Phy/stm32_radio_driver/radio.o
LOAD ./Middlewares/Third_Party/SubGHz_Phy/stm32_radio_driver/radio_driver.o
LOAD ./Middlewares/Third_Party/SubGHz_Phy/stm32_radio_driver/radio_fw.o
LOAD ./Utilities/lpm/tiny_lpm/stm32_lpm.o
LOAD ./Utilities/misc/stm32_mem.o
LOAD ./Utilities/misc/stm32_systime.o
LOAD ./Utilities/misc/stm32_tiny_sscanf.o
LOAD ./Utilities/misc/stm32_tiny_vsnprintf.o
LOAD ./Utilities/sequencer/stm32_seq.o
LOAD ./Utilities/timer/stm32_timer.o
LOAD ./Utilities/trace/adv_trace/stm32_adv_trace.o
START GROUP
LOAD c:/st/stm32cubeide_1.9.0/stm32cubeide/plugins/com.st.stm32cube.ide.mcu.externaltools.gnu-tools-for-stm32.10.3-2021.10.win32_1.0.0.202111181127/tools/bin/../lib/gcc/arm-none-eabi/10.3.1/../../../../arm-none-eabi/lib/thumb/v7e-m/nofp\libc_nano.a
LOAD c:/st/stm32cubeide_1.9.0/stm32cubeide/plugins/com.st.stm32cube.ide.mcu.externaltools.gnu-tools-for-stm32.10.3-2021.10.win32_1.0.0.202111181127/tools/bin/../lib/gcc/arm-none-eabi/10.3.1/../../../../arm-none-eabi/lib/thumb/v7e-m/nofp\libm.a
END GROUP
START GROUP
LOAD c:/st/stm32cubeide_1.9.0/stm32cubeide/plugins/com.st.stm32cube.ide.mcu.externaltools.gnu-tools-for-stm32.10.3-2021.10.win32_1.0.0.202111181127/tools/bin/../lib/gcc/arm-none-eabi/10.3.1/thumb/v7e-m/nofp\libgcc.a
LOAD c:/st/stm32cubeide_1.9.0/stm32cubeide/plugins/com.st.stm32cube.ide.mcu.externaltools.gnu-tools-for-stm32.10.3-2021.10.win32_1.0.0.202111181127/tools/bin/../lib/gcc/arm-none-eabi/10.3.1/../../../../arm-none-eabi/lib/thumb/v7e-m/nofp\libc_nano.a
END GROUP
START GROUP
LOAD c:/st/stm32cubeide_1.9.0/stm32cubeide/plugins/com.st.stm32cube.ide.mcu.externaltools.gnu-tools-for-stm32.10.3-2021.10.win32_1.0.0.202111181127/tools/bin/../lib/gcc/arm-none-eabi/10.3.1/thumb/v7e-m/nofp\libgcc.a
LOAD c:/st/stm32cubeide_1.9.0/stm32cubeide/plugins/com.st.stm32cube.ide.mcu.externaltools.gnu-tools-for-stm32.10.3-2021.10.win32_1.0.0.202111181127/tools/bin/../lib/gcc/arm-none-eabi/10.3.1/../../../../arm-none-eabi/lib/thumb/v7e-m/nofp\libc_nano.a
LOAD c:/st/stm32cubeide_1.9.0/stm32cubeide/plugins/com.st.stm32cube.ide.mcu.externaltools.gnu-tools-for-stm32.10.3-2021.10.win32_1.0.0.202111181127/tools/bin/../lib/gcc/arm-none-eabi/10.3.1/../../../../arm-none-eabi/lib/thumb/v7e-m/nofp\libnosys.a
END GROUP
START GROUP
LOAD c:/st/stm32cubeide_1.9.0/stm32cubeide/plugins/com.st.stm32cube.ide.mcu.externaltools.gnu-tools-for-stm32.10.3-2021.10.win32_1.0.0.202111181127/tools/bin/../lib/gcc/arm-none-eabi/10.3.1/thumb/v7e-m/nofp\libgcc.a
LOAD c:/st/stm32cubeide_1.9.0/stm32cubeide/plugins/com.st.stm32cube.ide.mcu.externaltools.gnu-tools-for-stm32.10.3-2021.10.win32_1.0.0.202111181127/tools/bin/../lib/gcc/arm-none-eabi/10.3.1/../../../../arm-none-eabi/lib/thumb/v7e-m/nofp\libc_nano.a
LOAD c:/st/stm32cubeide_1.9.0/stm32cubeide/plugins/com.st.stm32cube.ide.mcu.externaltools.gnu-tools-for-stm32.10.3-2021.10.win32_1.0.0.202111181127/tools/bin/../lib/gcc/arm-none-eabi/10.3.1/../../../../arm-none-eabi/lib/thumb/v7e-m/nofp\libnosys.a
END GROUP
LOAD c:/st/stm32cubeide_1.9.0/stm32cubeide/plugins/com.st.stm32cube.ide.mcu.externaltools.gnu-tools-for-stm32.10.3-2021.10.win32_1.0.0.202111181127/tools/bin/../lib/gcc/arm-none-eabi/10.3.1/thumb/v7e-m/nofp/crtend.o
LOAD c:/st/stm32cubeide_1.9.0/stm32cubeide/plugins/com.st.stm32cube.ide.mcu.externaltools.gnu-tools-for-stm32.10.3-2021.10.win32_1.0.0.202111181127/tools/bin/../lib/gcc/arm-none-eabi/10.3.1/thumb/v7e-m/nofp/crtn.o
                0x0000000020010000                _estack = (ORIGIN (RAM) + LENGTH (RAM))
                0x0000000000000200                _Min_Heap_Size = 0x200
                0x0000000000000400                _Min_Stack_Size = 0x400

.isr_vector     0x0000000008000000      0x138
                0x0000000008000000                . = ALIGN (0x4)
 *(.isr_vector)
 .isr_vector    0x0000000008000000      0x138 ./Core/Startup/startup_stm32wle5ccux.o
                0x0000000008000000                g_pfnVectors
                0x0000000008000138                . = ALIGN (0x4)

.text           0x0000000008000140     0xe7c4
                0x0000000008000140                . = ALIGN (0x4)
 *(.text)
 .text          0x0000000008000140       0x40 c:/st/stm32cubeide_1.9.0/stm32cubeide/plugins/com.st.stm32cube.ide.mcu.externaltools.gnu-tools-for-stm32.10.3-2021.10.win32_1.0.0.202111181127/tools/bin/../lib/gcc/arm-none-eabi/10.3.1/thumb/v7e-m/nofp/crtbegin.o
 .text          0x0000000008000180       0x10 c:/st/stm32cubeide_1.9.0/stm32cubeide/plugins/com.st.stm32cube.ide.mcu.externaltools.gnu-tools-for-stm32.10.3-2021.10.win32_1.0.0.202111181127/tools/bin/../lib/gcc/arm-none-eabi/10.3.1/../../../../arm-none-eabi/lib/thumb/v7e-m/nofp\libc_nano.a(lib_a-strlen.o)
                0x0000000008000180                strlen
 .text          0x0000000008000190       0xa0 c:/st/stm32cubeide_1.9.0/stm32cubeide/plugins/com.st.stm32cube.ide.mcu.externaltools.gnu-tools-for-stm32.10.3-2021.10.win32_1.0.0.202111181127/tools/bin/../lib/gcc/arm-none-eabi/10.3.1/../../../../arm-none-eabi/lib/thumb/v7e-m/nofp\libc_nano.a(lib_a-memchr.o)
                0x0000000008000190                memchr
 .text          0x0000000008000230      0x378 c:/st/stm32cubeide_1.9.0/stm32cubeide/plugins/com.st.stm32cube.ide.mcu.externaltools.gnu-tools-for-stm32.10.3-2021.10.win32_1.0.0.202111181127/tools/bin/../lib/gcc/arm-none-eabi/10.3.1/thumb/v7e-m/nofp\libgcc.a(_arm_addsubdf3.o)
                0x0000000008000230                __aeabi_drsub
                0x0000000008000238                __aeabi_dsub
                0x0000000008000238                __subdf3
                0x000000000800023c                __aeabi_dadd
                0x000000000800023c                __adddf3
                0x00000000080004b4                __floatunsidf
                0x00000000080004b4                __aeabi_ui2d
                0x00000000080004d4                __floatsidf
                0x00000000080004d4                __aeabi_i2d
                0x00000000080004f8                __aeabi_f2d
                0x00000000080004f8                __extendsfdf2
                0x000000000800053c                __floatundidf
                0x000000000800053c                __aeabi_ul2d
                0x000000000800054c                __floatdidf
                0x000000000800054c                __aeabi_l2d
 .text          0x00000000080005a8      0x110 c:/st/stm32cubeide_1.9.0/stm32cubeide/plugins/com.st.stm32cube.ide.mcu.externaltools.gnu-tools-for-stm32.10.3-2021.10.win32_1.0.0.202111181127/tools/bin/../lib/gcc/arm-none-eabi/10.3.1/thumb/v7e-m/nofp\libgcc.a(_arm_cmpdf2.o)
                0x00000000080005a8                __gtdf2
                0x00000000080005a8                __gedf2
                0x00000000080005b0                __ltdf2
                0x00000000080005b0                __ledf2
                0x00000000080005b8                __nedf2
                0x00000000080005b8                __eqdf2
                0x00000000080005b8                __cmpdf2
                0x0000000008000634                __aeabi_cdrcmple
                0x0000000008000644                __aeabi_cdcmpeq
                0x0000000008000644                __aeabi_cdcmple
                0x0000000008000654                __aeabi_dcmpeq
                0x0000000008000668                __aeabi_dcmplt
                0x000000000800067c                __aeabi_dcmple
                0x0000000008000690                __aeabi_dcmpge
                0x00000000080006a4                __aeabi_dcmpgt
 .text          0x00000000080006b8       0x50 c:/st/stm32cubeide_1.9.0/stm32cubeide/plugins/com.st.stm32cube.ide.mcu.externaltools.gnu-tools-for-stm32.10.3-2021.10.win32_1.0.0.202111181127/tools/bin/../lib/gcc/arm-none-eabi/10.3.1/thumb/v7e-m/nofp\libgcc.a(_arm_fixdfsi.o)
                0x00000000080006b8                __aeabi_d2iz
                0x00000000080006b8                __fixdfsi
 .text          0x0000000008000708      0x21c c:/st/stm32cubeide_1.9.0/stm32cubeide/plugins/com.st.stm32cube.ide.mcu.externaltools.gnu-tools-for-stm32.10.3-2021.10.win32_1.0.0.202111181127/tools/bin/../lib/gcc/arm-none-eabi/10.3.1/thumb/v7e-m/nofp\libgcc.a(_arm_addsubsf3.o)
                0x0000000008000708                __aeabi_frsub
                0x0000000008000710                __subsf3
                0x0000000008000710                __aeabi_fsub
                0x0000000008000714                __aeabi_fadd
                0x0000000008000714                __addsf3
                0x0000000008000874                __aeabi_ui2f
                0x0000000008000874                __floatunsisf
                0x000000000800087c                __aeabi_i2f
                0x000000000800087c                __floatsisf
                0x0000000008000898                __aeabi_ul2f
                0x0000000008000898                __floatundisf
                0x00000000080008a8                __aeabi_l2f
                0x00000000080008a8                __floatdisf
 .text          0x0000000008000924       0x4c c:/st/stm32cubeide_1.9.0/stm32cubeide/plugins/com.st.stm32cube.ide.mcu.externaltools.gnu-tools-for-stm32.10.3-2021.10.win32_1.0.0.202111181127/tools/bin/../lib/gcc/arm-none-eabi/10.3.1/thumb/v7e-m/nofp\libgcc.a(_arm_fixsfsi.o)
                0x0000000008000924                __aeabi_f2iz
                0x0000000008000924                __fixsfsi
 .text          0x0000000008000970       0x30 c:/st/stm32cubeide_1.9.0/stm32cubeide/plugins/com.st.stm32cube.ide.mcu.externaltools.gnu-tools-for-stm32.10.3-2021.10.win32_1.0.0.202111181127/tools/bin/../lib/gcc/arm-none-eabi/10.3.1/thumb/v7e-m/nofp\libgcc.a(_aeabi_uldivmod.o)
                0x0000000008000970                __aeabi_uldivmod
 .text          0x00000000080009a0      0x2d0 c:/st/stm32cubeide_1.9.0/stm32cubeide/plugins/com.st.stm32cube.ide.mcu.externaltools.gnu-tools-for-stm32.10.3-2021.10.win32_1.0.0.202111181127/tools/bin/../lib/gcc/arm-none-eabi/10.3.1/thumb/v7e-m/nofp\libgcc.a(_udivmoddi4.o)
                0x00000000080009a0                __udivmoddi4
 .text          0x0000000008000c70        0x4 c:/st/stm32cubeide_1.9.0/stm32cubeide/plugins/com.st.stm32cube.ide.mcu.externaltools.gnu-tools-for-stm32.10.3-2021.10.win32_1.0.0.202111181127/tools/bin/../lib/gcc/arm-none-eabi/10.3.1/thumb/v7e-m/nofp\libgcc.a(_dvmd_tls.o)
                0x0000000008000c70                __aeabi_idiv0
                0x0000000008000c70                __aeabi_ldiv0
 *(.text*)
 .text.MX_ADC_Init
                0x0000000008000c74       0x5c ./Core/Src/adc.o
                0x0000000008000c74                MX_ADC_Init
 .text.HAL_ADC_MspInit
                0x0000000008000cd0       0x28 ./Core/Src/adc.o
                0x0000000008000cd0                HAL_ADC_MspInit
 .text.HAL_ADC_MspDeInit
                0x0000000008000cf8       0x1c ./Core/Src/adc.o
                0x0000000008000cf8                HAL_ADC_MspDeInit
 .text.ADC_ReadChannels
                0x0000000008000d14       0x68 ./Core/Src/adc_if.o
 .text.SYS_InitMeasurement
                0x0000000008000d7c       0x10 ./Core/Src/adc_if.o
                0x0000000008000d7c                SYS_InitMeasurement
 .text.SYS_GetBatteryLevel
                0x0000000008000d8c       0x34 ./Core/Src/adc_if.o
                0x0000000008000d8c                SYS_GetBatteryLevel
 .text.SYS_GetTemperatureLevel
                0x0000000008000dc0       0x7c ./Core/Src/adc_if.o
                0x0000000008000dc0                SYS_GetTemperatureLevel
 .text.MX_DMA_Init
                0x0000000008000e3c       0x40 ./Core/Src/dma.o
                0x0000000008000e3c                MX_DMA_Init
 .text.FLASH_IF_Write64
                0x0000000008000e7c       0x34 ./Core/Src/flash_if.o
                0x0000000008000e7c                FLASH_IF_Write64
 .text.FLASH_IF_Write_Buffer
                0x0000000008000eb0       0x48 ./Core/Src/flash_if.o
 .text.FLASH_IF_EraseByPages
                0x0000000008000ef8       0x2e ./Core/Src/flash_if.o
                0x0000000008000ef8                FLASH_IF_EraseByPages
 *fill*         0x0000000008000f26        0x2 
 .text.FLASH_IF_Write
                0x0000000008000f28      0x130 ./Core/Src/flash_if.o
                0x0000000008000f28                FLASH_IF_Write
 .text.LL_AHB2_GRP1_EnableClock
                0x0000000008001058       0x18 ./Core/Src/gpio.o
 .text.MX_GPIO_Init
                0x0000000008001070       0xcc ./Core/Src/gpio.o
                0x0000000008001070                MX_GPIO_Init
 .text.SystemClock_Config
                0x000000000800113c       0x8c ./Core/Src/main.o
                0x000000000800113c                SystemClock_Config
 .text.startup.main
                0x00000000080011c8       0x24 ./Core/Src/main.o
                0x00000000080011c8                main
 .text.Error_Handler
                0x00000000080011ec        0x4 ./Core/Src/main.o
                0x00000000080011ec                Error_Handler
 .text.MX_RTC_Init
                0x00000000080011f0       0x74 ./Core/Src/rtc.o
                0x00000000080011f0                MX_RTC_Init
 .text.HAL_RTC_MspInit
                0x0000000008001264       0x7c ./Core/Src/rtc.o
                0x0000000008001264                HAL_RTC_MspInit
 .text.PWR_EnterOffMode
                0x00000000080012e0        0x2 ./Core/Src/stm32_lpm_if.o
                0x00000000080012e0                PWR_EnterOffMode
 *fill*         0x00000000080012e2        0x2 
 .text.PWR_EnterStopMode
                0x00000000080012e4       0x1c ./Core/Src/stm32_lpm_if.o
                0x00000000080012e4                PWR_EnterStopMode
 .text.PWR_ExitSleepMode
                0x0000000008001300        0x4 ./Core/Src/stm32_lpm_if.o
                0x0000000008001300                PWR_ExitSleepMode
 .text.PWR_ExitStopMode
                0x0000000008001304        0xe ./Core/Src/stm32_lpm_if.o
                0x0000000008001304                PWR_ExitStopMode
 .text.PWR_EnterSleepMode
                0x0000000008001312       0x12 ./Core/Src/stm32_lpm_if.o
                0x0000000008001312                PWR_EnterSleepMode
 .text.PWR_ExitOffMode
                0x0000000008001324        0x2 ./Core/Src/stm32_lpm_if.o
                0x0000000008001324                PWR_ExitOffMode
 .text.HAL_MspInit
                0x0000000008001326        0x2 ./Core/Src/stm32wlxx_hal_msp.o
                0x0000000008001326                HAL_MspInit
 .text.NMI_Handler
                0x0000000008001328        0x2 ./Core/Src/stm32wlxx_it.o
                0x0000000008001328                NMI_Handler
 .text.HardFault_Handler
                0x000000000800132a        0x2 ./Core/Src/stm32wlxx_it.o
                0x000000000800132a                HardFault_Handler
 .text.MemManage_Handler
                0x000000000800132c        0x2 ./Core/Src/stm32wlxx_it.o
                0x000000000800132c                MemManage_Handler
 .text.BusFault_Handler
                0x000000000800132e        0x2 ./Core/Src/stm32wlxx_it.o
                0x000000000800132e                BusFault_Handler
 .text.UsageFault_Handler
                0x0000000008001330        0x2 ./Core/Src/stm32wlxx_it.o
                0x0000000008001330                UsageFault_Handler
 .text.SVC_Handler
                0x0000000008001332        0x2 ./Core/Src/stm32wlxx_it.o
                0x0000000008001332                SVC_Handler
 .text.DebugMon_Handler
                0x0000000008001334        0x2 ./Core/Src/stm32wlxx_it.o
                0x0000000008001334                DebugMon_Handler
 .text.PendSV_Handler
                0x0000000008001336        0x2 ./Core/Src/stm32wlxx_it.o
                0x0000000008001336                PendSV_Handler
 .text.SysTick_Handler
                0x0000000008001338        0x2 ./Core/Src/stm32wlxx_it.o
                0x0000000008001338                SysTick_Handler
 *fill*         0x000000000800133a        0x2 
 .text.TAMP_STAMP_LSECSS_SSRU_IRQHandler
                0x000000000800133c        0xc ./Core/Src/stm32wlxx_it.o
                0x000000000800133c                TAMP_STAMP_LSECSS_SSRU_IRQHandler
 .text.DMA1_Channel1_IRQHandler
                0x0000000008001348        0xc ./Core/Src/stm32wlxx_it.o
                0x0000000008001348                DMA1_Channel1_IRQHandler
 .text.USART2_IRQHandler
                0x0000000008001354        0xc ./Core/Src/stm32wlxx_it.o
                0x0000000008001354                USART2_IRQHandler
 .text.RTC_Alarm_IRQHandler
                0x0000000008001360        0xc ./Core/Src/stm32wlxx_it.o
                0x0000000008001360                RTC_Alarm_IRQHandler
 .text.SUBGHZ_Radio_IRQHandler
                0x000000000800136c        0xc ./Core/Src/stm32wlxx_it.o
                0x000000000800136c                SUBGHZ_Radio_IRQHandler
 .text.MX_SUBGHZ_Init
                0x0000000008001378       0x1c ./Core/Src/subghz.o
                0x0000000008001378                MX_SUBGHZ_Init
 .text.HAL_SUBGHZ_MspInit
                0x0000000008001394       0x2e ./Core/Src/subghz.o
                0x0000000008001394                HAL_SUBGHZ_MspInit
 *fill*         0x00000000080013c2        0x2 
 .text.tiny_snprintf_like.constprop.0
                0x00000000080013c4       0x20 ./Core/Src/sys_app.o
 .text.TimestampNow
                0x00000000080013e4       0x30 ./Core/Src/sys_app.o
 .text.SystemApp_Init
                0x0000000008001414       0x58 ./Core/Src/sys_app.o
                0x0000000008001414                SystemApp_Init
 .text.UTIL_SEQ_Idle
                0x000000000800146c        0x4 ./Core/Src/sys_app.o
                0x000000000800146c                UTIL_SEQ_Idle
 .text.GetBatteryLevel
                0x0000000008001470       0x30 ./Core/Src/sys_app.o
                0x0000000008001470                GetBatteryLevel
 .text.GetTemperatureLevel
                0x00000000080014a0       0x16 ./Core/Src/sys_app.o
                0x00000000080014a0                GetTemperatureLevel
 *fill*         0x00000000080014b6        0x2 
 .text.GetUniqueId
                0x00000000080014b8       0x68 ./Core/Src/sys_app.o
                0x00000000080014b8                GetUniqueId
 .text.GetDevAddr
                0x0000000008001520       0x24 ./Core/Src/sys_app.o
                0x0000000008001520                GetDevAddr
 .text.UTIL_ADV_TRACE_PostSendHook
                0x0000000008001544        0x8 ./Core/Src/sys_app.o
                0x0000000008001544                UTIL_ADV_TRACE_PostSendHook
 .text.HAL_InitTick
                0x000000000800154c        0x4 ./Core/Src/sys_app.o
                0x000000000800154c                HAL_InitTick
 .text.HAL_GetTick
                0x0000000008001550       0x10 ./Core/Src/sys_app.o
                0x0000000008001550                HAL_GetTick
 .text.HAL_Delay
                0x0000000008001560        0xc ./Core/Src/sys_app.o
                0x0000000008001560                HAL_Delay
 .text.DBG_Init
                0x000000000800156c       0x12 ./Core/Src/sys_debug.o
                0x000000000800156c                DBG_Init
 *fill*         0x000000000800157e        0x2 
 .text.EnvSensors_Read
                0x0000000008001580       0x38 ./Core/Src/sys_sensors.o
                0x0000000008001580                EnvSensors_Read
 .text.EnvSensors_Init
                0x00000000080015b8        0x4 ./Core/Src/sys_sensors.o
                0x00000000080015b8                EnvSensors_Init
 .text.SystemInit
                0x00000000080015bc        0x2 ./Core/Src/system_stm32wlxx.o
                0x00000000080015bc                SystemInit
 *fill*         0x00000000080015be        0x2 
 .text.TIMER_IF_GetTimerContext
                0x00000000080015c0        0xc ./Core/Src/timer_if.o
                0x00000000080015c0                TIMER_IF_GetTimerContext
 .text.TIMER_IF_GetMinimumTimeout
                0x00000000080015cc        0x4 ./Core/Src/timer_if.o
                0x00000000080015cc                TIMER_IF_GetMinimumTimeout
 .text.TIMER_IF_Convert_ms2Tick
                0x00000000080015d0       0x14 ./Core/Src/timer_if.o
                0x00000000080015d0                TIMER_IF_Convert_ms2Tick
 .text.TIMER_IF_Convert_Tick2ms
                0x00000000080015e4       0x10 ./Core/Src/timer_if.o
                0x00000000080015e4                TIMER_IF_Convert_Tick2ms
 .text.GetTimerTicks
                0x00000000080015f4       0x14 ./Core/Src/timer_if.o
 .text.TIMER_IF_SetTimerContext
                0x0000000008001608       0x10 ./Core/Src/timer_if.o
                0x0000000008001608                TIMER_IF_SetTimerContext
 .text.TIMER_IF_GetTimerElapsedTime
                0x0000000008001618       0x14 ./Core/Src/timer_if.o
                0x0000000008001618                TIMER_IF_GetTimerElapsedTime
 .text.TIMER_IF_GetTimerValue
                0x000000000800162c       0x10 ./Core/Src/timer_if.o
                0x000000000800162c                TIMER_IF_GetTimerValue
 .text.TIMER_IF_StopTimer
                0x000000000800163c       0x28 ./Core/Src/timer_if.o
                0x000000000800163c                TIMER_IF_StopTimer
 .text.TIMER_IF_BkUp_Write_Seconds
                0x0000000008001664       0x10 ./Core/Src/timer_if.o
                0x0000000008001664                TIMER_IF_BkUp_Write_Seconds
 .text.TIMER_IF_BkUp_Write_SubSeconds
                0x0000000008001674       0x10 ./Core/Src/timer_if.o
                0x0000000008001674                TIMER_IF_BkUp_Write_SubSeconds
 .text.TIMER_IF_StartTimer
                0x0000000008001684       0x50 ./Core/Src/timer_if.o
                0x0000000008001684                TIMER_IF_StartTimer
 .text.TIMER_IF_GetTime
                0x00000000080016d4       0x30 ./Core/Src/timer_if.o
                0x00000000080016d4                TIMER_IF_GetTime
 .text.TIMER_IF_BkUp_Read_Seconds
                0x0000000008001704        0xc ./Core/Src/timer_if.o
                0x0000000008001704                TIMER_IF_BkUp_Read_Seconds
 .text.TIMER_IF_BkUp_Read_SubSeconds
                0x0000000008001710        0xc ./Core/Src/timer_if.o
                0x0000000008001710                TIMER_IF_BkUp_Read_SubSeconds
 .text.TIMER_IF_Init
                0x000000000800171c       0x48 ./Core/Src/timer_if.o
                0x000000000800171c                TIMER_IF_Init
 .text.TIMER_IF_DelayMs
                0x0000000008001764       0x2a ./Core/Src/timer_if.o
                0x0000000008001764                TIMER_IF_DelayMs
 .text.HAL_RTC_AlarmAEventCallback
                0x000000000800178e        0x4 ./Core/Src/timer_if.o
                0x000000000800178e                HAL_RTC_AlarmAEventCallback
 *fill*         0x0000000008001792        0x2 
 .text.HAL_RTCEx_SSRUEventCallback
                0x0000000008001794       0x20 ./Core/Src/timer_if.o
                0x0000000008001794                HAL_RTCEx_SSRUEventCallback
 .text.MX_USART2_UART_Init
                0x00000000080017b4       0x64 ./Core/Src/usart.o
                0x00000000080017b4                MX_USART2_UART_Init
 .text.HAL_UART_MspInit
                0x0000000008001818       0xc8 ./Core/Src/usart.o
                0x0000000008001818                HAL_UART_MspInit
 .text.HAL_UART_MspDeInit
                0x00000000080018e0       0x38 ./Core/Src/usart.o
                0x00000000080018e0                HAL_UART_MspDeInit
 .text.vcom_Trace_DMA
                0x0000000008001918       0x14 ./Core/Src/usart_if.o
                0x0000000008001918                vcom_Trace_DMA
 .text.vcom_ReceiveInit
                0x000000000800192c       0x54 ./Core/Src/usart_if.o
                0x000000000800192c                vcom_ReceiveInit
 .text.vcom_Init
                0x0000000008001980       0x28 ./Core/Src/usart_if.o
                0x0000000008001980                vcom_Init
 .text.vcom_DeInit
                0x00000000080019a8       0x2c ./Core/Src/usart_if.o
                0x00000000080019a8                vcom_DeInit
 .text.vcom_Resume
                0x00000000080019d4       0x28 ./Core/Src/usart_if.o
                0x00000000080019d4                vcom_Resume
 .text.HAL_UART_TxCpltCallback
                0x00000000080019fc       0x1c ./Core/Src/usart_if.o
                0x00000000080019fc                HAL_UART_TxCpltCallback
 .text.HAL_UART_RxCpltCallback
                0x0000000008001a18       0x3c ./Core/Src/usart_if.o
                0x0000000008001a18                HAL_UART_RxCpltCallback
 .text.Reset_Handler
                0x0000000008001a54       0x50 ./Core/Startup/startup_stm32wle5ccux.o
                0x0000000008001a54                Reset_Handler
 .text.Default_Handler
                0x0000000008001aa4        0x2 ./Core/Startup/startup_stm32wle5ccux.o
                0x0000000008001aa4                EXTI2_IRQHandler
                0x0000000008001aa4                TIM1_CC_IRQHandler
                0x0000000008001aa4                EXTI3_IRQHandler
                0x0000000008001aa4                LPTIM2_IRQHandler
                0x0000000008001aa4                I2C3_ER_IRQHandler
                0x0000000008001aa4                LPTIM3_IRQHandler
                0x0000000008001aa4                EXTI0_IRQHandler
                0x0000000008001aa4                I2C2_EV_IRQHandler
                0x0000000008001aa4                SPI1_IRQHandler
                0x0000000008001aa4                DMA2_Channel2_IRQHandler
                0x0000000008001aa4                DMA1_Channel4_IRQHandler
                0x0000000008001aa4                PKA_IRQHandler
                0x0000000008001aa4                TIM17_IRQHandler
                0x0000000008001aa4                DMA1_Channel7_IRQHandler
                0x0000000008001aa4                SUBGHZSPI_IRQHandler
                0x0000000008001aa4                DMA2_Channel1_IRQHandler
                0x0000000008001aa4                I2C1_EV_IRQHandler
                0x0000000008001aa4                DMAMUX1_OVR_IRQHandler
                0x0000000008001aa4                DMA1_Channel6_IRQHandler
                0x0000000008001aa4                TIM16_IRQHandler
                0x0000000008001aa4                DMA2_Channel4_IRQHandler
                0x0000000008001aa4                RCC_IRQHandler
                0x0000000008001aa4                TIM1_TRG_COM_IRQHandler
                0x0000000008001aa4                Default_Handler
                0x0000000008001aa4                DMA2_Channel7_IRQHandler
                0x0000000008001aa4                EXTI15_10_IRQHandler
                0x0000000008001aa4                ADC_IRQHandler
                0x0000000008001aa4                I2C3_EV_IRQHandler
                0x0000000008001aa4                EXTI9_5_IRQHandler
                0x0000000008001aa4                RTC_WKUP_IRQHandler
                0x0000000008001aa4                PVD_PVM_IRQHandler
                0x0000000008001aa4                SPI2_IRQHandler
                0x0000000008001aa4                DMA2_Channel5_IRQHandler
                0x0000000008001aa4                DMA1_Channel5_IRQHandler
                0x0000000008001aa4                EXTI4_IRQHandler
                0x0000000008001aa4                RNG_IRQHandler
                0x0000000008001aa4                DMA1_Channel3_IRQHandler
                0x0000000008001aa4                COMP_IRQHandler
                0x0000000008001aa4                HSEM_IRQHandler
                0x0000000008001aa4                TIM1_UP_IRQHandler
                0x0000000008001aa4                WWDG_IRQHandler
                0x0000000008001aa4                LPUART1_IRQHandler
                0x0000000008001aa4                DMA2_Channel6_IRQHandler
                0x0000000008001aa4                TIM2_IRQHandler
                0x0000000008001aa4                TIM1_BRK_IRQHandler
                0x0000000008001aa4                DAC_IRQHandler
                0x0000000008001aa4                EXTI1_IRQHandler
                0x0000000008001aa4                AES_IRQHandler
                0x0000000008001aa4                I2C2_ER_IRQHandler
                0x0000000008001aa4                DMA1_Channel2_IRQHandler
                0x0000000008001aa4                FLASH_IRQHandler
                0x0000000008001aa4                USART1_IRQHandler
                0x0000000008001aa4                I2C1_ER_IRQHandler
                0x0000000008001aa4                LPTIM1_IRQHandler
                0x0000000008001aa4                DMA2_Channel3_IRQHandler
 *fill*         0x0000000008001aa6        0x2 
 .text.HAL_Init
                0x0000000008001aa8       0x2c ./Drivers/STM32WLxx_HAL_Driver/Src/stm32wlxx_hal.o
                0x0000000008001aa8                HAL_Init
 .text.HAL_SuspendTick
                0x0000000008001ad4        0xe ./Drivers/STM32WLxx_HAL_Driver/Src/stm32wlxx_hal.o
                0x0000000008001ad4                HAL_SuspendTick
 .text.HAL_ResumeTick
                0x0000000008001ae2        0xe ./Drivers/STM32WLxx_HAL_Driver/Src/stm32wlxx_hal.o
                0x0000000008001ae2                HAL_ResumeTick
 .text.HAL_GetUIDw0
                0x0000000008001af0        0xc ./Drivers/STM32WLxx_HAL_Driver/Src/stm32wlxx_hal.o
                0x0000000008001af0                HAL_GetUIDw0
 .text.HAL_GetUIDw1
                0x0000000008001afc        0xc ./Drivers/STM32WLxx_HAL_Driver/Src/stm32wlxx_hal.o
                0x0000000008001afc                HAL_GetUIDw1
 .text.HAL_GetUIDw2
                0x0000000008001b08        0xc ./Drivers/STM32WLxx_HAL_Driver/Src/stm32wlxx_hal.o
                0x0000000008001b08                HAL_GetUIDw2
 .text.HAL_DBGMCU_DisableDBGSleepMode
                0x0000000008001b14       0x10 ./Drivers/STM32WLxx_HAL_Driver/Src/stm32wlxx_hal.o
                0x0000000008001b14                HAL_DBGMCU_DisableDBGSleepMode
 .text.HAL_DBGMCU_DisableDBGStopMode
                0x0000000008001b24       0x10 ./Drivers/STM32WLxx_HAL_Driver/Src/stm32wlxx_hal.o
                0x0000000008001b24                HAL_DBGMCU_DisableDBGStopMode
 .text.HAL_DBGMCU_DisableDBGStandbyMode
                0x0000000008001b34       0x10 ./Drivers/STM32WLxx_HAL_Driver/Src/stm32wlxx_hal.o
                0x0000000008001b34                HAL_DBGMCU_DisableDBGStandbyMode
 .text.LL_ADC_REG_IsConversionOngoing
                0x0000000008001b44        0x8 ./Drivers/STM32WLxx_HAL_Driver/Src/stm32wlxx_hal_adc.o
 .text.HAL_ADC_Init
                0x0000000008001b4c      0x21c ./Drivers/STM32WLxx_HAL_Driver/Src/stm32wlxx_hal_adc.o
                0x0000000008001b4c                HAL_ADC_Init
 .text.HAL_ADC_PollForConversion
                0x0000000008001d68       0xb6 ./Drivers/STM32WLxx_HAL_Driver/Src/stm32wlxx_hal_adc.o
                0x0000000008001d68                HAL_ADC_PollForConversion
 .text.HAL_ADC_GetValue
                0x0000000008001e1e        0x6 ./Drivers/STM32WLxx_HAL_Driver/Src/stm32wlxx_hal_adc.o
                0x0000000008001e1e                HAL_ADC_GetValue
 .text.HAL_ADC_ConfigChannel
                0x0000000008001e24      0x1bc ./Drivers/STM32WLxx_HAL_Driver/Src/stm32wlxx_hal_adc.o
                0x0000000008001e24                HAL_ADC_ConfigChannel
 .text.ADC_ConversionStop
                0x0000000008001fe0       0x5c ./Drivers/STM32WLxx_HAL_Driver/Src/stm32wlxx_hal_adc.o
                0x0000000008001fe0                ADC_ConversionStop
 .text.ADC_Enable
                0x000000000800203c       0xb4 ./Drivers/STM32WLxx_HAL_Driver/Src/stm32wlxx_hal_adc.o
                0x000000000800203c                ADC_Enable
 .text.HAL_ADC_Start
                0x00000000080020f0       0x5c ./Drivers/STM32WLxx_HAL_Driver/Src/stm32wlxx_hal_adc.o
                0x00000000080020f0                HAL_ADC_Start
 .text.ADC_Disable
                0x000000000800214c       0x68 ./Drivers/STM32WLxx_HAL_Driver/Src/stm32wlxx_hal_adc.o
                0x000000000800214c                ADC_Disable
 .text.HAL_ADC_DeInit
                0x00000000080021b4       0x9c ./Drivers/STM32WLxx_HAL_Driver/Src/stm32wlxx_hal_adc.o
                0x00000000080021b4                HAL_ADC_DeInit
 .text.HAL_ADC_Stop
                0x0000000008002250       0x3c ./Drivers/STM32WLxx_HAL_Driver/Src/stm32wlxx_hal_adc.o
                0x0000000008002250                HAL_ADC_Stop
 .text.HAL_ADCEx_Calibration_Start
                0x000000000800228c      0x118 ./Drivers/STM32WLxx_HAL_Driver/Src/stm32wlxx_hal_adc_ex.o
                0x000000000800228c                HAL_ADCEx_Calibration_Start
 .text.HAL_NVIC_SetPriorityGrouping
                0x00000000080023a4       0x24 ./Drivers/STM32WLxx_HAL_Driver/Src/stm32wlxx_hal_cortex.o
                0x00000000080023a4                HAL_NVIC_SetPriorityGrouping
 .text.HAL_NVIC_SetPriority
                0x00000000080023c8       0x64 ./Drivers/STM32WLxx_HAL_Driver/Src/stm32wlxx_hal_cortex.o
                0x00000000080023c8                HAL_NVIC_SetPriority
 .text.HAL_NVIC_EnableIRQ
                0x000000000800242c       0x1c ./Drivers/STM32WLxx_HAL_Driver/Src/stm32wlxx_hal_cortex.o
                0x000000000800242c                HAL_NVIC_EnableIRQ
 .text.HAL_NVIC_DisableIRQ
                0x0000000008002448       0x28 ./Drivers/STM32WLxx_HAL_Driver/Src/stm32wlxx_hal_cortex.o
                0x0000000008002448                HAL_NVIC_DisableIRQ
 .text.DMA_SetConfig
                0x0000000008002470       0x34 ./Drivers/STM32WLxx_HAL_Driver/Src/stm32wlxx_hal_dma.o
 .text.DMA_CalcDMAMUXChannelBaseAndMask
                0x00000000080024a4       0x4c ./Drivers/STM32WLxx_HAL_Driver/Src/stm32wlxx_hal_dma.o
 .text.HAL_DMA_Init
                0x00000000080024f0       0xec ./Drivers/STM32WLxx_HAL_Driver/Src/stm32wlxx_hal_dma.o
                0x00000000080024f0                HAL_DMA_Init
 .text.HAL_DMA_DeInit
                0x00000000080025dc       0xb0 ./Drivers/STM32WLxx_HAL_Driver/Src/stm32wlxx_hal_dma.o
                0x00000000080025dc                HAL_DMA_DeInit
 .text.HAL_DMA_Start_IT
                0x000000000800268c       0x8a ./Drivers/STM32WLxx_HAL_Driver/Src/stm32wlxx_hal_dma.o
                0x000000000800268c                HAL_DMA_Start_IT
 .text.HAL_DMA_Abort
                0x0000000008002716       0x6a ./Drivers/STM32WLxx_HAL_Driver/Src/stm32wlxx_hal_dma.o
                0x0000000008002716                HAL_DMA_Abort
 .text.HAL_DMA_Abort_IT
                0x0000000008002780       0x6e ./Drivers/STM32WLxx_HAL_Driver/Src/stm32wlxx_hal_dma.o
                0x0000000008002780                HAL_DMA_Abort_IT
 *fill*         0x00000000080027ee        0x2 
 .text.HAL_DMA_IRQHandler
                0x00000000080027f0       0xac ./Drivers/STM32WLxx_HAL_Driver/Src/stm32wlxx_hal_dma.o
                0x00000000080027f0                HAL_DMA_IRQHandler
 .text.FLASH_Program_Fast
                0x000000000800289c       0x30 ./Drivers/STM32WLxx_HAL_Driver/Src/stm32wlxx_hal_flash.o
 .text.HAL_FLASH_Unlock
                0x00000000080028cc       0x24 ./Drivers/STM32WLxx_HAL_Driver/Src/stm32wlxx_hal_flash.o
                0x00000000080028cc                HAL_FLASH_Unlock
 .text.HAL_FLASH_Lock
                0x00000000080028f0       0x18 ./Drivers/STM32WLxx_HAL_Driver/Src/stm32wlxx_hal_flash.o
                0x00000000080028f0                HAL_FLASH_Lock
 .text.FLASH_WaitForLastOperation
                0x0000000008002908       0x5c ./Drivers/STM32WLxx_HAL_Driver/Src/stm32wlxx_hal_flash.o
                0x0000000008002908                FLASH_WaitForLastOperation
 .text.HAL_FLASH_Program
                0x0000000008002964       0x70 ./Drivers/STM32WLxx_HAL_Driver/Src/stm32wlxx_hal_flash.o
                0x0000000008002964                HAL_FLASH_Program
 .text.FLASH_PageErase
                0x00000000080029d4       0x1c ./Drivers/STM32WLxx_HAL_Driver/Src/stm32wlxx_hal_flash_ex.o
                0x00000000080029d4                FLASH_PageErase
 .text.HAL_FLASHEx_Erase
                0x00000000080029f0       0x9c ./Drivers/STM32WLxx_HAL_Driver/Src/stm32wlxx_hal_flash_ex.o
                0x00000000080029f0                HAL_FLASHEx_Erase
 .text.HAL_FLASHEx_Erase_IT
                0x0000000008002a8c       0x64 ./Drivers/STM32WLxx_HAL_Driver/Src/stm32wlxx_hal_flash_ex.o
                0x0000000008002a8c                HAL_FLASHEx_Erase_IT
 .text.HAL_GPIO_Init
                0x0000000008002af0      0x158 ./Drivers/STM32WLxx_HAL_Driver/Src/stm32wlxx_hal_gpio.o
                0x0000000008002af0                HAL_GPIO_Init
 .text.HAL_GPIO_DeInit
                0x0000000008002c48       0xe8 ./Drivers/STM32WLxx_HAL_Driver/Src/stm32wlxx_hal_gpio.o
                0x0000000008002c48                HAL_GPIO_DeInit
 .text.HAL_GPIO_WritePin
                0x0000000008002d30        0xa ./Drivers/STM32WLxx_HAL_Driver/Src/stm32wlxx_hal_gpio.o
                0x0000000008002d30                HAL_GPIO_WritePin
 *fill*         0x0000000008002d3a        0x2 
 .text.HAL_PWR_EnableBkUpAccess
                0x0000000008002d3c       0x10 ./Drivers/STM32WLxx_HAL_Driver/Src/stm32wlxx_hal_pwr.o
                0x0000000008002d3c                HAL_PWR_EnableBkUpAccess
 .text.HAL_PWR_EnterSLEEPMode
                0x0000000008002d4c       0x40 ./Drivers/STM32WLxx_HAL_Driver/Src/stm32wlxx_hal_pwr.o
                0x0000000008002d4c                HAL_PWR_EnterSLEEPMode
 .text.HAL_PWREx_GetVoltageRange
                0x0000000008002d8c       0x10 ./Drivers/STM32WLxx_HAL_Driver/Src/stm32wlxx_hal_pwr_ex.o
                0x0000000008002d8c                HAL_PWREx_GetVoltageRange
 .text.HAL_PWREx_EnableLowPowerRunMode
                0x0000000008002d9c       0x10 ./Drivers/STM32WLxx_HAL_Driver/Src/stm32wlxx_hal_pwr_ex.o
                0x0000000008002d9c                HAL_PWREx_EnableLowPowerRunMode
 .text.HAL_PWREx_DisableLowPowerRunMode
                0x0000000008002dac       0x40 ./Drivers/STM32WLxx_HAL_Driver/Src/stm32wlxx_hal_pwr_ex.o
                0x0000000008002dac                HAL_PWREx_DisableLowPowerRunMode
 .text.HAL_PWREx_EnterSTOP2Mode
                0x0000000008002dec       0x38 ./Drivers/STM32WLxx_HAL_Driver/Src/stm32wlxx_hal_pwr_ex.o
                0x0000000008002dec                HAL_PWREx_EnterSTOP2Mode
 .text.LL_RCC_HSE_IsReady
                0x0000000008002e24        0xc ./Drivers/STM32WLxx_HAL_Driver/Src/stm32wlxx_hal_rcc.o
 .text.LL_RCC_HSI_IsReady
                0x0000000008002e30        0xc ./Drivers/STM32WLxx_HAL_Driver/Src/stm32wlxx_hal_rcc.o
 .text.LL_RCC_MSI_IsReady
                0x0000000008002e3c        0xc ./Drivers/STM32WLxx_HAL_Driver/Src/stm32wlxx_hal_rcc.o
 .text.LL_RCC_MSI_SetCalibTrimming
                0x0000000008002e48       0x12 ./Drivers/STM32WLxx_HAL_Driver/Src/stm32wlxx_hal_rcc.o
 .text.LL_RCC_PLL_IsReady
                0x0000000008002e5a        0xc ./Drivers/STM32WLxx_HAL_Driver/Src/stm32wlxx_hal_rcc.o
 *fill*         0x0000000008002e66        0x2 
 .text.RCC_SetFlashLatencyFromMSIRange
                0x0000000008002e68       0xd4 ./Drivers/STM32WLxx_HAL_Driver/Src/stm32wlxx_hal_rcc.o
 .text.HAL_RCC_GetSysClockFreq
                0x0000000008002f3c       0xdc ./Drivers/STM32WLxx_HAL_Driver/Src/stm32wlxx_hal_rcc.o
                0x0000000008002f3c                HAL_RCC_GetSysClockFreq
 .text.HAL_RCC_GetHCLKFreq
                0x0000000008003018       0x20 ./Drivers/STM32WLxx_HAL_Driver/Src/stm32wlxx_hal_rcc.o
                0x0000000008003018                HAL_RCC_GetHCLKFreq
 .text.HAL_RCC_OscConfig
                0x0000000008003038      0x540 ./Drivers/STM32WLxx_HAL_Driver/Src/stm32wlxx_hal_rcc.o
                0x0000000008003038                HAL_RCC_OscConfig
 .text.HAL_RCC_ClockConfig
                0x0000000008003578      0x1bc ./Drivers/STM32WLxx_HAL_Driver/Src/stm32wlxx_hal_rcc.o
                0x0000000008003578                HAL_RCC_ClockConfig
 .text.HAL_RCC_GetPCLK1Freq
                0x0000000008003734       0x20 ./Drivers/STM32WLxx_HAL_Driver/Src/stm32wlxx_hal_rcc.o
                0x0000000008003734                HAL_RCC_GetPCLK1Freq
 .text.HAL_RCC_GetPCLK2Freq
                0x0000000008003754       0x20 ./Drivers/STM32WLxx_HAL_Driver/Src/stm32wlxx_hal_rcc.o
                0x0000000008003754                HAL_RCC_GetPCLK2Freq
 .text.LL_RCC_LSE_IsReady
                0x0000000008003774        0xe ./Drivers/STM32WLxx_HAL_Driver/Src/stm32wlxx_hal_rcc_ex.o
 .text.LL_RCC_SetI2CClockSource
                0x0000000008003782       0x20 ./Drivers/STM32WLxx_HAL_Driver/Src/stm32wlxx_hal_rcc_ex.o
 .text.LL_RCC_SetLPTIMClockSource
                0x00000000080037a2       0x1a ./Drivers/STM32WLxx_HAL_Driver/Src/stm32wlxx_hal_rcc_ex.o
 .text.HAL_RCCEx_PeriphCLKConfig
                0x00000000080037bc      0x1ac ./Drivers/STM32WLxx_HAL_Driver/Src/stm32wlxx_hal_rcc_ex.o
                0x00000000080037bc                HAL_RCCEx_PeriphCLKConfig
 .text.HAL_RTC_DeactivateAlarm
                0x0000000008003968       0x78 ./Drivers/STM32WLxx_HAL_Driver/Src/stm32wlxx_hal_rtc.o
                0x0000000008003968                HAL_RTC_DeactivateAlarm
 .text.HAL_RTC_AlarmIRQHandler
                0x00000000080039e0       0x34 ./Drivers/STM32WLxx_HAL_Driver/Src/stm32wlxx_hal_rtc.o
                0x00000000080039e0                HAL_RTC_AlarmIRQHandler
 .text.HAL_RTC_WaitForSynchro
                0x0000000008003a14       0x30 ./Drivers/STM32WLxx_HAL_Driver/Src/stm32wlxx_hal_rtc.o
                0x0000000008003a14                HAL_RTC_WaitForSynchro
 .text.RTC_EnterInitMode
                0x0000000008003a44       0x50 ./Drivers/STM32WLxx_HAL_Driver/Src/stm32wlxx_hal_rtc.o
                0x0000000008003a44                RTC_EnterInitMode
 .text.RTC_ExitInitMode
                0x0000000008003a94       0x48 ./Drivers/STM32WLxx_HAL_Driver/Src/stm32wlxx_hal_rtc.o
                0x0000000008003a94                RTC_ExitInitMode
 .text.HAL_RTC_Init
                0x0000000008003adc       0xa0 ./Drivers/STM32WLxx_HAL_Driver/Src/stm32wlxx_hal_rtc.o
                0x0000000008003adc                HAL_RTC_Init
 .text.RTC_ByteToBcd2
                0x0000000008003b7c       0x16 ./Drivers/STM32WLxx_HAL_Driver/Src/stm32wlxx_hal_rtc.o
                0x0000000008003b7c                RTC_ByteToBcd2
 *fill*         0x0000000008003b92        0x2 
 .text.HAL_RTC_SetAlarm_IT
                0x0000000008003b94      0x15c ./Drivers/STM32WLxx_HAL_Driver/Src/stm32wlxx_hal_rtc.o
                0x0000000008003b94                HAL_RTC_SetAlarm_IT
 .text.HAL_RTCEx_EnableBypassShadow
                0x0000000008003cf0       0x3c ./Drivers/STM32WLxx_HAL_Driver/Src/stm32wlxx_hal_rtc_ex.o
                0x0000000008003cf0                HAL_RTCEx_EnableBypassShadow
 .text.HAL_RTCEx_SetSSRU_IT
                0x0000000008003d2c       0x4c ./Drivers/STM32WLxx_HAL_Driver/Src/stm32wlxx_hal_rtc_ex.o
                0x0000000008003d2c                HAL_RTCEx_SetSSRU_IT
 .text.HAL_RTCEx_SSRUIRQHandler
                0x0000000008003d78       0x20 ./Drivers/STM32WLxx_HAL_Driver/Src/stm32wlxx_hal_rtc_ex.o
                0x0000000008003d78                HAL_RTCEx_SSRUIRQHandler
 .text.HAL_RTCEx_AlarmBEventCallback
                0x0000000008003d98        0x2 ./Drivers/STM32WLxx_HAL_Driver/Src/stm32wlxx_hal_rtc_ex.o
                0x0000000008003d98                HAL_RTCEx_AlarmBEventCallback
 .text.HAL_RTCEx_BKUPWrite
                0x0000000008003d9a        0xe ./Drivers/STM32WLxx_HAL_Driver/Src/stm32wlxx_hal_rtc_ex.o
                0x0000000008003d9a                HAL_RTCEx_BKUPWrite
 .text.HAL_RTCEx_BKUPRead
                0x0000000008003da8        0xe ./Drivers/STM32WLxx_HAL_Driver/Src/stm32wlxx_hal_rtc_ex.o
                0x0000000008003da8                HAL_RTCEx_BKUPRead
 *fill*         0x0000000008003db6        0x2 
 .text.LL_PWR_UnselectSUBGHZSPI_NSS
                0x0000000008003db8       0x14 ./Drivers/STM32WLxx_HAL_Driver/Src/stm32wlxx_hal_subghz.o
 .text.LL_PWR_SelectSUBGHZSPI_NSS
                0x0000000008003dcc       0x14 ./Drivers/STM32WLxx_HAL_Driver/Src/stm32wlxx_hal_subghz.o
 .text.SUBGHZSPI_Init
                0x0000000008003de0       0x24 ./Drivers/STM32WLxx_HAL_Driver/Src/stm32wlxx_hal_subghz.o
                0x0000000008003de0                SUBGHZSPI_Init
 .text.HAL_SUBGHZ_Init
                0x0000000008003e04       0xa0 ./Drivers/STM32WLxx_HAL_Driver/Src/stm32wlxx_hal_subghz.o
                0x0000000008003e04                HAL_SUBGHZ_Init
 .text.SUBGHZSPI_Transmit
                0x0000000008003ea4       0x68 ./Drivers/STM32WLxx_HAL_Driver/Src/stm32wlxx_hal_subghz.o
                0x0000000008003ea4                SUBGHZSPI_Transmit
 .text.SUBGHZSPI_Receive
                0x0000000008003f0c       0x6c ./Drivers/STM32WLxx_HAL_Driver/Src/stm32wlxx_hal_subghz.o
                0x0000000008003f0c                SUBGHZSPI_Receive
 .text.SUBGHZ_WaitOnBusy
                0x0000000008003f78       0x48 ./Drivers/STM32WLxx_HAL_Driver/Src/stm32wlxx_hal_subghz.o
                0x0000000008003f78                SUBGHZ_WaitOnBusy
 .text.SUBGHZ_CheckDeviceReady
                0x0000000008003fc0       0x38 ./Drivers/STM32WLxx_HAL_Driver/Src/stm32wlxx_hal_subghz.o
                0x0000000008003fc0                SUBGHZ_CheckDeviceReady
 .text.HAL_SUBGHZ_WriteRegisters
                0x0000000008003ff8       0x72 ./Drivers/STM32WLxx_HAL_Driver/Src/stm32wlxx_hal_subghz.o
                0x0000000008003ff8                HAL_SUBGHZ_WriteRegisters
 .text.HAL_SUBGHZ_ReadRegisters
                0x000000000800406a       0x76 ./Drivers/STM32WLxx_HAL_Driver/Src/stm32wlxx_hal_subghz.o
                0x000000000800406a                HAL_SUBGHZ_ReadRegisters
 .text.HAL_SUBGHZ_ExecSetCmd
                0x00000000080040e0       0x70 ./Drivers/STM32WLxx_HAL_Driver/Src/stm32wlxx_hal_subghz.o
                0x00000000080040e0                HAL_SUBGHZ_ExecSetCmd
 .text.HAL_SUBGHZ_ExecGetCmd
                0x0000000008004150       0x66 ./Drivers/STM32WLxx_HAL_Driver/Src/stm32wlxx_hal_subghz.o
                0x0000000008004150                HAL_SUBGHZ_ExecGetCmd
 .text.HAL_SUBGHZ_IRQHandler
                0x00000000080041b6       0x90 ./Drivers/STM32WLxx_HAL_Driver/Src/stm32wlxx_hal_subghz.o
                0x00000000080041b6                HAL_SUBGHZ_IRQHandler
 .text.HAL_SUBGHZ_WriteBuffer
                0x0000000008004246       0x66 ./Drivers/STM32WLxx_HAL_Driver/Src/stm32wlxx_hal_subghz.o
                0x0000000008004246                HAL_SUBGHZ_WriteBuffer
 .text.HAL_SUBGHZ_ReadBuffer
                0x00000000080042ac       0x6e ./Drivers/STM32WLxx_HAL_Driver/Src/stm32wlxx_hal_subghz.o
                0x00000000080042ac                HAL_SUBGHZ_ReadBuffer
 .text.UART_EndTxTransfer
                0x000000000800431a       0x34 ./Drivers/STM32WLxx_HAL_Driver/Src/stm32wlxx_hal_uart.o
 *fill*         0x000000000800434e        0x2 
 .text.UART_EndRxTransfer
                0x0000000008004350       0x58 ./Drivers/STM32WLxx_HAL_Driver/Src/stm32wlxx_hal_uart.o
 .text.HAL_UART_Transmit_DMA
                0x00000000080043a8       0xa8 ./Drivers/STM32WLxx_HAL_Driver/Src/stm32wlxx_hal_uart.o
                0x00000000080043a8                HAL_UART_Transmit_DMA
 .text.UART_DMATransmitCplt
                0x0000000008004450       0x46 ./Drivers/STM32WLxx_HAL_Driver/Src/stm32wlxx_hal_uart.o
 .text.HAL_UART_TxHalfCpltCallback
                0x0000000008004496        0x2 ./Drivers/STM32WLxx_HAL_Driver/Src/stm32wlxx_hal_uart.o
                0x0000000008004496                HAL_UART_TxHalfCpltCallback
 .text.UART_DMATxHalfCplt
                0x0000000008004498        0xa ./Drivers/STM32WLxx_HAL_Driver/Src/stm32wlxx_hal_uart.o
 .text.HAL_UART_ErrorCallback
                0x00000000080044a2        0x2 ./Drivers/STM32WLxx_HAL_Driver/Src/stm32wlxx_hal_uart.o
                0x00000000080044a2                HAL_UART_ErrorCallback
 .text.UART_DMAError
                0x00000000080044a4       0x4a ./Drivers/STM32WLxx_HAL_Driver/Src/stm32wlxx_hal_uart.o
 .text.UART_DMAAbortOnError
                0x00000000080044ee       0x14 ./Drivers/STM32WLxx_HAL_Driver/Src/stm32wlxx_hal_uart.o
 .text.HAL_UARTEx_RxEventCallback
                0x0000000008004502        0x2 ./Drivers/STM32WLxx_HAL_Driver/Src/stm32wlxx_hal_uart.o
                0x0000000008004502                HAL_UARTEx_RxEventCallback
 .text.HAL_UART_IRQHandler
                0x0000000008004504      0x2e8 ./Drivers/STM32WLxx_HAL_Driver/Src/stm32wlxx_hal_uart.o
                0x0000000008004504                HAL_UART_IRQHandler
 .text.UART_RxISR_8BIT
                0x00000000080047ec       0xa2 ./Drivers/STM32WLxx_HAL_Driver/Src/stm32wlxx_hal_uart.o
 .text.UART_RxISR_16BIT
                0x000000000800488e       0x9c ./Drivers/STM32WLxx_HAL_Driver/Src/stm32wlxx_hal_uart.o
 *fill*         0x000000000800492a        0x2 
 .text.UART_RxISR_8BIT_FIFOEN
                0x000000000800492c      0x17c ./Drivers/STM32WLxx_HAL_Driver/Src/stm32wlxx_hal_uart.o
 .text.UART_RxISR_16BIT_FIFOEN
                0x0000000008004aa8      0x178 ./Drivers/STM32WLxx_HAL_Driver/Src/stm32wlxx_hal_uart.o
 .text.UART_SetConfig
                0x0000000008004c20      0x234 ./Drivers/STM32WLxx_HAL_Driver/Src/stm32wlxx_hal_uart.o
                0x0000000008004c20                UART_SetConfig
 .text.UART_AdvFeatureConfig
                0x0000000008004e54       0xa8 ./Drivers/STM32WLxx_HAL_Driver/Src/stm32wlxx_hal_uart.o
                0x0000000008004e54                UART_AdvFeatureConfig
 .text.UART_WaitOnFlagUntilTimeout
                0x0000000008004efc       0xc4 ./Drivers/STM32WLxx_HAL_Driver/Src/stm32wlxx_hal_uart.o
                0x0000000008004efc                UART_WaitOnFlagUntilTimeout
 .text.UART_CheckIdleState
                0x0000000008004fc0       0x68 ./Drivers/STM32WLxx_HAL_Driver/Src/stm32wlxx_hal_uart.o
                0x0000000008004fc0                UART_CheckIdleState
 .text.HAL_UART_Init
                0x0000000008005028       0x60 ./Drivers/STM32WLxx_HAL_Driver/Src/stm32wlxx_hal_uart.o
                0x0000000008005028                HAL_UART_Init
 .text.UART_Start_Receive_IT
                0x0000000008005088      0x124 ./Drivers/STM32WLxx_HAL_Driver/Src/stm32wlxx_hal_uart.o
                0x0000000008005088                UART_Start_Receive_IT
 .text.HAL_UART_Receive_IT
                0x00000000080051ac       0x54 ./Drivers/STM32WLxx_HAL_Driver/Src/stm32wlxx_hal_uart.o
                0x00000000080051ac                HAL_UART_Receive_IT
 .text.UARTEx_SetNbDataToProcess
                0x0000000008005200       0x44 ./Drivers/STM32WLxx_HAL_Driver/Src/stm32wlxx_hal_uart_ex.o
 .text.HAL_UARTEx_WakeupCallback
                0x0000000008005244        0x2 ./Drivers/STM32WLxx_HAL_Driver/Src/stm32wlxx_hal_uart_ex.o
                0x0000000008005244                HAL_UARTEx_WakeupCallback
 .text.HAL_UARTEx_RxFifoFullCallback
                0x0000000008005246        0x2 ./Drivers/STM32WLxx_HAL_Driver/Src/stm32wlxx_hal_uart_ex.o
                0x0000000008005246                HAL_UARTEx_RxFifoFullCallback
 .text.HAL_UARTEx_TxFifoEmptyCallback
                0x0000000008005248        0x2 ./Drivers/STM32WLxx_HAL_Driver/Src/stm32wlxx_hal_uart_ex.o
                0x0000000008005248                HAL_UARTEx_TxFifoEmptyCallback
 .text.HAL_UARTEx_StopModeWakeUpSourceConfig
                0x000000000800524a       0x8c ./Drivers/STM32WLxx_HAL_Driver/Src/stm32wlxx_hal_uart_ex.o
                0x000000000800524a                HAL_UARTEx_StopModeWakeUpSourceConfig
 .text.HAL_UARTEx_EnableStopMode
                0x00000000080052d6       0x2c ./Drivers/STM32WLxx_HAL_Driver/Src/stm32wlxx_hal_uart_ex.o
                0x00000000080052d6                HAL_UARTEx_EnableStopMode
 .text.HAL_UARTEx_DisableFifoMode
                0x0000000008005302       0x36 ./Drivers/STM32WLxx_HAL_Driver/Src/stm32wlxx_hal_uart_ex.o
                0x0000000008005302                HAL_UARTEx_DisableFifoMode
 .text.HAL_UARTEx_SetTxFifoThreshold
                0x0000000008005338       0x48 ./Drivers/STM32WLxx_HAL_Driver/Src/stm32wlxx_hal_uart_ex.o
                0x0000000008005338                HAL_UARTEx_SetTxFifoThreshold
 .text.HAL_UARTEx_SetRxFifoThreshold
                0x0000000008005380       0x48 ./Drivers/STM32WLxx_HAL_Driver/Src/stm32wlxx_hal_uart_ex.o
                0x0000000008005380                HAL_UARTEx_SetRxFifoThreshold
 .text.MX_LoRaWAN_Init
                0x00000000080053c8        0xe ./LoRaWAN/App/app_lorawan.o
                0x00000000080053c8                MX_LoRaWAN_Init
 .text.MX_LoRaWAN_Process
                0x00000000080053d6        0x8 ./LoRaWAN/App/app_lorawan.o
                0x00000000080053d6                MX_LoRaWAN_Process
 .text.OnRxData
                0x00000000080053de        0x2 ./LoRaWAN/App/lora_app.o
 .text.OnJoinRequest
                0x00000000080053e0        0x2 ./LoRaWAN/App/lora_app.o
 .text.OnClassChange
                0x00000000080053e2        0x2 ./LoRaWAN/App/lora_app.o
 .text.OnTxFrameCtrlChanged
                0x00000000080053e4        0xc ./LoRaWAN/App/lora_app.o
 .text.OnPingSlotPeriodicityChanged
                0x00000000080053f0        0xc ./LoRaWAN/App/lora_app.o
 .text.OnTxTimerEvent
                0x00000000080053fc       0x18 ./LoRaWAN/App/lora_app.o
 .text.OnMacProcessNotify
                0x0000000008005414        0x8 ./LoRaWAN/App/lora_app.o
 .text.OnTxPeriodicityChanged
                0x000000000800541c       0x30 ./LoRaWAN/App/lora_app.o
 .text.OnRestoreContextRequest
                0x000000000800544c        0xc ./LoRaWAN/App/lora_app.o
 .text.StopJoin
                0x0000000008005458       0x44 ./LoRaWAN/App/lora_app.o
 .text.StoreContext
                0x000000000800549c        0x4 ./LoRaWAN/App/lora_app.o
 .text.SendTxData
                0x00000000080054a0       0x6c ./LoRaWAN/App/lora_app.o
 .text.OnStopJoinTimerEvent
                0x000000000800550c       0x18 ./LoRaWAN/App/lora_app.o
 .text.OnSystemReset
                0x0000000008005524       0x34 ./LoRaWAN/App/lora_app.o
 .text.OnStoreContextRequest
                0x0000000008005558       0x54 ./LoRaWAN/App/lora_app.o
 .text.OnNvmDataChange
                0x00000000080055ac        0x2 ./LoRaWAN/App/lora_app.o
 .text.OnTxData
                0x00000000080055ae        0x2 ./LoRaWAN/App/lora_app.o
 .text.OnBeaconStatusChange
                0x00000000080055b0        0x2 ./LoRaWAN/App/lora_app.o
 *fill*         0x00000000080055b2        0x2 
 .text.LoRaWAN_Init
                0x00000000080055b4       0xa8 ./LoRaWAN/App/lora_app.o
                0x00000000080055b4                LoRaWAN_Init
 .text.LoraInfo_Init
                0x000000000800565c       0x18 ./LoRaWAN/App/lora_info.o
                0x000000000800565c                LoraInfo_Init
 .text.LoraInfo_GetPtr
                0x0000000008005674        0x8 ./LoRaWAN/App/lora_info.o
                0x0000000008005674                LoraInfo_GetPtr
 .text.RBI_Init
                0x000000000800567c       0x5c ./LoRaWAN/Target/radio_board_if.o
                0x000000000800567c                RBI_Init
 .text.RBI_ConfigRFSwitch
                0x00000000080056d8       0x4c ./LoRaWAN/Target/radio_board_if.o
                0x00000000080056d8                RBI_ConfigRFSwitch
 .text.RBI_GetTxConfig
                0x0000000008005724        0x4 ./LoRaWAN/Target/radio_board_if.o
                0x0000000008005724                RBI_GetTxConfig
 .text.RBI_IsTCXO
                0x0000000008005728        0x4 ./LoRaWAN/Target/radio_board_if.o
                0x0000000008005728                RBI_IsTCXO
 .text.RBI_IsDCDC
                0x000000000800572c        0x4 ./LoRaWAN/Target/radio_board_if.o
                0x000000000800572c                RBI_IsDCDC
 .text.RBI_GetRFOMaxPowerConfig
                0x0000000008005730        0xa ./LoRaWAN/Target/radio_board_if.o
                0x0000000008005730                RBI_GetRFOMaxPowerConfig
 .text.AES_CMAC_Init
                0x000000000800573a       0x20 ./Middlewares/Third_Party/LoRaWAN/Crypto/cmac.o
                0x000000000800573a                AES_CMAC_Init
 .text.AES_CMAC_SetKey
                0x000000000800575a        0xa ./Middlewares/Third_Party/LoRaWAN/Crypto/cmac.o
                0x000000000800575a                AES_CMAC_SetKey
 .text.AES_CMAC_Update
                0x0000000008005764       0xce ./Middlewares/Third_Party/LoRaWAN/Crypto/cmac.o
                0x0000000008005764                AES_CMAC_Update
 .text.AES_CMAC_Final
                0x0000000008005832      0x164 ./Middlewares/Third_Party/LoRaWAN/Crypto/cmac.o
                0x0000000008005832                AES_CMAC_Final
 .text.xor_block
                0x0000000008005996       0x82 ./Middlewares/Third_Party/LoRaWAN/Crypto/lorawan_aes.o
 .text.copy_and_key
                0x0000000008005a18       0x84 ./Middlewares/Third_Party/LoRaWAN/Crypto/lorawan_aes.o
 .text.lorawan_aes_set_key
                0x0000000008005a9c       0xf8 ./Middlewares/Third_Party/LoRaWAN/Crypto/lorawan_aes.o
                0x0000000008005a9c                lorawan_aes_set_key
 .text.lorawan_aes_encrypt
                0x0000000008005b94      0x2ac ./Middlewares/Third_Party/LoRaWAN/Crypto/lorawan_aes.o
                0x0000000008005b94                lorawan_aes_encrypt
 .text.SecureElementInit
                0x0000000008005e40       0x20 ./Middlewares/Third_Party/LoRaWAN/Crypto/soft-se.o
                0x0000000008005e40                SecureElementInit
 .text.SecureElementGetKeyByID
                0x0000000008005e60       0x30 ./Middlewares/Third_Party/LoRaWAN/Crypto/soft-se.o
                0x0000000008005e60                SecureElementGetKeyByID
 .text.ComputeCmac
                0x0000000008005e90       0x66 ./Middlewares/Third_Party/LoRaWAN/Crypto/soft-se.o
 .text.PrintKey
                0x0000000008005ef6        0xe ./Middlewares/Third_Party/LoRaWAN/Crypto/soft-se.o
 .text.SecureElementPrintKeys
                0x0000000008005f04       0x1e ./Middlewares/Third_Party/LoRaWAN/Crypto/soft-se.o
                0x0000000008005f04                SecureElementPrintKeys
 .text.SecureElementPrintSessionKeys
                0x0000000008005f22       0x1e ./Middlewares/Third_Party/LoRaWAN/Crypto/soft-se.o
                0x0000000008005f22                SecureElementPrintSessionKeys
 .text.SecureElementComputeAesCmac
                0x0000000008005f40       0x12 ./Middlewares/Third_Party/LoRaWAN/Crypto/soft-se.o
                0x0000000008005f40                SecureElementComputeAesCmac
 .text.SecureElementVerifyAesCmac
                0x0000000008005f52       0x2c ./Middlewares/Third_Party/LoRaWAN/Crypto/soft-se.o
                0x0000000008005f52                SecureElementVerifyAesCmac
 .text.SecureElementAesEncrypt
                0x0000000008005f7e       0x64 ./Middlewares/Third_Party/LoRaWAN/Crypto/soft-se.o
                0x0000000008005f7e                SecureElementAesEncrypt
 *fill*         0x0000000008005fe2        0x2 
 .text.SecureElementSetKey.part.0
                0x0000000008005fe4       0x68 ./Middlewares/Third_Party/LoRaWAN/Crypto/soft-se.o
 .text.SecureElementSetKey
                0x000000000800604c        0xa ./Middlewares/Third_Party/LoRaWAN/Crypto/soft-se.o
                0x000000000800604c                SecureElementSetKey
 .text.SecureElementDeriveAndStoreKey
                0x0000000008006056       0x38 ./Middlewares/Third_Party/LoRaWAN/Crypto/soft-se.o
                0x0000000008006056                SecureElementDeriveAndStoreKey
 .text.SecureElementProcessJoinAccept
                0x000000000800608e       0x86 ./Middlewares/Third_Party/LoRaWAN/Crypto/soft-se.o
                0x000000000800608e                SecureElementProcessJoinAccept
 .text.SecureElementRandomNumber
                0x0000000008006114       0x1c ./Middlewares/Third_Party/LoRaWAN/Crypto/soft-se.o
                0x0000000008006114                SecureElementRandomNumber
 .text.SecureElementSetDevEui
                0x0000000008006130       0x1c ./Middlewares/Third_Party/LoRaWAN/Crypto/soft-se.o
                0x0000000008006130                SecureElementSetDevEui
 .text.SecureElementGetDevEui
                0x000000000800614c        0xc ./Middlewares/Third_Party/LoRaWAN/Crypto/soft-se.o
                0x000000000800614c                SecureElementGetDevEui
 .text.SecureElementSetJoinEui
                0x0000000008006158       0x20 ./Middlewares/Third_Party/LoRaWAN/Crypto/soft-se.o
                0x0000000008006158                SecureElementSetJoinEui
 .text.SecureElementGetJoinEui
                0x0000000008006178        0xc ./Middlewares/Third_Party/LoRaWAN/Crypto/soft-se.o
                0x0000000008006178                SecureElementGetJoinEui
 .text.LmHandlerDeviceTimeReq
                0x0000000008006184       0x28 ./Middlewares/Third_Party/LoRaWAN/LmHandler/LmHandler.o
                0x0000000008006184                LmHandlerDeviceTimeReq
 .text.McpsConfirm
                0x00000000080061ac       0x54 ./Middlewares/Third_Party/LoRaWAN/LmHandler/LmHandler.o
 .text.LmHandlerProcess
                0x0000000008006200       0x38 ./Middlewares/Third_Party/LoRaWAN/LmHandler/LmHandler.o
                0x0000000008006200                LmHandlerProcess
 .text.LmHandlerGetDutyCycleWaitTime
                0x0000000008006238        0xc ./Middlewares/Third_Party/LoRaWAN/LmHandler/LmHandler.o
                0x0000000008006238                LmHandlerGetDutyCycleWaitTime
 .text.LmHandlerJoinStatus
                0x0000000008006244       0x26 ./Middlewares/Third_Party/LoRaWAN/LmHandler/LmHandler.o
                0x0000000008006244                LmHandlerJoinStatus
 *fill*         0x000000000800626a        0x2 
 .text.LmHandlerRequestClass
                0x000000000800626c       0x94 ./Middlewares/Third_Party/LoRaWAN/LmHandler/LmHandler.o
                0x000000000800626c                LmHandlerRequestClass
 .text.LmHandlerJoin
                0x0000000008006300       0xb0 ./Middlewares/Third_Party/LoRaWAN/LmHandler/LmHandler.o
                0x0000000008006300                LmHandlerJoin
 .text.LmHandlerSend
                0x00000000080063b0      0x148 ./Middlewares/Third_Party/LoRaWAN/LmHandler/LmHandler.o
                0x00000000080063b0                LmHandlerSend
 .text.MlmeIndication
                0x00000000080064f8       0x84 ./Middlewares/Third_Party/LoRaWAN/LmHandler/LmHandler.o
 .text.LmHandlerGetCurrentClass
                0x000000000800657c       0x28 ./Middlewares/Third_Party/LoRaWAN/LmHandler/LmHandler.o
                0x000000000800657c                LmHandlerGetCurrentClass
 .text.McpsIndication
                0x00000000080065a4       0xc4 ./Middlewares/Third_Party/LoRaWAN/LmHandler/LmHandler.o
 .text.LmHandlerGetTxDatarate
                0x0000000008006668       0x30 ./Middlewares/Third_Party/LoRaWAN/LmHandler/LmHandler.o
                0x0000000008006668                LmHandlerGetTxDatarate
 .text.MlmeConfirm
                0x0000000008006698       0xc0 ./Middlewares/Third_Party/LoRaWAN/LmHandler/LmHandler.o
 .text.LmHandlerSetSystemMaxRxError
                0x0000000008006758       0x20 ./Middlewares/Third_Party/LoRaWAN/LmHandler/LmHandler.o
                0x0000000008006758                LmHandlerSetSystemMaxRxError
 .text.LmHandlerConfigure
                0x0000000008006778      0x1b4 ./Middlewares/Third_Party/LoRaWAN/LmHandler/LmHandler.o
                0x0000000008006778                LmHandlerConfigure
 .text.LmHandlerPackageRegister
                0x000000000800692c       0x54 ./Middlewares/Third_Party/LoRaWAN/LmHandler/LmHandler.o
                0x000000000800692c                LmHandlerPackageRegister
 .text.LmHandlerInit
                0x0000000008006980       0x64 ./Middlewares/Third_Party/LoRaWAN/LmHandler/LmHandler.o
                0x0000000008006980                LmHandlerInit
 .text.LmHandlerStop
                0x00000000080069e4       0x12 ./Middlewares/Third_Party/LoRaWAN/LmHandler/LmHandler.o
                0x00000000080069e4                LmHandlerStop
 .text.LmHandlerHalt
                0x00000000080069f6       0x12 ./Middlewares/Third_Party/LoRaWAN/LmHandler/LmHandler.o
                0x00000000080069f6                LmHandlerHalt
 .text.LmHandlerNvmDataStore
                0x0000000008006a08       0x68 ./Middlewares/Third_Party/LoRaWAN/LmHandler/LmHandler.o
                0x0000000008006a08                LmHandlerNvmDataStore
 .text.NvmDataMgmtEvent
                0x0000000008006a70        0x2 ./Middlewares/Third_Party/LoRaWAN/LmHandler/NvmDataMgmt.o
                0x0000000008006a70                NvmDataMgmtEvent
 .text.NvmDataMgmtStoreBegin
                0x0000000008006a72        0x6 ./Middlewares/Third_Party/LoRaWAN/LmHandler/NvmDataMgmt.o
                0x0000000008006a72                NvmDataMgmtStoreBegin
 .text.NvmDataMgmtStoreEnd
                0x0000000008006a78        0x6 ./Middlewares/Third_Party/LoRaWAN/LmHandler/NvmDataMgmt.o
                0x0000000008006a78                NvmDataMgmtStoreEnd
 *fill*         0x0000000008006a7e        0x2 
 .text.LmhpComplianceInit
                0x0000000008006a80       0x24 ./Middlewares/Third_Party/LoRaWAN/LmHandler/Packages/LmhpCompliance.o
 .text.LmhpComplianceIsInitialized
                0x0000000008006aa4        0xc ./Middlewares/Third_Party/LoRaWAN/LmHandler/Packages/LmhpCompliance.o
 .text.LmhpComplianceIsRunning
                0x0000000008006ab0       0x10 ./Middlewares/Third_Party/LoRaWAN/LmHandler/Packages/LmhpCompliance.o
 .text.LmhpComplianceProcess
                0x0000000008006ac0        0x2 ./Middlewares/Third_Party/LoRaWAN/LmHandler/Packages/LmhpCompliance.o
 *fill*         0x0000000008006ac2        0x2 
 .text.LmhpComplianceOnMcpsConfirm
                0x0000000008006ac4       0x20 ./Middlewares/Third_Party/LoRaWAN/LmHandler/Packages/LmhpCompliance.o
 .text.LmhpComplianceOnMlmeConfirm
                0x0000000008006ae4       0x24 ./Middlewares/Third_Party/LoRaWAN/LmHandler/Packages/LmhpCompliance.o
 .text.LmhpComplianceTxProcess.isra.0
                0x0000000008006b08       0x74 ./Middlewares/Third_Party/LoRaWAN/LmHandler/Packages/LmhpCompliance.o
 .text.OnComplianceTxNextPacketTimerEvent
                0x0000000008006b7c        0x4 ./Middlewares/Third_Party/LoRaWAN/LmHandler/Packages/LmhpCompliance.o
 .text.LmhpComplianceOnMcpsIndication
                0x0000000008006b80      0x1f8 ./Middlewares/Third_Party/LoRaWAN/LmHandler/Packages/LmhpCompliance.o
 .text.LmhpCompliancePackageFactory
                0x0000000008006d78        0x8 ./Middlewares/Third_Party/LoRaWAN/LmHandler/Packages/LmhpCompliance.o
                0x0000000008006d78                LmhpCompliancePackageFactory
 .text.OnRadioTxTimeout
                0x0000000008006d80       0x24 ./Middlewares/Third_Party/LoRaWAN/Mac/LoRaMac.o
 .text.OnRadioRxError
                0x0000000008006da4       0x24 ./Middlewares/Third_Party/LoRaWAN/Mac/LoRaMac.o
 .text.OnRadioRxTimeout
                0x0000000008006dc8       0x24 ./Middlewares/Third_Party/LoRaWAN/Mac/LoRaMac.o
 .text.UpdateRxSlotIdleState
                0x0000000008006dec       0x1c ./Middlewares/Third_Party/LoRaWAN/Mac/LoRaMac.o
 .text.GetMaxAppPayloadWithoutFOptsLength
                0x0000000008006e08       0x38 ./Middlewares/Third_Party/LoRaWAN/Mac/LoRaMac.o
 .text.OnAckTimeoutTimerEvent
                0x0000000008006e40       0x48 ./Middlewares/Third_Party/LoRaWAN/Mac/LoRaMac.o
 .text.PrepareRxDoneAbort
                0x0000000008006e88       0x38 ./Middlewares/Third_Party/LoRaWAN/Mac/LoRaMac.o
 .text.HandleRadioRxErrorTimeout
                0x0000000008006ec0       0xc8 ./Middlewares/Third_Party/LoRaWAN/Mac/LoRaMac.o
 .text.OnRadioRxDone
                0x0000000008006f88       0x48 ./Middlewares/Third_Party/LoRaWAN/Mac/LoRaMac.o
 .text.OnRadioTxDone
                0x0000000008006fd0       0x4c ./Middlewares/Third_Party/LoRaWAN/Mac/LoRaMac.o
 .text.ResetMacParameters
                0x000000000800701c      0x118 ./Middlewares/Third_Party/LoRaWAN/Mac/LoRaMac.o
 .text.ScheduleTx
                0x0000000008007134      0x2e8 ./Middlewares/Third_Party/LoRaWAN/Mac/LoRaMac.o
 .text.OpenContinuousRxCWindow
                0x000000000800741c       0x60 ./Middlewares/Third_Party/LoRaWAN/Mac/LoRaMac.o
 .text.SwitchClass
                0x000000000800747c       0xcc ./Middlewares/Third_Party/LoRaWAN/Mac/LoRaMac.o
 .text.RxWindowSetup.constprop.0
                0x0000000008007548       0x44 ./Middlewares/Third_Party/LoRaWAN/Mac/LoRaMac.o
 .text.OnRxWindow1TimerEvent
                0x000000000800758c       0x40 ./Middlewares/Third_Party/LoRaWAN/Mac/LoRaMac.o
 .text.OnRxWindow2TimerEvent
                0x00000000080075cc       0x48 ./Middlewares/Third_Party/LoRaWAN/Mac/LoRaMac.o
 .text.LoRaMacHandleNvm.part.0.constprop.0
                0x0000000008007614       0xf4 ./Middlewares/Third_Party/LoRaWAN/Mac/LoRaMac.o
 .text.ProcessMacCommands.constprop.0
                0x0000000008007708      0x598 ./Middlewares/Third_Party/LoRaWAN/Mac/LoRaMac.o
 .text.StopRetransmission.isra.0
                0x0000000008007ca0       0x44 ./Middlewares/Third_Party/LoRaWAN/Mac/LoRaMac.o
 .text.OnTxDelayedTimerEvent
                0x0000000008007ce4       0x54 ./Middlewares/Third_Party/LoRaWAN/Mac/LoRaMac.o
 .text.LoRaMacIsBusy
                0x0000000008007d38       0x1c ./Middlewares/Third_Party/LoRaWAN/Mac/LoRaMac.o
                0x0000000008007d38                LoRaMacIsBusy
 .text.LoRaMacProcess
                0x0000000008007d54      0x8a0 ./Middlewares/Third_Party/LoRaWAN/Mac/LoRaMac.o
                0x0000000008007d54                LoRaMacProcess
 .text.LoRaMacInitialization
                0x00000000080085f4      0x374 ./Middlewares/Third_Party/LoRaWAN/Mac/LoRaMac.o
                0x00000000080085f4                LoRaMacInitialization
 .text.LoRaMacStart
                0x0000000008008968       0x10 ./Middlewares/Third_Party/LoRaWAN/Mac/LoRaMac.o
                0x0000000008008968                LoRaMacStart
 .text.LoRaMacStop
                0x0000000008008978       0x24 ./Middlewares/Third_Party/LoRaWAN/Mac/LoRaMac.o
                0x0000000008008978                LoRaMacStop
 .text.LoRaMacHalt
                0x000000000800899c       0x60 ./Middlewares/Third_Party/LoRaWAN/Mac/LoRaMac.o
                0x000000000800899c                LoRaMacHalt
 .text.LoRaMacQueryTxPossible
                0x00000000080089fc       0xb0 ./Middlewares/Third_Party/LoRaWAN/Mac/LoRaMac.o
                0x00000000080089fc                LoRaMacQueryTxPossible
 .text.LoRaMacMibGetRequestConfirm
                0x0000000008008aac      0x188 ./Middlewares/Third_Party/LoRaWAN/Mac/LoRaMac.o
                0x0000000008008aac                LoRaMacMibGetRequestConfirm
 .text.LoRaMacMibSetRequestConfirm
                0x0000000008008c34      0x44c ./Middlewares/Third_Party/LoRaWAN/Mac/LoRaMac.o
                0x0000000008008c34                LoRaMacMibSetRequestConfirm
 .text.LoRaMacMlmeRequest
                0x0000000008009080      0x1ec ./Middlewares/Third_Party/LoRaWAN/Mac/LoRaMac.o
                0x0000000008009080                LoRaMacMlmeRequest
 .text.LoRaMacMcpsRequest
                0x000000000800926c      0x310 ./Middlewares/Third_Party/LoRaWAN/Mac/LoRaMac.o
                0x000000000800926c                LoRaMacMcpsRequest
 .text.LoRaMacTestSetDutyCycleOn
                0x000000000800957c       0x24 ./Middlewares/Third_Party/LoRaWAN/Mac/LoRaMac.o
                0x000000000800957c                LoRaMacTestSetDutyCycleOn
 .text.LoRaMacDeInitialization
                0x00000000080095a0       0x4c ./Middlewares/Third_Party/LoRaWAN/Mac/LoRaMac.o
                0x00000000080095a0                LoRaMacDeInitialization
 .text.LoRaMacAdrCalcNext
                0x00000000080095ec       0xdc ./Middlewares/Third_Party/LoRaWAN/Mac/LoRaMacAdr.o
                0x00000000080095ec                LoRaMacAdrCalcNext
 .text.LoRaMacClassBInit
                0x00000000080096c8        0x2 ./Middlewares/Third_Party/LoRaWAN/Mac/LoRaMacClassB.o
                0x00000000080096c8                LoRaMacClassBInit
 .text.LoRaMacClassBSetBeaconState
                0x00000000080096ca        0x2 ./Middlewares/Third_Party/LoRaWAN/Mac/LoRaMacClassB.o
                0x00000000080096ca                LoRaMacClassBSetBeaconState
 .text.LoRaMacClassBSetPingSlotState
                0x00000000080096cc        0x2 ./Middlewares/Third_Party/LoRaWAN/Mac/LoRaMacClassB.o
                0x00000000080096cc                LoRaMacClassBSetPingSlotState
 .text.LoRaMacClassBSetMulticastSlotState
                0x00000000080096ce        0x2 ./Middlewares/Third_Party/LoRaWAN/Mac/LoRaMacClassB.o
                0x00000000080096ce                LoRaMacClassBSetMulticastSlotState
 .text.LoRaMacClassBIsAcquisitionInProgress
                0x00000000080096d0        0x4 ./Middlewares/Third_Party/LoRaWAN/Mac/LoRaMacClassB.o
                0x00000000080096d0                LoRaMacClassBIsAcquisitionInProgress
 .text.LoRaMacClassBBeaconTimerEvent
                0x00000000080096d4        0x2 ./Middlewares/Third_Party/LoRaWAN/Mac/LoRaMacClassB.o
                0x00000000080096d4                LoRaMacClassBBeaconTimerEvent
 .text.LoRaMacClassBPingSlotTimerEvent
                0x00000000080096d6        0x2 ./Middlewares/Third_Party/LoRaWAN/Mac/LoRaMacClassB.o
                0x00000000080096d6                LoRaMacClassBPingSlotTimerEvent
 .text.LoRaMacClassBMulticastSlotTimerEvent
                0x00000000080096d8        0x2 ./Middlewares/Third_Party/LoRaWAN/Mac/LoRaMacClassB.o
                0x00000000080096d8                LoRaMacClassBMulticastSlotTimerEvent
 .text.LoRaMacClassBRxBeacon
                0x00000000080096da        0x4 ./Middlewares/Third_Party/LoRaWAN/Mac/LoRaMacClassB.o
                0x00000000080096da                LoRaMacClassBRxBeacon
 .text.LoRaMacClassBIsBeaconExpected
                0x00000000080096de        0x4 ./Middlewares/Third_Party/LoRaWAN/Mac/LoRaMacClassB.o
                0x00000000080096de                LoRaMacClassBIsBeaconExpected
 .text.LoRaMacClassBIsPingExpected
                0x00000000080096e2        0x4 ./Middlewares/Third_Party/LoRaWAN/Mac/LoRaMacClassB.o
                0x00000000080096e2                LoRaMacClassBIsPingExpected
 .text.LoRaMacClassBIsMulticastExpected
                0x00000000080096e6        0x4 ./Middlewares/Third_Party/LoRaWAN/Mac/LoRaMacClassB.o
                0x00000000080096e6                LoRaMacClassBIsMulticastExpected
 .text.LoRaMacClassBIsBeaconModeActive
                0x00000000080096ea        0x4 ./Middlewares/Third_Party/LoRaWAN/Mac/LoRaMacClassB.o
                0x00000000080096ea                LoRaMacClassBIsBeaconModeActive
 .text.LoRaMacClassBSetPingSlotInfo
                0x00000000080096ee        0x2 ./Middlewares/Third_Party/LoRaWAN/Mac/LoRaMacClassB.o
                0x00000000080096ee                LoRaMacClassBSetPingSlotInfo
 .text.LoRaMacClassBHaltBeaconing
                0x00000000080096f0        0x2 ./Middlewares/Third_Party/LoRaWAN/Mac/LoRaMacClassB.o
                0x00000000080096f0                LoRaMacClassBHaltBeaconing
 .text.LoRaMacClassBResumeBeaconing
                0x00000000080096f2        0x2 ./Middlewares/Third_Party/LoRaWAN/Mac/LoRaMacClassB.o
                0x00000000080096f2                LoRaMacClassBResumeBeaconing
 .text.LoRaMacClassBSwitchClass
                0x00000000080096f4        0x4 ./Middlewares/Third_Party/LoRaWAN/Mac/LoRaMacClassB.o
                0x00000000080096f4                LoRaMacClassBSwitchClass
 .text.LoRaMacClassBMibGetRequestConfirm
                0x00000000080096f8        0x4 ./Middlewares/Third_Party/LoRaWAN/Mac/LoRaMacClassB.o
                0x00000000080096f8                LoRaMacClassBMibGetRequestConfirm
 .text.LoRaMacMibClassBSetRequestConfirm
                0x00000000080096fc        0x4 ./Middlewares/Third_Party/LoRaWAN/Mac/LoRaMacClassB.o
                0x00000000080096fc                LoRaMacMibClassBSetRequestConfirm
 .text.LoRaMacClassBPingSlotInfoAns
                0x0000000008009700        0x2 ./Middlewares/Third_Party/LoRaWAN/Mac/LoRaMacClassB.o
                0x0000000008009700                LoRaMacClassBPingSlotInfoAns
 .text.LoRaMacClassBPingSlotChannelReq
                0x0000000008009702        0x4 ./Middlewares/Third_Party/LoRaWAN/Mac/LoRaMacClassB.o
                0x0000000008009702                LoRaMacClassBPingSlotChannelReq
 .text.LoRaMacClassBBeaconTimingAns
                0x0000000008009706        0x2 ./Middlewares/Third_Party/LoRaWAN/Mac/LoRaMacClassB.o
                0x0000000008009706                LoRaMacClassBBeaconTimingAns
 .text.LoRaMacClassBDeviceTimeAns
                0x0000000008009708        0x2 ./Middlewares/Third_Party/LoRaWAN/Mac/LoRaMacClassB.o
                0x0000000008009708                LoRaMacClassBDeviceTimeAns
 .text.LoRaMacClassBBeaconFreqReq
                0x000000000800970a        0x4 ./Middlewares/Third_Party/LoRaWAN/Mac/LoRaMacClassB.o
                0x000000000800970a                LoRaMacClassBBeaconFreqReq
 .text.LoRaMacClassBIsUplinkCollision
                0x000000000800970e        0x4 ./Middlewares/Third_Party/LoRaWAN/Mac/LoRaMacClassB.o
                0x000000000800970e                LoRaMacClassBIsUplinkCollision
 .text.LoRaMacClassBStopRxSlots
                0x0000000008009712        0x2 ./Middlewares/Third_Party/LoRaWAN/Mac/LoRaMacClassB.o
                0x0000000008009712                LoRaMacClassBStopRxSlots
 .text.LoRaMacClassBProcess
                0x0000000008009714        0x2 ./Middlewares/Third_Party/LoRaWAN/Mac/LoRaMacClassB.o
                0x0000000008009714                LoRaMacClassBProcess
 *fill*         0x0000000008009716        0x2 
 .text.LoRaMacCommandsInit
                0x0000000008009718       0x1c ./Middlewares/Third_Party/LoRaWAN/Mac/LoRaMacCommands.o
                0x0000000008009718                LoRaMacCommandsInit
 .text.LoRaMacCommandsAddCmd
                0x0000000008009734       0xa4 ./Middlewares/Third_Party/LoRaWAN/Mac/LoRaMacCommands.o
                0x0000000008009734                LoRaMacCommandsAddCmd
 .text.LoRaMacCommandsRemoveCmd
                0x00000000080097d8       0x54 ./Middlewares/Third_Party/LoRaWAN/Mac/LoRaMacCommands.o
                0x00000000080097d8                LoRaMacCommandsRemoveCmd
 .text.LoRaMacCommandsRemoveNoneStickyCmds
                0x000000000800982c       0x1c ./Middlewares/Third_Party/LoRaWAN/Mac/LoRaMacCommands.o
                0x000000000800982c                LoRaMacCommandsRemoveNoneStickyCmds
 .text.LoRaMacCommandsRemoveStickyAnsCmds
                0x0000000008009848       0x24 ./Middlewares/Third_Party/LoRaWAN/Mac/LoRaMacCommands.o
                0x0000000008009848                LoRaMacCommandsRemoveStickyAnsCmds
 .text.LoRaMacCommandsGetSizeSerializedCmds
                0x000000000800986c       0x18 ./Middlewares/Third_Party/LoRaWAN/Mac/LoRaMacCommands.o
                0x000000000800986c                LoRaMacCommandsGetSizeSerializedCmds
 .text.LoRaMacCommandsSerializeCmds
                0x0000000008009884       0x64 ./Middlewares/Third_Party/LoRaWAN/Mac/LoRaMacCommands.o
                0x0000000008009884                LoRaMacCommandsSerializeCmds
 .text.LoRaMacCommandsStickyCmdsPending
                0x00000000080098e8       0x28 ./Middlewares/Third_Party/LoRaWAN/Mac/LoRaMacCommands.o
                0x00000000080098e8                LoRaMacCommandsStickyCmdsPending
 .text.LoRaMacCommandsGetCmdSize
                0x0000000008009910       0x14 ./Middlewares/Third_Party/LoRaWAN/Mac/LoRaMacCommands.o
                0x0000000008009910                LoRaMacCommandsGetCmdSize
 .text.GetElement.constprop.0
                0x0000000008009924       0x38 ./Middlewares/Third_Party/LoRaWAN/Mac/LoRaMacConfirmQueue.o
 .text.LoRaMacConfirmQueueInit
                0x000000000800995c       0x28 ./Middlewares/Third_Party/LoRaWAN/Mac/LoRaMacConfirmQueue.o
                0x000000000800995c                LoRaMacConfirmQueueInit
 .text.LoRaMacConfirmQueueAdd
                0x0000000008009984       0x40 ./Middlewares/Third_Party/LoRaWAN/Mac/LoRaMacConfirmQueue.o
                0x0000000008009984                LoRaMacConfirmQueueAdd
 .text.LoRaMacConfirmQueueRemoveFirst
                0x00000000080099c4       0x2c ./Middlewares/Third_Party/LoRaWAN/Mac/LoRaMacConfirmQueue.o
                0x00000000080099c4                LoRaMacConfirmQueueRemoveFirst
 .text.LoRaMacConfirmQueueSetStatus
                0x00000000080099f0       0x24 ./Middlewares/Third_Party/LoRaWAN/Mac/LoRaMacConfirmQueue.o
                0x00000000080099f0                LoRaMacConfirmQueueSetStatus
 .text.LoRaMacConfirmQueueGetStatus
                0x0000000008009a14       0x20 ./Middlewares/Third_Party/LoRaWAN/Mac/LoRaMacConfirmQueue.o
                0x0000000008009a14                LoRaMacConfirmQueueGetStatus
 .text.LoRaMacConfirmQueueSetStatusCmn
                0x0000000008009a34       0x34 ./Middlewares/Third_Party/LoRaWAN/Mac/LoRaMacConfirmQueue.o
                0x0000000008009a34                LoRaMacConfirmQueueSetStatusCmn
 .text.LoRaMacConfirmQueueIsCmdActive
                0x0000000008009a68       0x18 ./Middlewares/Third_Party/LoRaWAN/Mac/LoRaMacConfirmQueue.o
                0x0000000008009a68                LoRaMacConfirmQueueIsCmdActive
 .text.LoRaMacConfirmQueueHandleCb
                0x0000000008009a80       0x54 ./Middlewares/Third_Party/LoRaWAN/Mac/LoRaMacConfirmQueue.o
                0x0000000008009a80                LoRaMacConfirmQueueHandleCb
 .text.LoRaMacConfirmQueueGetCnt
                0x0000000008009ad4        0xc ./Middlewares/Third_Party/LoRaWAN/Mac/LoRaMacConfirmQueue.o
                0x0000000008009ad4                LoRaMacConfirmQueueGetCnt
 .text.LoRaMacConfirmQueueIsFull
                0x0000000008009ae0       0x14 ./Middlewares/Third_Party/LoRaWAN/Mac/LoRaMacConfirmQueue.o
                0x0000000008009ae0                LoRaMacConfirmQueueIsFull
 .text.DeriveSessionKey10x
                0x0000000008009af4       0x4c ./Middlewares/Third_Party/LoRaWAN/Mac/LoRaMacCrypto.o
 .text.PayloadEncrypt
                0x0000000008009b40       0xc2 ./Middlewares/Third_Party/LoRaWAN/Mac/LoRaMacCrypto.o
 .text.LoRaMacCryptoDeriveMcKEKey.part.0
                0x0000000008009c02       0x22 ./Middlewares/Third_Party/LoRaWAN/Mac/LoRaMacCrypto.o
 .text.GetLastFcntDown.constprop.0
                0x0000000008009c24       0x48 ./Middlewares/Third_Party/LoRaWAN/Mac/LoRaMacCrypto.o
 .text.VerifyCmacB0.constprop.0.isra.0
                0x0000000008009c6c       0xa8 ./Middlewares/Third_Party/LoRaWAN/Mac/LoRaMacCrypto.o
 .text.LoRaMacCryptoInit
                0x0000000008009d14       0x38 ./Middlewares/Third_Party/LoRaWAN/Mac/LoRaMacCrypto.o
                0x0000000008009d14                LoRaMacCryptoInit
 .text.LoRaMacCryptoSetLrWanVersion
                0x0000000008009d4c       0x10 ./Middlewares/Third_Party/LoRaWAN/Mac/LoRaMacCrypto.o
                0x0000000008009d4c                LoRaMacCryptoSetLrWanVersion
 .text.LoRaMacCryptoGetFCntUp
                0x0000000008009d5c       0x18 ./Middlewares/Third_Party/LoRaWAN/Mac/LoRaMacCrypto.o
                0x0000000008009d5c                LoRaMacCryptoGetFCntUp
 .text.LoRaMacCryptoGetFCntDown
                0x0000000008009d74       0x6c ./Middlewares/Third_Party/LoRaWAN/Mac/LoRaMacCrypto.o
                0x0000000008009d74                LoRaMacCryptoGetFCntDown
 .text.LoRaMacCryptoSetMulticastReference
                0x0000000008009de0       0x18 ./Middlewares/Third_Party/LoRaWAN/Mac/LoRaMacCrypto.o
                0x0000000008009de0                LoRaMacCryptoSetMulticastReference
 .text.LoRaMacCryptoPrepareJoinRequest
                0x0000000008009df8       0x50 ./Middlewares/Third_Party/LoRaWAN/Mac/LoRaMacCrypto.o
                0x0000000008009df8                LoRaMacCryptoPrepareJoinRequest
 .text.LoRaMacCryptoSecureMessage
                0x0000000008009e48       0xe4 ./Middlewares/Third_Party/LoRaWAN/Mac/LoRaMacCrypto.o
                0x0000000008009e48                LoRaMacCryptoSecureMessage
 .text.LoRaMacCryptoUnsecureMessage
                0x0000000008009f2c       0xe0 ./Middlewares/Third_Party/LoRaWAN/Mac/LoRaMacCrypto.o
                0x0000000008009f2c                LoRaMacCryptoUnsecureMessage
 .text.LoRaMacCryptoDeriveMcRootKey
                0x000000000800a00c       0x36 ./Middlewares/Third_Party/LoRaWAN/Mac/LoRaMacCrypto.o
                0x000000000800a00c                LoRaMacCryptoDeriveMcRootKey
 *fill*         0x000000000800a042        0x2 
 .text.LoRaMacCryptoSetKey
                0x000000000800a044       0x2c ./Middlewares/Third_Party/LoRaWAN/Mac/LoRaMacCrypto.o
                0x000000000800a044                LoRaMacCryptoSetKey
 .text.LoRaMacCryptoHandleJoinAccept
                0x000000000800a070       0xe4 ./Middlewares/Third_Party/LoRaWAN/Mac/LoRaMacCrypto.o
                0x000000000800a070                LoRaMacCryptoHandleJoinAccept
 .text.LoRaMacParserJoinAccept
                0x000000000800a154       0x9c ./Middlewares/Third_Party/LoRaWAN/Mac/LoRaMacParser.o
                0x000000000800a154                LoRaMacParserJoinAccept
 .text.LoRaMacParserData
                0x000000000800a1f0       0xb6 ./Middlewares/Third_Party/LoRaWAN/Mac/LoRaMacParser.o
                0x000000000800a1f0                LoRaMacParserData
 .text.LoRaMacSerializerJoinRequest
                0x000000000800a2a6       0x68 ./Middlewares/Third_Party/LoRaWAN/Mac/LoRaMacSerializer.o
                0x000000000800a2a6                LoRaMacSerializerJoinRequest
 .text.LoRaMacSerializerData
                0x000000000800a30e       0xd8 ./Middlewares/Third_Party/LoRaWAN/Mac/LoRaMacSerializer.o
                0x000000000800a30e                LoRaMacSerializerData
 .text.RegionIsActive
                0x000000000800a3e6        0x8 ./Middlewares/Third_Party/LoRaWAN/Mac/Region/Region.o
                0x000000000800a3e6                RegionIsActive
 .text.RegionGetPhyParam
                0x000000000800a3ee       0x14 ./Middlewares/Third_Party/LoRaWAN/Mac/Region/Region.o
                0x000000000800a3ee                RegionGetPhyParam
 .text.RegionSetBandTxDone
                0x000000000800a402        0xc ./Middlewares/Third_Party/LoRaWAN/Mac/Region/Region.o
                0x000000000800a402                RegionSetBandTxDone
 .text.RegionInitDefaults
                0x000000000800a40e        0xc ./Middlewares/Third_Party/LoRaWAN/Mac/Region/Region.o
                0x000000000800a40e                RegionInitDefaults
 .text.RegionVerify
                0x000000000800a41a       0x12 ./Middlewares/Third_Party/LoRaWAN/Mac/Region/Region.o
                0x000000000800a41a                RegionVerify
 .text.RegionApplyCFList
                0x000000000800a42c        0xc ./Middlewares/Third_Party/LoRaWAN/Mac/Region/Region.o
                0x000000000800a42c                RegionApplyCFList
 .text.RegionChanMaskSet
                0x000000000800a438        0xe ./Middlewares/Third_Party/LoRaWAN/Mac/Region/Region.o
                0x000000000800a438                RegionChanMaskSet
 .text.RegionComputeRxWindowParameters
                0x000000000800a446       0x1a ./Middlewares/Third_Party/LoRaWAN/Mac/Region/Region.o
                0x000000000800a446                RegionComputeRxWindowParameters
 .text.RegionRxConfig
                0x000000000800a460       0x12 ./Middlewares/Third_Party/LoRaWAN/Mac/Region/Region.o
                0x000000000800a460                RegionRxConfig
 .text.RegionTxConfig
                0x000000000800a472       0x1a ./Middlewares/Third_Party/LoRaWAN/Mac/Region/Region.o
                0x000000000800a472                RegionTxConfig
 .text.RegionLinkAdrReq
                0x000000000800a48c       0x20 ./Middlewares/Third_Party/LoRaWAN/Mac/Region/Region.o
                0x000000000800a48c                RegionLinkAdrReq
 .text.RegionRxParamSetupReq
                0x000000000800a4ac        0xe ./Middlewares/Third_Party/LoRaWAN/Mac/Region/Region.o
                0x000000000800a4ac                RegionRxParamSetupReq
 .text.RegionNewChannelReq
                0x000000000800a4ba        0xe ./Middlewares/Third_Party/LoRaWAN/Mac/Region/Region.o
                0x000000000800a4ba                RegionNewChannelReq
 .text.RegionTxParamSetupReq
                0x000000000800a4c8        0xe ./Middlewares/Third_Party/LoRaWAN/Mac/Region/Region.o
                0x000000000800a4c8                RegionTxParamSetupReq
 .text.RegionDlChannelReq
                0x000000000800a4d6        0xe ./Middlewares/Third_Party/LoRaWAN/Mac/Region/Region.o
                0x000000000800a4d6                RegionDlChannelReq
 .text.RegionAlternateDr
                0x000000000800a4e4       0x12 ./Middlewares/Third_Party/LoRaWAN/Mac/Region/Region.o
                0x000000000800a4e4                RegionAlternateDr
 .text.RegionNextChannel
                0x000000000800a4f6       0x1c ./Middlewares/Third_Party/LoRaWAN/Mac/Region/Region.o
                0x000000000800a4f6                RegionNextChannel
 .text.RegionSetContinuousWave
                0x000000000800a512        0xc ./Middlewares/Third_Party/LoRaWAN/Mac/Region/Region.o
                0x000000000800a512                RegionSetContinuousWave
 .text.RegionApplyDrOffset
                0x000000000800a51e       0x1a ./Middlewares/Third_Party/LoRaWAN/Mac/Region/Region.o