../Utilities/trace/adv_trace/stm32_adv_trace.c:703:16:TRACE_AllocateBufer	16	static,ignoring_inline_asm
../Utilities/trace/adv_trace/stm32_adv_trace.c:794:13:TRACE_Lock	0	static,ignoring_inline_asm
../Utilities/trace/adv_trace/stm32_adv_trace.c:805:13:TRACE_UnLock	0	static,ignoring_inline_asm
../Utilities/trace/adv_trace/stm32_adv_trace.c:165:25:UTIL_ADV_TRACE_Init	8	static
../Utilities/trace/adv_trace/stm32_adv_trace.c:181:25:UTIL_ADV_TRACE_DeInit	0	static
../Utilities/trace/adv_trace/stm32_adv_trace.c:187:9:UTIL_ADV_TRACE_IsBufferEmpty	0	static
../Utilities/trace/adv_trace/stm32_adv_trace.c:195:25:UTIL_ADV_TRACE_StartRxProcess	0	static
../Utilities/trace/adv_trace/stm32_adv_trace.c:308:25:UTIL_ADV_TRACE_COND_ZCSend_Allocation	40	static
../Utilities/trace/adv_trace/stm32_adv_trace.c:362:25:UTIL_ADV_TRACE_ZCSend_Allocation	24	static
../Utilities/trace/adv_trace/stm32_adv_trace.c:486:6:UTIL_ADV_TRACE_RegisterTimeStampFunction	0	static
../Utilities/trace/adv_trace/stm32_adv_trace.c:491:6:UTIL_ADV_TRACE_SetVerboseLevel	0	static
../Utilities/trace/adv_trace/stm32_adv_trace.c:496:9:UTIL_ADV_TRACE_GetVerboseLevel	0	static
../Utilities/trace/adv_trace/stm32_adv_trace.c:501:6:UTIL_ADV_TRACE_SetRegion	0	static
../Utilities/trace/adv_trace/stm32_adv_trace.c:506:10:UTIL_ADV_TRACE_GetRegion	0	static
../Utilities/trace/adv_trace/stm32_adv_trace.c:511:6:UTIL_ADV_TRACE_ResetRegion	0	static
../Utilities/trace/adv_trace/stm32_adv_trace.c:517:13:UTIL_ADV_TRACE_PreSendHook	0	static
../Utilities/trace/adv_trace/stm32_adv_trace.c:537:32:TRACE_Send	24	static,ignoring_inline_asm
../Utilities/trace/adv_trace/stm32_adv_trace.c:202:25:UTIL_ADV_TRACE_COND_FSend	44	static
../Utilities/trace/adv_trace/stm32_adv_trace.c:386:25:UTIL_ADV_TRACE_ZCSend_Finalize	8	static
../Utilities/trace/adv_trace/stm32_adv_trace.c:356:25:UTIL_ADV_TRACE_COND_ZCSend_Finalize	0	static
../Utilities/trace/adv_trace/stm32_adv_trace.c:393:25:UTIL_ADV_TRACE_COND_Send	48	static
../Utilities/trace/adv_trace/stm32_adv_trace.c:448:25:UTIL_ADV_TRACE_Send	24	static
../Utilities/trace/adv_trace/stm32_adv_trace.c:295:25:UTIL_ADV_TRACE_FSend	528	static
../Utilities/trace/adv_trace/stm32_adv_trace.c:521:13:UTIL_ADV_TRACE_PostSendHook	0	static
../Utilities/trace/adv_trace/stm32_adv_trace.c:608:13:TRACE_TxCpltCallback	24	static,ignoring_inline_asm
