../LoRaWAN/App/CayenneLpp.c:90:6:CayenneLppInit	0	static
../LoRaWAN/App/CayenneLpp.c:98:6:CayenneLppReset	0	static
../LoRaWAN/App/CayenneLpp.c:106:9:CayenneLppGetSize	0	static
../LoRaWAN/App/CayenneLpp.c:114:10:CayenneLppGetBuffer	0	static
../LoRaWAN/App/CayenneLpp.c:122:9:CayenneLppCopy	8	static
../LoRaWAN/App/CayenneLpp.c:134:9:CayenneLppAddDigitalInput	12	static
../LoRaWAN/App/CayenneLpp.c:152:9:CayenneLppAddDigitalOutput	12	static
../LoRaWAN/App/CayenneLpp.c:170:9:CayenneLppAddAnalogInput	16	static
../LoRaWAN/App/CayenneLpp.c:191:9:CayenneLppAddAnalogOutput	16	static
../LoRaWAN/App/CayenneLpp.c:211:9:CayenneLppAddLuminosity	12	static
../LoRaWAN/App/CayenneLpp.c:230:9:CayenneLppAddPresence	12	static
../LoRaWAN/App/CayenneLpp.c:248:9:CayenneLppAddTemperature	16	static
../LoRaWAN/App/CayenneLpp.c:268:9:CayenneLppAddRelativeHumidity	16	static
../LoRaWAN/App/CayenneLpp.c:286:9:CayenneLppAddAccelerometer	32	static
../LoRaWAN/App/CayenneLpp.c:313:9:CayenneLppAddBarometricPressure	16	static
../LoRaWAN/App/CayenneLpp.c:334:9:CayenneLppAddGyrometer	32	static
../LoRaWAN/App/CayenneLpp.c:361:9:CayenneLppAddGps	32	static
