../Drivers/STM32WLxx_HAL_Driver/Inc/stm32wlxx_ll_bus.h:1374:22:LL_APB2_GRP1_ForceReset	16	static
../Drivers/STM32WLxx_HAL_Driver/Inc/stm32wlxx_ll_bus.h:1397:22:LL_APB2_GRP1_ReleaseReset	16	static
../Drivers/STM32WLxx_HAL_Driver/Inc/stm32wlxx_ll_exti.h:265:22:LL_EXTI_EnableIT_0_31	16	static
../Core/Src/usart_if.c:105:25:vcom_Init	16	static
../Core/Src/usart_if.c:120:25:vcom_DeInit	8	static
../Core/Src/usart_if.c:143:6:vcom_Trace	16	static
../Core/Src/usart_if.c:154:25:vcom_Trace_DMA	16	static
../Core/Src/usart_if.c:166:25:vcom_ReceiveInit	24	static
../Core/Src/usart_if.c:202:6:vcom_Resume	8	static
../Core/Src/usart_if.c:223:6:HAL_UART_TxCpltCallback	16	static
../Core/Src/usart_if.c:238:6:HAL_UART_RxCpltCallback	16	static
