../Drivers/STM32WLxx_HAL_Driver/Inc/stm32wlxx_ll_adc.h:1915:22:LL_ADC_SetCalibrationFactor	16	static
../Drivers/STM32WLxx_HAL_Driver/Inc/stm32wlxx_ll_adc.h:1931:26:LL_ADC_GetCalibrationFactor	16	static
../Drivers/STM32WLxx_HAL_Driver/Inc/stm32wlxx_ll_adc.h:4168:22:LL_ADC_DisableInternalRegulator	16	static
../Drivers/STM32WLxx_HAL_Driver/Inc/stm32wlxx_ll_adc.h:4200:22:LL_ADC_Enable	16	static
../Drivers/STM32WLxx_HAL_Driver/Inc/stm32wlxx_ll_adc.h:4220:22:LL_ADC_Disable	16	static
../Drivers/STM32WLxx_HAL_Driver/Inc/stm32wlxx_ll_adc.h:4239:26:LL_ADC_IsEnabled	16	static
../Drivers/STM32WLxx_HAL_Driver/Inc/stm32wlxx_ll_adc.h:4283:22:LL_ADC_StartCalibration	16	static
../Drivers/STM32WLxx_HAL_Driver/Inc/stm32wlxx_ll_adc.h:4299:26:LL_ADC_IsCalibrationOnGoing	16	static
../Drivers/STM32WLxx_HAL_Driver/Inc/stm32wlxx_ll_adc.h:4366:26:LL_ADC_REG_IsConversionOngoing	16	static
../Drivers/STM32WLxx_HAL_Driver/Src/stm32wlxx_hal_adc_ex.c:101:19:HAL_ADCEx_Calibration_Start	40	static
../Drivers/STM32WLxx_HAL_Driver/Src/stm32wlxx_hal_adc_ex.c:220:10:HAL_ADCEx_Calibration_GetValue	16	static
../Drivers/STM32WLxx_HAL_Driver/Src/stm32wlxx_hal_adc_ex.c:236:19:HAL_ADCEx_Calibration_SetValue	24	static
../Drivers/STM32WLxx_HAL_Driver/Src/stm32wlxx_hal_adc_ex.c:279:13:HAL_ADCEx_LevelOutOfWindow2Callback	16	static
../Drivers/STM32WLxx_HAL_Driver/Src/stm32wlxx_hal_adc_ex.c:294:13:HAL_ADCEx_LevelOutOfWindow3Callback	16	static
../Drivers/STM32WLxx_HAL_Driver/Src/stm32wlxx_hal_adc_ex.c:310:13:HAL_ADCEx_EndOfSamplingCallback	16	static
../Drivers/STM32WLxx_HAL_Driver/Src/stm32wlxx_hal_adc_ex.c:325:13:HAL_ADCEx_ChannelConfigReadyCallback	16	static
../Drivers/STM32WLxx_HAL_Driver/Src/stm32wlxx_hal_adc_ex.c:348:19:HAL_ADCEx_DisableVoltageRegulator	24	static
