../Drivers/STM32WLxx_HAL_Driver/Src/stm32wlxx_hal_rtc_ex.c:178:19:HAL_RTCEx_SetTimeStamp	24	static
../Drivers/STM32WLxx_HAL_Driver/Src/stm32wlxx_hal_rtc_ex.c:229:19:HAL_RTCEx_SetTimeStamp_IT	24	static
../Drivers/STM32WLxx_HAL_Driver/Src/stm32wlxx_hal_rtc_ex.c:272:19:HAL_RTCEx_DeactivateTimeStamp	16	static
../Drivers/STM32WLxx_HAL_Driver/Src/stm32wlxx_hal_rtc_ex.c:308:19:HAL_RTCEx_SetInternalTimeStamp	16	static
../Drivers/STM32WLxx_HAL_Driver/Src/stm32wlxx_hal_rtc_ex.c:338:19:HAL_RTCEx_DeactivateInternalTimeStamp	16	static
../Drivers/STM32WLxx_HAL_Driver/Src/stm32wlxx_hal_rtc_ex.c:386:19:HAL_RTCEx_GetTimeStamp	32	static
../Drivers/STM32WLxx_HAL_Driver/Src/stm32wlxx_hal_rtc_ex.c:441:6:HAL_RTCEx_TimeStampIRQHandler	16	static
../Drivers/STM32WLxx_HAL_Driver/Src/stm32wlxx_hal_rtc_ex.c:464:13:HAL_RTCEx_TimeStampEventCallback	16	static
../Drivers/STM32WLxx_HAL_Driver/Src/stm32wlxx_hal_rtc_ex.c:480:19:HAL_RTCEx_PollForTimeStampEvent	24	static
../Drivers/STM32WLxx_HAL_Driver/Src/stm32wlxx_hal_rtc_ex.c:538:19:HAL_RTCEx_SetWakeUpTimer	32	static
../Drivers/STM32WLxx_HAL_Driver/Src/stm32wlxx_hal_rtc_ex.c:611:19:HAL_RTCEx_SetWakeUpTimer_IT	32	static
../Drivers/STM32WLxx_HAL_Driver/Src/stm32wlxx_hal_rtc_ex.c:695:19:HAL_RTCEx_DeactivateWakeUpTimer	24	static
../Drivers/STM32WLxx_HAL_Driver/Src/stm32wlxx_hal_rtc_ex.c:748:10:HAL_RTCEx_GetWakeUpTimer	16	static
../Drivers/STM32WLxx_HAL_Driver/Src/stm32wlxx_hal_rtc_ex.c:760:6:HAL_RTCEx_WakeUpTimerIRQHandler	16	static
../Drivers/STM32WLxx_HAL_Driver/Src/stm32wlxx_hal_rtc_ex.c:785:13:HAL_RTCEx_WakeUpTimerEventCallback	16	static
../Drivers/STM32WLxx_HAL_Driver/Src/stm32wlxx_hal_rtc_ex.c:802:19:HAL_RTCEx_PollForWakeUpTimerEvent	24	static
../Drivers/STM32WLxx_HAL_Driver/Src/stm32wlxx_hal_rtc_ex.c:880:19:HAL_RTCEx_SetSmoothCalib	32	static
../Drivers/STM32WLxx_HAL_Driver/Src/stm32wlxx_hal_rtc_ex.c:945:19:HAL_RTCEx_SetLowPowerCalib	16	static
../Drivers/STM32WLxx_HAL_Driver/Src/stm32wlxx_hal_rtc_ex.c:985:19:HAL_RTCEx_SetSynchroShift	32	static
../Drivers/STM32WLxx_HAL_Driver/Src/stm32wlxx_hal_rtc_ex.c:1078:19:HAL_RTCEx_SetCalibrationOutPut	16	static
../Drivers/STM32WLxx_HAL_Driver/Src/stm32wlxx_hal_rtc_ex.c:1114:19:HAL_RTCEx_DeactivateCalibrationOutPut	16	static
../Drivers/STM32WLxx_HAL_Driver/Src/stm32wlxx_hal_rtc_ex.c:1144:19:HAL_RTCEx_SetRefClock	24	static
../Drivers/STM32WLxx_HAL_Driver/Src/stm32wlxx_hal_rtc_ex.c:1186:19:HAL_RTCEx_DeactivateRefClock	24	static
../Drivers/STM32WLxx_HAL_Driver/Src/stm32wlxx_hal_rtc_ex.c:1230:19:HAL_RTCEx_EnableBypassShadow	16	static
../Drivers/STM32WLxx_HAL_Driver/Src/stm32wlxx_hal_rtc_ex.c:1262:19:HAL_RTCEx_DisableBypassShadow	16	static
../Drivers/STM32WLxx_HAL_Driver/Src/stm32wlxx_hal_rtc_ex.c:1295:19:HAL_RTCEx_MonotonicCounterIncrement	16	static
../Drivers/STM32WLxx_HAL_Driver/Src/stm32wlxx_hal_rtc_ex.c:1315:19:HAL_RTCEx_MonotonicCounterGet	24	static
../Drivers/STM32WLxx_HAL_Driver/Src/stm32wlxx_hal_rtc_ex.c:1332:19:HAL_RTCEx_SetSSRU_IT	16	static
../Drivers/STM32WLxx_HAL_Driver/Src/stm32wlxx_hal_rtc_ex.c:1364:19:HAL_RTCEx_DeactivateSSRU	16	static
../Drivers/STM32WLxx_HAL_Driver/Src/stm32wlxx_hal_rtc_ex.c:1396:6:HAL_RTCEx_SSRUIRQHandler	16	static
../Drivers/STM32WLxx_HAL_Driver/Src/stm32wlxx_hal_rtc_ex.c:1421:13:HAL_RTCEx_SSRUEventCallback	16	static
../Drivers/STM32WLxx_HAL_Driver/Src/stm32wlxx_hal_rtc_ex.c:1455:13:HAL_RTCEx_AlarmBEventCallback	16	static
../Drivers/STM32WLxx_HAL_Driver/Src/stm32wlxx_hal_rtc_ex.c:1471:19:HAL_RTCEx_PollForAlarmBEvent	24	static
../Drivers/STM32WLxx_HAL_Driver/Src/stm32wlxx_hal_rtc_ex.c:1534:19:HAL_RTCEx_SetTamper	24	static
../Drivers/STM32WLxx_HAL_Driver/Src/stm32wlxx_hal_rtc_ex.c:1599:19:HAL_RTCEx_SetTamper_IT	24	static
../Drivers/STM32WLxx_HAL_Driver/Src/stm32wlxx_hal_rtc_ex.c:1673:19:HAL_RTCEx_DeactivateTamper	16	static
../Drivers/STM32WLxx_HAL_Driver/Src/stm32wlxx_hal_rtc_ex.c:1709:19:HAL_RTCEx_PollForTamperEvent	32	static
../Drivers/STM32WLxx_HAL_Driver/Src/stm32wlxx_hal_rtc_ex.c:1741:19:HAL_RTCEx_SetInternalTamper	16	static
../Drivers/STM32WLxx_HAL_Driver/Src/stm32wlxx_hal_rtc_ex.c:1781:19:HAL_RTCEx_SetInternalTamper_IT	16	static
../Drivers/STM32WLxx_HAL_Driver/Src/stm32wlxx_hal_rtc_ex.c:1827:19:HAL_RTCEx_DeactivateInternalTamper	16	static
../Drivers/STM32WLxx_HAL_Driver/Src/stm32wlxx_hal_rtc_ex.c:1856:19:HAL_RTCEx_PollForInternalTamperEvent	32	static
../Drivers/STM32WLxx_HAL_Driver/Src/stm32wlxx_hal_rtc_ex.c:1887:6:HAL_RTCEx_TamperIRQHandler	24	static
../Drivers/STM32WLxx_HAL_Driver/Src/stm32wlxx_hal_rtc_ex.c:1985:13:HAL_RTCEx_Tamper1EventCallback	16	static
../Drivers/STM32WLxx_HAL_Driver/Src/stm32wlxx_hal_rtc_ex.c:2001:13:HAL_RTCEx_Tamper2EventCallback	16	static
../Drivers/STM32WLxx_HAL_Driver/Src/stm32wlxx_hal_rtc_ex.c:2016:13:HAL_RTCEx_Tamper3EventCallback	16	static
../Drivers/STM32WLxx_HAL_Driver/Src/stm32wlxx_hal_rtc_ex.c:2031:13:HAL_RTCEx_InternalTamper3EventCallback	16	static
../Drivers/STM32WLxx_HAL_Driver/Src/stm32wlxx_hal_rtc_ex.c:2047:13:HAL_RTCEx_InternalTamper5EventCallback	16	static
../Drivers/STM32WLxx_HAL_Driver/Src/stm32wlxx_hal_rtc_ex.c:2062:13:HAL_RTCEx_InternalTamper6EventCallback	16	static
../Drivers/STM32WLxx_HAL_Driver/Src/stm32wlxx_hal_rtc_ex.c:2077:13:HAL_RTCEx_InternalTamper8EventCallback	16	static
../Drivers/STM32WLxx_HAL_Driver/Src/stm32wlxx_hal_rtc_ex.c:2119:6:HAL_RTCEx_BKUPWrite	32	static
../Drivers/STM32WLxx_HAL_Driver/Src/stm32wlxx_hal_rtc_ex.c:2142:10:HAL_RTCEx_BKUPRead	24	static
