../Drivers/STM32WLxx_HAL_Driver/Inc/stm32wlxx_ll_adc.h:1741:22:LL_ADC_SetCommonPathInternalCh	16	static
../Drivers/STM32WLxx_HAL_Driver/Inc/stm32wlxx_ll_adc.h:1835:26:LL_ADC_GetCommonPathInternalCh	16	static
../Drivers/STM32WLxx_HAL_Driver/Inc/stm32wlxx_ll_adc.h:2205:22:LL_ADC_SetSamplingTimeCommonChannels	24	static
../Drivers/STM32WLxx_HAL_Driver/Inc/stm32wlxx_ll_adc.h:2238:26:LL_ADC_GetSamplingTimeCommonChannels	16	static
../Drivers/STM32WLxx_HAL_Driver/Inc/stm32wlxx_ll_adc.h:2340:26:LL_ADC_REG_IsTriggerSourceSWStart	16	static
../Drivers/STM32WLxx_HAL_Driver/Inc/stm32wlxx_ll_adc.h:2751:22:LL_ADC_REG_SetSequencerRanks	24	static
../Drivers/STM32WLxx_HAL_Driver/Inc/stm32wlxx_ll_adc.h:3017:22:LL_ADC_REG_SetSequencerChAdd	16	static
../Drivers/STM32WLxx_HAL_Driver/Inc/stm32wlxx_ll_adc.h:3109:22:LL_ADC_REG_SetSequencerChRem	16	static
../Drivers/STM32WLxx_HAL_Driver/Inc/stm32wlxx_ll_adc.h:3320:26:LL_ADC_REG_GetDMATransfer	16	static
../Drivers/STM32WLxx_HAL_Driver/Inc/stm32wlxx_ll_adc.h:3446:22:LL_ADC_SetChannelSamplingTime	24	static
../Drivers/STM32WLxx_HAL_Driver/Inc/stm32wlxx_ll_adc.h:3607:22:LL_ADC_SetAnalogWDMonitChannels	32	static
../Drivers/STM32WLxx_HAL_Driver/Inc/stm32wlxx_ll_adc.h:3823:22:LL_ADC_ConfigAnalogWDThresholds	32	static
../Drivers/STM32WLxx_HAL_Driver/Inc/stm32wlxx_ll_adc.h:4149:22:LL_ADC_EnableInternalRegulator	16	static
../Drivers/STM32WLxx_HAL_Driver/Inc/stm32wlxx_ll_adc.h:4168:22:LL_ADC_DisableInternalRegulator	16	static
../Drivers/STM32WLxx_HAL_Driver/Inc/stm32wlxx_ll_adc.h:4179:26:LL_ADC_IsInternalRegulatorEnabled	16	static
../Drivers/STM32WLxx_HAL_Driver/Inc/stm32wlxx_ll_adc.h:4200:22:LL_ADC_Enable	16	static
../Drivers/STM32WLxx_HAL_Driver/Inc/stm32wlxx_ll_adc.h:4220:22:LL_ADC_Disable	16	static
../Drivers/STM32WLxx_HAL_Driver/Inc/stm32wlxx_ll_adc.h:4239:26:LL_ADC_IsEnabled	16	static
../Drivers/STM32WLxx_HAL_Driver/Inc/stm32wlxx_ll_adc.h:4250:26:LL_ADC_IsDisableOngoing	16	static
../Drivers/STM32WLxx_HAL_Driver/Inc/stm32wlxx_ll_adc.h:4330:22:LL_ADC_REG_StartConversion	16	static
../Drivers/STM32WLxx_HAL_Driver/Inc/stm32wlxx_ll_adc.h:4350:22:LL_ADC_REG_StopConversion	16	static
../Drivers/STM32WLxx_HAL_Driver/Inc/stm32wlxx_ll_adc.h:4366:26:LL_ADC_REG_IsConversionOngoing	16	static
../Drivers/STM32WLxx_HAL_Driver/Inc/stm32wlxx_ll_adc.h:4668:22:LL_ADC_ClearFlag_AWD1	16	static
../Drivers/STM32WLxx_HAL_Driver/Inc/stm32wlxx_ll_adc.h:4679:22:LL_ADC_ClearFlag_AWD2	16	static
../Drivers/STM32WLxx_HAL_Driver/Inc/stm32wlxx_ll_adc.h:4690:22:LL_ADC_ClearFlag_AWD3	16	static
../Drivers/STM32WLxx_HAL_Driver/Inc/stm32wlxx_ll_adc.h:4786:22:LL_ADC_EnableIT_AWD1	16	static
../Drivers/STM32WLxx_HAL_Driver/Inc/stm32wlxx_ll_adc.h:4797:22:LL_ADC_EnableIT_AWD2	16	static
../Drivers/STM32WLxx_HAL_Driver/Inc/stm32wlxx_ll_adc.h:4808:22:LL_ADC_EnableIT_AWD3	16	static
../Drivers/STM32WLxx_HAL_Driver/Inc/stm32wlxx_ll_adc.h:4896:22:LL_ADC_DisableIT_AWD1	16	static
../Drivers/STM32WLxx_HAL_Driver/Inc/stm32wlxx_ll_adc.h:4907:22:LL_ADC_DisableIT_AWD2	16	static
../Drivers/STM32WLxx_HAL_Driver/Inc/stm32wlxx_ll_adc.h:4918:22:LL_ADC_DisableIT_AWD3	16	static
../Drivers/STM32WLxx_HAL_Driver/Src/stm32wlxx_hal_adc.c:379:19:HAL_ADC_Init	40	static
../Drivers/STM32WLxx_HAL_Driver/Src/stm32wlxx_hal_adc.c:752:19:HAL_ADC_DeInit	24	static
../Drivers/STM32WLxx_HAL_Driver/Src/stm32wlxx_hal_adc.c:876:13:HAL_ADC_MspInit	16	static
../Drivers/STM32WLxx_HAL_Driver/Src/stm32wlxx_hal_adc.c:893:13:HAL_ADC_MspDeInit	16	static
../Drivers/STM32WLxx_HAL_Driver/Src/stm32wlxx_hal_adc.c:1160:19:HAL_ADC_Start	24	static
../Drivers/STM32WLxx_HAL_Driver/Src/stm32wlxx_hal_adc.c:1227:19:HAL_ADC_Stop	24	static
../Drivers/STM32WLxx_HAL_Driver/Src/stm32wlxx_hal_adc.c:1278:19:HAL_ADC_PollForConversion	24	static
../Drivers/STM32WLxx_HAL_Driver/Src/stm32wlxx_hal_adc.c:1408:19:HAL_ADC_PollForEvent	32	static
../Drivers/STM32WLxx_HAL_Driver/Src/stm32wlxx_hal_adc.c:1538:19:HAL_ADC_Start_IT	24	static
../Drivers/STM32WLxx_HAL_Driver/Src/stm32wlxx_hal_adc.c:1629:19:HAL_ADC_Stop_IT	24	static
../Drivers/STM32WLxx_HAL_Driver/Src/stm32wlxx_hal_adc.c:1676:19:HAL_ADC_Start_DMA	32	static
../Drivers/STM32WLxx_HAL_Driver/Src/stm32wlxx_hal_adc.c:1772:19:HAL_ADC_Stop_DMA	24	static
../Drivers/STM32WLxx_HAL_Driver/Src/stm32wlxx_hal_adc.c:1853:10:HAL_ADC_GetValue	16	static
../Drivers/STM32WLxx_HAL_Driver/Src/stm32wlxx_hal_adc.c:1870:6:HAL_ADC_IRQHandler	32	static
../Drivers/STM32WLxx_HAL_Driver/Src/stm32wlxx_hal_adc.c:2080:13:HAL_ADC_ConvCpltCallback	16	static
../Drivers/STM32WLxx_HAL_Driver/Src/stm32wlxx_hal_adc.c:2095:13:HAL_ADC_ConvHalfCpltCallback	16	static
../Drivers/STM32WLxx_HAL_Driver/Src/stm32wlxx_hal_adc.c:2110:13:HAL_ADC_LevelOutOfWindowCallback	16	static
../Drivers/STM32WLxx_HAL_Driver/Src/stm32wlxx_hal_adc.c:2132:13:HAL_ADC_ErrorCallback	16	static
../Drivers/STM32WLxx_HAL_Driver/Src/stm32wlxx_hal_adc.c:2178:19:HAL_ADC_ConfigChannel	40	static,ignoring_inline_asm
../Drivers/STM32WLxx_HAL_Driver/Src/stm32wlxx_hal_adc.c:2385:19:HAL_ADC_AnalogWDGConfig	56	static,ignoring_inline_asm
../Drivers/STM32WLxx_HAL_Driver/Src/stm32wlxx_hal_adc.c:2618:10:HAL_ADC_GetState	16	static
../Drivers/STM32WLxx_HAL_Driver/Src/stm32wlxx_hal_adc.c:2632:10:HAL_ADC_GetError	16	static
../Drivers/STM32WLxx_HAL_Driver/Src/stm32wlxx_hal_adc.c:2659:19:ADC_ConversionStop	24	static
../Drivers/STM32WLxx_HAL_Driver/Src/stm32wlxx_hal_adc.c:2713:19:ADC_Enable	24	static
../Drivers/STM32WLxx_HAL_Driver/Src/stm32wlxx_hal_adc.c:2804:19:ADC_Disable	24	static
../Drivers/STM32WLxx_HAL_Driver/Src/stm32wlxx_hal_adc.c:2866:13:ADC_DMAConvCplt	24	static
../Drivers/STM32WLxx_HAL_Driver/Src/stm32wlxx_hal_adc.c:2944:13:ADC_DMAHalfConvCplt	24	static
../Drivers/STM32WLxx_HAL_Driver/Src/stm32wlxx_hal_adc.c:2962:13:ADC_DMAError	24	static
