../Drivers/STM32WLxx_HAL_Driver/Inc/stm32wlxx_ll_pwr.h:421:26:LL_PWR_IsEnabledBkUpAccess	4	static
../Drivers/STM32WLxx_HAL_Driver/Inc/stm32wlxx_ll_rcc.h:1019:26:LL_RCC_HSE_IsEnabledDiv2	4	static
../Drivers/STM32WLxx_HAL_Driver/Inc/stm32wlxx_ll_rcc.h:1128:26:LL_RCC_HSI_IsReady	4	static
../Drivers/STM32WLxx_HAL_Driver/Inc/stm32wlxx_ll_rcc.h:1281:22:LL_RCC_LSE_EnableCSS	4	static
../Drivers/STM32WLxx_HAL_Driver/Inc/stm32wlxx_ll_rcc.h:1293:22:LL_RCC_LSE_DisableCSS	4	static
../Drivers/STM32WLxx_HAL_Driver/Inc/stm32wlxx_ll_rcc.h:1334:26:LL_RCC_LSE_IsReady	4	static
../Drivers/STM32WLxx_HAL_Driver/Inc/stm32wlxx_ll_rcc.h:1378:26:LL_RCC_LSI_GetPrediv	4	static
../Drivers/STM32WLxx_HAL_Driver/Inc/stm32wlxx_ll_rcc.h:1409:26:LL_RCC_LSI_IsReady	4	static
../Drivers/STM32WLxx_HAL_Driver/Inc/stm32wlxx_ll_rcc.h:1447:26:LL_RCC_MSI_IsReady	4	static
../Drivers/STM32WLxx_HAL_Driver/Inc/stm32wlxx_ll_rcc.h:1461:22:LL_RCC_MSI_EnablePLLMode	4	static
../Drivers/STM32WLxx_HAL_Driver/Inc/stm32wlxx_ll_rcc.h:1473:22:LL_RCC_MSI_DisablePLLMode	4	static
../Drivers/STM32WLxx_HAL_Driver/Inc/stm32wlxx_ll_rcc.h:1496:26:LL_RCC_MSI_IsEnabledRangeSelect	4	static
../Drivers/STM32WLxx_HAL_Driver/Inc/stm32wlxx_ll_rcc.h:1541:26:LL_RCC_MSI_GetRange	4	static
../Drivers/STM32WLxx_HAL_Driver/Inc/stm32wlxx_ll_rcc.h:1570:26:LL_RCC_MSI_GetRangeAfterStandby	4	static
../Drivers/STM32WLxx_HAL_Driver/Inc/stm32wlxx_ll_rcc.h:1632:22:LL_RCC_LSCO_Disable	4	static
../Drivers/STM32WLxx_HAL_Driver/Inc/stm32wlxx_ll_rcc.h:1878:26:LL_RCC_GetAHBPrescaler	4	static
../Drivers/STM32WLxx_HAL_Driver/Inc/stm32wlxx_ll_rcc.h:1943:26:LL_RCC_GetAPB1Prescaler	4	static
../Drivers/STM32WLxx_HAL_Driver/Inc/stm32wlxx_ll_rcc.h:1958:26:LL_RCC_GetAPB2Prescaler	4	static
../Drivers/STM32WLxx_HAL_Driver/Inc/stm32wlxx_ll_rcc.h:1971:22:LL_RCC_SetClkAfterWakeFromStop	16	static
../Drivers/STM32WLxx_HAL_Driver/Inc/stm32wlxx_ll_rcc.h:2047:22:LL_RCC_SetUSARTClockSource	16	static
../Drivers/STM32WLxx_HAL_Driver/Inc/stm32wlxx_ll_rcc.h:2061:22:LL_RCC_SetI2SClockSource	16	static
../Drivers/STM32WLxx_HAL_Driver/Inc/stm32wlxx_ll_rcc.h:2076:22:LL_RCC_SetLPUARTClockSource	16	static
../Drivers/STM32WLxx_HAL_Driver/Inc/stm32wlxx_ll_rcc.h:2096:22:LL_RCC_SetI2CClockSource	16	static
../Drivers/STM32WLxx_HAL_Driver/Inc/stm32wlxx_ll_rcc.h:2119:22:LL_RCC_SetLPTIMClockSource	16	static
../Drivers/STM32WLxx_HAL_Driver/Inc/stm32wlxx_ll_rcc.h:2134:22:LL_RCC_SetRNGClockSource	16	static
../Drivers/STM32WLxx_HAL_Driver/Inc/stm32wlxx_ll_rcc.h:2149:22:LL_RCC_SetADCClockSource	16	static
../Drivers/STM32WLxx_HAL_Driver/Inc/stm32wlxx_ll_rcc.h:2169:26:LL_RCC_GetUSARTClockSource	16	static
../Drivers/STM32WLxx_HAL_Driver/Inc/stm32wlxx_ll_rcc.h:2184:26:LL_RCC_GetI2SClockSource	16	static
../Drivers/STM32WLxx_HAL_Driver/Inc/stm32wlxx_ll_rcc.h:2200:26:LL_RCC_GetLPUARTClockSource	16	static
../Drivers/STM32WLxx_HAL_Driver/Inc/stm32wlxx_ll_rcc.h:2222:26:LL_RCC_GetI2CClockSource	16	static
../Drivers/STM32WLxx_HAL_Driver/Inc/stm32wlxx_ll_rcc.h:2249:26:LL_RCC_GetLPTIMClockSource	16	static
../Drivers/STM32WLxx_HAL_Driver/Inc/stm32wlxx_ll_rcc.h:2265:26:LL_RCC_GetRNGClockSource	16	static
../Drivers/STM32WLxx_HAL_Driver/Inc/stm32wlxx_ll_rcc.h:2281:26:LL_RCC_GetADCClockSource	16	static
../Drivers/STM32WLxx_HAL_Driver/Inc/stm32wlxx_ll_rcc.h:2307:22:LL_RCC_SetRTCClockSource	16	static
../Drivers/STM32WLxx_HAL_Driver/Inc/stm32wlxx_ll_rcc.h:2321:26:LL_RCC_GetRTCClockSource	4	static
../Drivers/STM32WLxx_HAL_Driver/Inc/stm32wlxx_ll_rcc.h:2361:22:LL_RCC_ForceBackupDomainReset	4	static
../Drivers/STM32WLxx_HAL_Driver/Inc/stm32wlxx_ll_rcc.h:2371:22:LL_RCC_ReleaseBackupDomainReset	4	static
../Drivers/STM32WLxx_HAL_Driver/Inc/stm32wlxx_ll_rcc.h:2411:26:LL_RCC_PLL_IsReady	4	static
../Drivers/STM32WLxx_HAL_Driver/Inc/stm32wlxx_ll_rcc.h:2601:26:LL_RCC_PLL_GetN	4	static
../Drivers/STM32WLxx_HAL_Driver/Inc/stm32wlxx_ll_rcc.h:2642:26:LL_RCC_PLL_GetP	4	static
../Drivers/STM32WLxx_HAL_Driver/Inc/stm32wlxx_ll_rcc.h:2660:26:LL_RCC_PLL_GetQ	4	static
../Drivers/STM32WLxx_HAL_Driver/Inc/stm32wlxx_ll_rcc.h:2696:26:LL_RCC_PLL_GetDivider	4	static
../Drivers/STM32WLxx_HAL_Driver/Inc/stm32wlxx_ll_rcc.h:2853:26:LL_RCC_PLL_GetMainSource	4	static
../Drivers/STM32WLxx_HAL_Driver/Inc/stm32wlxx_ll_bus.h:449:22:LL_AHB2_GRP1_EnableClock	24	static
../Drivers/STM32WLxx_HAL_Driver/Inc/stm32wlxx_ll_exti.h:265:22:LL_EXTI_EnableIT_0_31	16	static
../Drivers/STM32WLxx_HAL_Driver/Src/stm32wlxx_hal_rcc_ex.c:113:19:HAL_RCCEx_PeriphCLKConfig	32	static
../Drivers/STM32WLxx_HAL_Driver/Src/stm32wlxx_hal_rcc_ex.c:345:6:HAL_RCCEx_GetPeriphCLKConfig	16	static
../Drivers/STM32WLxx_HAL_Driver/Src/stm32wlxx_hal_rcc_ex.c:416:10:HAL_RCCEx_GetPeriphCLKFreq	32	static
../Drivers/STM32WLxx_HAL_Driver/Src/stm32wlxx_hal_rcc_ex.c:928:6:HAL_RCCEx_WakeUpStopCLKConfig	16	static
../Drivers/STM32WLxx_HAL_Driver/Src/stm32wlxx_hal_rcc_ex.c:942:6:HAL_RCCEx_EnableLSECSS	8	static
../Drivers/STM32WLxx_HAL_Driver/Src/stm32wlxx_hal_rcc_ex.c:952:6:HAL_RCCEx_DisableLSECSS	8	static
../Drivers/STM32WLxx_HAL_Driver/Src/stm32wlxx_hal_rcc_ex.c:968:6:HAL_RCCEx_EnableLSECSS_IT	8	static
../Drivers/STM32WLxx_HAL_Driver/Src/stm32wlxx_hal_rcc_ex.c:988:6:HAL_RCCEx_LSECSS_IRQHandler	8	static
../Drivers/STM32WLxx_HAL_Driver/Src/stm32wlxx_hal_rcc_ex.c:1003:13:HAL_RCCEx_LSECSS_Callback	4	static
../Drivers/STM32WLxx_HAL_Driver/Src/stm32wlxx_hal_rcc_ex.c:1018:6:HAL_RCCEx_EnableLSCO	40	static
../Drivers/STM32WLxx_HAL_Driver/Src/stm32wlxx_hal_rcc_ex.c:1056:6:HAL_RCCEx_DisableLSCO	16	static
../Drivers/STM32WLxx_HAL_Driver/Src/stm32wlxx_hal_rcc_ex.c:1083:6:HAL_RCCEx_EnableMSIPLLMode	8	static
../Drivers/STM32WLxx_HAL_Driver/Src/stm32wlxx_hal_rcc_ex.c:1093:6:HAL_RCCEx_DisableMSIPLLMode	8	static
../Drivers/STM32WLxx_HAL_Driver/Src/stm32wlxx_hal_rcc_ex.c:1115:17:RCC_PLL_GetFreqDomain_P	24	static
../Drivers/STM32WLxx_HAL_Driver/Src/stm32wlxx_hal_rcc_ex.c:1165:17:RCC_PLL_GetFreqDomain_Q	24	static
