../Middlewares/Third_Party/LoRaWAN/LmHandler/LmHandler.c:311:24:LmHandlerInit	16	static
../Middlewares/Third_Party/LoRaWAN/LmHandler/LmHandler.c:347:24:LmHandlerDeInit	8	static
../Middlewares/Third_Party/LoRaWAN/LmHandler/LmHandler.c:362:24:LmHandlerConfigure	88	static
../Middlewares/Third_Party/LoRaWAN/LmHandler/LmHandler.c:500:6:LmHandlerIsBusy	8	static
../Middlewares/Third_Party/LoRaWAN/LmHandler/LmHandler.c:528:6:LmHandlerProcess	8	static
../Middlewares/Third_Party/LoRaWAN/LmHandler/LmHandler.c:564:13:LmHandlerGetDutyCycleWaitTime	4	static
../Middlewares/Third_Party/LoRaWAN/LmHandler/LmHandler.c:569:6:LmHandlerJoin	72	static
../Middlewares/Third_Party/LoRaWAN/LmHandler/LmHandler.c:664:23:LmHandlerJoinStatus	48	static
../Middlewares/Third_Party/LoRaWAN/LmHandler/LmHandler.c:689:24:LmHandlerSend	48	static
../Middlewares/Third_Party/LoRaWAN/LmHandler/LmHandler.c:781:24:LmHandlerDeviceTimeReq	32	static
../Middlewares/Third_Party/LoRaWAN/LmHandler/LmHandler.c:823:24:LmHandlerPingSlotReq	16	static
../Middlewares/Third_Party/LoRaWAN/LmHandler/LmHandler.c:855:24:LmHandlerRequestClass	56	static
../Middlewares/Third_Party/LoRaWAN/LmHandler/LmHandler.c:952:24:LmHandlerGetCurrentClass	56	static
../Middlewares/Third_Party/LoRaWAN/LmHandler/LmHandler.c:970:24:LmHandlerGetTxDatarate	56	static
../Middlewares/Third_Party/LoRaWAN/LmHandler/LmHandler.c:989:24:LmHandlerGetActiveRegion	16	static
../Middlewares/Third_Party/LoRaWAN/LmHandler/LmHandler.c:1000:24:LmHandlerSetSystemMaxRxError	56	static
../Middlewares/Third_Party/LoRaWAN/LmHandler/LmHandler.c:1019:13:McpsConfirm	16	static
../Middlewares/Third_Party/LoRaWAN/LmHandler/LmHandler.c:1034:13:McpsIndication	40	static
../Middlewares/Third_Party/LoRaWAN/LmHandler/LmHandler.c:1091:13:MlmeConfirm	56	static
../Middlewares/Third_Party/LoRaWAN/LmHandler/LmHandler.c:1191:13:MlmeIndication	24	static
../Middlewares/Third_Party/LoRaWAN/LmHandler/LmHandler.c:1296:24:LmHandlerPackageRegister	24	static
../Middlewares/Third_Party/LoRaWAN/LmHandler/LmHandler.c:1337:13:LmHandlerPackageIsInitialized	16	static
../Middlewares/Third_Party/LoRaWAN/LmHandler/LmHandler.c:1349:13:LmHandlerPackagesNotify	24	static
../Middlewares/Third_Party/LoRaWAN/LmHandler/LmHandler.c:1421:13:LmHandlerPackagesProcess	16	static
../Middlewares/Third_Party/LoRaWAN/LmHandler/LmHandler.c:1440:24:LmHandlerGetVersion	16	static
../Middlewares/Third_Party/LoRaWAN/LmHandler/LmHandler.c:1462:24:LmHandlerStop	8	static
../Middlewares/Third_Party/LoRaWAN/LmHandler/LmHandler.c:1474:24:LmHandlerHalt	8	static
../Middlewares/Third_Party/LoRaWAN/LmHandler/LmHandler.c:1486:24:LmHandlerLinkCheckReq	32	static
../Middlewares/Third_Party/LoRaWAN/LmHandler/LmHandler.c:1505:24:LmHandlerGetDevEUI	56	static
../Middlewares/Third_Party/LoRaWAN/LmHandler/LmHandler.c:1522:24:LmHandlerSetDevEUI	16	static
../Middlewares/Third_Party/LoRaWAN/LmHandler/LmHandler.c:1548:24:LmHandlerGetAppEUI	56	static
../Middlewares/Third_Party/LoRaWAN/LmHandler/LmHandler.c:1566:24:LmHandlerSetAppEUI	56	static
../Middlewares/Third_Party/LoRaWAN/LmHandler/LmHandler.c:1588:24:LmHandlerGetNetworkID	56	static
../Middlewares/Third_Party/LoRaWAN/LmHandler/LmHandler.c:1606:24:LmHandlerSetNetworkID	56	static
../Middlewares/Third_Party/LoRaWAN/LmHandler/LmHandler.c:1628:24:LmHandlerGetDevAddr	56	static
../Middlewares/Third_Party/LoRaWAN/LmHandler/LmHandler.c:1646:24:LmHandlerSetDevAddr	56	static
../Middlewares/Third_Party/LoRaWAN/LmHandler/LmHandler.c:1672:24:LmHandlerSetActiveRegion	16	static
../Middlewares/Third_Party/LoRaWAN/LmHandler/LmHandler.c:1687:24:LmHandlerGetAdrEnable	16	static
../Middlewares/Third_Party/LoRaWAN/LmHandler/LmHandler.c:1698:24:LmHandlerSetAdrEnable	56	static
../Middlewares/Third_Party/LoRaWAN/LmHandler/LmHandler.c:1712:24:LmHandlerSetTxDatarate	56	static
../Middlewares/Third_Party/LoRaWAN/LmHandler/LmHandler.c:1732:24:LmHandlerGetDutyCycleEnable	16	static
../Middlewares/Third_Party/LoRaWAN/LmHandler/LmHandler.c:1743:24:LmHandlerSetDutyCycleEnable	16	static
../Middlewares/Third_Party/LoRaWAN/LmHandler/LmHandler.c:1751:24:LmHandlerGetRX2Params	56	static
../Middlewares/Third_Party/LoRaWAN/LmHandler/LmHandler.c:1771:24:LmHandlerGetTxPower	56	static
../Middlewares/Third_Party/LoRaWAN/LmHandler/LmHandler.c:1789:24:LmHandlerGetRx1Delay	56	static
../Middlewares/Third_Party/LoRaWAN/LmHandler/LmHandler.c:1807:24:LmHandlerGetRx2Delay	56	static
../Middlewares/Third_Party/LoRaWAN/LmHandler/LmHandler.c:1825:24:LmHandlerGetJoinRx1Delay	56	static
../Middlewares/Third_Party/LoRaWAN/LmHandler/LmHandler.c:1843:24:LmHandlerGetJoinRx2Delay	56	static
../Middlewares/Third_Party/LoRaWAN/LmHandler/LmHandler.c:1861:24:LmHandlerSetTxPower	56	static
../Middlewares/Third_Party/LoRaWAN/LmHandler/LmHandler.c:1875:24:LmHandlerSetRX2Params	56	static
../Middlewares/Third_Party/LoRaWAN/LmHandler/LmHandler.c:1890:24:LmHandlerSetRx1Delay	56	static
../Middlewares/Third_Party/LoRaWAN/LmHandler/LmHandler.c:1903:24:LmHandlerSetRx2Delay	56	static
../Middlewares/Third_Party/LoRaWAN/LmHandler/LmHandler.c:1916:24:LmHandlerSetJoinRx1Delay	56	static
../Middlewares/Third_Party/LoRaWAN/LmHandler/LmHandler.c:1929:24:LmHandlerSetJoinRx2Delay	56	static
../Middlewares/Third_Party/LoRaWAN/LmHandler/LmHandler.c:1942:24:LmHandlerGetPingPeriodicity	16	static
../Middlewares/Third_Party/LoRaWAN/LmHandler/LmHandler.c:1957:24:LmHandlerSetPingPeriodicity	16	static
../Middlewares/Third_Party/LoRaWAN/LmHandler/LmHandler.c:1976:24:LmHandlerGetBeaconState	16	static
../Middlewares/Third_Party/LoRaWAN/LmHandler/LmHandler.c:1998:24:LmHandlerGetNwkKey	24	static
../Middlewares/Third_Party/LoRaWAN/LmHandler/LmHandler.c:2025:24:LmHandlerSetNwkKey	56	static
../Middlewares/Third_Party/LoRaWAN/LmHandler/LmHandler.c:2046:24:LmHandlerGetAppKey	24	static
../Middlewares/Third_Party/LoRaWAN/LmHandler/LmHandler.c:2073:24:LmHandlerSetAppKey	56	static
../Middlewares/Third_Party/LoRaWAN/LmHandler/LmHandler.c:2094:24:LmHandlerGetNwkSKey	24	static
../Middlewares/Third_Party/LoRaWAN/LmHandler/LmHandler.c:2121:24:LmHandlerSetNwkSKey	56	static
../Middlewares/Third_Party/LoRaWAN/LmHandler/LmHandler.c:2143:24:LmHandlerGetAppSKey	24	static
../Middlewares/Third_Party/LoRaWAN/LmHandler/LmHandler.c:2169:24:LmHandlerSetAppSKey	56	static
../Middlewares/Third_Party/LoRaWAN/LmHandler/LmHandler.c:2191:24:LmHandlerNvmDataStore	64	static
