../Core/Src/sys_app.c:300:13:tiny_snprintf_like.constprop	16	static
../Core/Src/sys_app.c:264:13:TimestampNow	32	static
../Core/Src/sys_app.c:90:6:SystemApp_Init	8	static
../Core/Src/sys_app.c:141:6:UTIL_SEQ_Idle	0	static
../Core/Src/sys_app.c:152:9:GetBatteryLevel	8	static
../Core/Src/sys_app.c:184:9:GetTemperatureLevel	32	static
../Core/Src/sys_app.c:198:6:GetUniqueId	16	static
../Core/Src/sys_app.c:238:10:GetDevAddr	8	static
../Core/Src/sys_app.c:278:6:UTIL_ADV_TRACE_PreSendHook	0	static
../Core/Src/sys_app.c:289:6:UTIL_ADV_TRACE_PostSendHook	0	static
../Core/Src/sys_app.c:323:19:HAL_InitTick	0	static
../Core/Src/sys_app.c:338:10:HAL_GetTick	0	static
../Core/Src/sys_app.c:370:6:HAL_Delay	8	static
