../Middlewares/Third_Party/SubGHz_Phy/stm32_radio_driver/radio_driver.c:1019:6:SUBGRF_WriteCommand	8	static,ignoring_inline_asm
../Middlewares/Third_Party/SubGHz_Phy/stm32_radio_driver/radio_driver.c:1027:6:SUBGRF_ReadCommand	8	static,ignoring_inline_asm
../Middlewares/Third_Party/SubGHz_Phy/stm32_radio_driver/radio_driver.c:249:23:SUBGRF_GetOperatingMode	0	static
../Middlewares/Third_Party/SubGHz_Phy/stm32_radio_driver/radio_driver.c:378:6:SUBGRF_SetStandby	16	static
../Middlewares/Third_Party/SubGHz_Phy/stm32_radio_driver/radio_driver.c:391:6:SUBGRF_SetFs	8	static
../Middlewares/Third_Party/SubGHz_Phy/stm32_radio_driver/radio_driver.c:397:6:SUBGRF_SetTx	16	static
../Middlewares/Third_Party/SubGHz_Phy/stm32_radio_driver/radio_driver.c:409:6:SUBGRF_SetRx	16	static
../Middlewares/Third_Party/SubGHz_Phy/stm32_radio_driver/radio_driver.c:437:6:SUBGRF_SetRxDutyCycle	16	static
../Middlewares/Third_Party/SubGHz_Phy/stm32_radio_driver/radio_driver.c:451:6:SUBGRF_SetCad	8	static
../Middlewares/Third_Party/SubGHz_Phy/stm32_radio_driver/radio_driver.c:457:6:SUBGRF_SetTxContinuousWave	0	static
../Middlewares/Third_Party/SubGHz_Phy/stm32_radio_driver/radio_driver.c:462:6:SUBGRF_SetTxInfinitePreamble	0	static
../Middlewares/Third_Party/SubGHz_Phy/stm32_radio_driver/radio_driver.c:467:6:SUBGRF_SetStopRxTimerOnPreambleDetect	16	static
../Middlewares/Third_Party/SubGHz_Phy/stm32_radio_driver/radio_driver.c:493:6:SUBGRF_SetRegulatorMode	16	static
../Middlewares/Third_Party/SubGHz_Phy/stm32_radio_driver/radio_driver.c:510:6:SUBGRF_Calibrate	16	static
../Middlewares/Third_Party/SubGHz_Phy/stm32_radio_driver/radio_driver.c:523:6:SUBGRF_CalibrateImage	16	static
../Middlewares/Third_Party/SubGHz_Phy/stm32_radio_driver/radio_driver.c:555:6:SUBGRF_SetPaConfig	16	static
../Middlewares/Third_Party/SubGHz_Phy/stm32_radio_driver/radio_driver.c:566:6:SUBGRF_SetRxTxFallbackMode	16	static
../Middlewares/Third_Party/SubGHz_Phy/stm32_radio_driver/radio_driver.c:571:6:SUBGRF_SetDioIrqParams	16	static
../Middlewares/Third_Party/SubGHz_Phy/stm32_radio_driver/radio_driver.c:586:10:SUBGRF_GetIrqStatus	16	static
../Middlewares/Third_Party/SubGHz_Phy/stm32_radio_driver/radio_driver.c:594:6:SUBGRF_SetTcxoMode	16	static
../Middlewares/Third_Party/SubGHz_Phy/stm32_radio_driver/radio_driver.c:606:6:SUBGRF_SetRfFrequency	24	static
../Middlewares/Third_Party/SubGHz_Phy/stm32_radio_driver/radio_driver.c:638:20:SUBGRF_GetPacketType	0	static
../Middlewares/Third_Party/SubGHz_Phy/stm32_radio_driver/radio_driver.c:847:6:SUBGRF_SetCadParams	16	static
../Middlewares/Third_Party/SubGHz_Phy/stm32_radio_driver/radio_driver.c:862:6:SUBGRF_SetBufferBaseAddress	16	static
../Middlewares/Third_Party/SubGHz_Phy/stm32_radio_driver/radio_driver.c:871:15:SUBGRF_GetStatus	16	static
../Middlewares/Third_Party/SubGHz_Phy/stm32_radio_driver/radio_driver.c:884:8:SUBGRF_GetRssiInst	16	static
../Middlewares/Third_Party/SubGHz_Phy/stm32_radio_driver/radio_driver.c:913:6:SUBGRF_GetPacketStatus	16	static
../Middlewares/Third_Party/SubGHz_Phy/stm32_radio_driver/radio_driver.c:947:14:SUBGRF_GetDeviceErrors	16	static
../Middlewares/Third_Party/SubGHz_Phy/stm32_radio_driver/radio_driver.c:964:6:SUBGRF_ClearDeviceErrors	16	static
../Middlewares/Third_Party/SubGHz_Phy/stm32_radio_driver/radio_driver.c:970:6:SUBGRF_ClearIrqStatus	16	static
../Middlewares/Third_Party/SubGHz_Phy/stm32_radio_driver/radio_driver.c:979:6:SUBGRF_WriteRegister	16	static
../Middlewares/Third_Party/SubGHz_Phy/stm32_radio_driver/radio_driver.c:421:6:SUBGRF_SetRxBoosted	16	static
../Middlewares/Third_Party/SubGHz_Phy/stm32_radio_driver/radio_driver.c:472:6:SUBGRF_SetLoRaSymbNumTimeout	16	static
../Middlewares/Third_Party/SubGHz_Phy/stm32_radio_driver/radio_driver.c:626:6:SUBGRF_SetPacketType	16	static
../Middlewares/Third_Party/SubGHz_Phy/stm32_radio_driver/radio_driver.c:717:6:SUBGRF_SetModulationParams	16	static
../Middlewares/Third_Party/SubGHz_Phy/stm32_radio_driver/radio_driver.c:984:9:SUBGRF_ReadRegister	16	static
../Middlewares/Third_Party/SubGHz_Phy/stm32_radio_driver/radio_driver.c:1161:13:Radio_SMPS_Set	8	static
../Middlewares/Third_Party/SubGHz_Phy/stm32_radio_driver/radio_driver.c:211:6:SUBGRF_Init	8	static
../Middlewares/Third_Party/SubGHz_Phy/stm32_radio_driver/radio_driver.c:364:6:SUBGRF_SetSleep	16	static
../Middlewares/Third_Party/SubGHz_Phy/stm32_radio_driver/radio_driver.c:321:6:SUBGRF_SetWhiteningSeed	8	static
../Middlewares/Third_Party/SubGHz_Phy/stm32_radio_driver/radio_driver.c:643:6:SUBGRF_SetTxParams	24	static
../Middlewares/Third_Party/SubGHz_Phy/stm32_radio_driver/radio_driver.c:894:6:SUBGRF_GetRxBufferStatus	24	static
../Middlewares/Third_Party/SubGHz_Phy/stm32_radio_driver/radio_driver.c:991:6:SUBGRF_WriteRegisters	8	static,ignoring_inline_asm
../Middlewares/Third_Party/SubGHz_Phy/stm32_radio_driver/radio_driver.c:279:9:SUBGRF_SetSyncWord	8	static
../Middlewares/Third_Party/SubGHz_Phy/stm32_radio_driver/radio_driver.c:285:6:SUBGRF_SetCrcSeed	16	static
../Middlewares/Third_Party/SubGHz_Phy/stm32_radio_driver/radio_driver.c:303:6:SUBGRF_SetCrcPolynomial	16	static
../Middlewares/Third_Party/SubGHz_Phy/stm32_radio_driver/radio_driver.c:783:6:SUBGRF_SetPacketParams	24	static
../Middlewares/Third_Party/SubGHz_Phy/stm32_radio_driver/radio_driver.c:998:6:SUBGRF_ReadRegisters	8	static,ignoring_inline_asm
../Middlewares/Third_Party/SubGHz_Phy/stm32_radio_driver/radio_driver.c:339:10:SUBGRF_GetRandom	24	static
../Middlewares/Third_Party/SubGHz_Phy/stm32_radio_driver/radio_driver.c:1005:6:SUBGRF_WriteBuffer	8	static,ignoring_inline_asm
../Middlewares/Third_Party/SubGHz_Phy/stm32_radio_driver/radio_driver.c:254:6:SUBGRF_SetPayload	0	static
../Middlewares/Third_Party/SubGHz_Phy/stm32_radio_driver/radio_driver.c:273:6:SUBGRF_SendPayload	8	static
../Middlewares/Third_Party/SubGHz_Phy/stm32_radio_driver/radio_driver.c:1012:6:SUBGRF_ReadBuffer	8	static,ignoring_inline_asm
../Middlewares/Third_Party/SubGHz_Phy/stm32_radio_driver/radio_driver.c:259:9:SUBGRF_GetPayload	32	static
../Middlewares/Third_Party/SubGHz_Phy/stm32_radio_driver/radio_driver.c:1035:6:SUBGRF_SetSwitch	8	static
../Middlewares/Third_Party/SubGHz_Phy/stm32_radio_driver/radio_driver.c:1061:9:SUBGRF_SetRfTxPower	16	static
../Middlewares/Third_Party/SubGHz_Phy/stm32_radio_driver/radio_driver.c:1100:10:SUBGRF_GetRadioWakeUpTime	0	static
../Middlewares/Third_Party/SubGHz_Phy/stm32_radio_driver/radio_driver.c:1106:6:HAL_SUBGHZ_TxCpltCallback	0	static
../Middlewares/Third_Party/SubGHz_Phy/stm32_radio_driver/radio_driver.c:1111:6:HAL_SUBGHZ_RxCpltCallback	0	static
../Middlewares/Third_Party/SubGHz_Phy/stm32_radio_driver/radio_driver.c:1116:6:HAL_SUBGHZ_CRCErrorCallback	0	static
../Middlewares/Third_Party/SubGHz_Phy/stm32_radio_driver/radio_driver.c:1121:6:HAL_SUBGHZ_CADStatusCallback	0	static
../Middlewares/Third_Party/SubGHz_Phy/stm32_radio_driver/radio_driver.c:1136:6:HAL_SUBGHZ_RxTxTimeoutCallback	0	static
../Middlewares/Third_Party/SubGHz_Phy/stm32_radio_driver/radio_driver.c:1141:6:HAL_SUBGHZ_HeaderErrorCallback	0	static
../Middlewares/Third_Party/SubGHz_Phy/stm32_radio_driver/radio_driver.c:1146:6:HAL_SUBGHZ_PreambleDetectedCallback	0	static
../Middlewares/Third_Party/SubGHz_Phy/stm32_radio_driver/radio_driver.c:1151:6:HAL_SUBGHZ_SyncWordValidCallback	0	static
../Middlewares/Third_Party/SubGHz_Phy/stm32_radio_driver/radio_driver.c:1156:6:HAL_SUBGHZ_HeaderValidCallback	0	static
../Middlewares/Third_Party/SubGHz_Phy/stm32_radio_driver/radio_driver.c:1172:9:SUBGRF_GetFskBandwidthRegValue	0	static
../Middlewares/Third_Party/SubGHz_Phy/stm32_radio_driver/radio_driver.c:1193:6:SUBGRF_GetCFO	24	static
