../Middlewares/Third_Party/SubGHz_Phy/stm32_radio_driver/radio.c:1112:13:RadioCheckRfFrequency	0	static
../Middlewares/Third_Party/SubGHz_Phy/stm32_radio_driver/radio.c:1573:13:RadioOnTxTimeoutIrq	0	static
../Middlewares/Third_Party/SubGHz_Phy/stm32_radio_driver/radio.c:1578:13:RadioOnRxTimeoutIrq	0	static
../Middlewares/Third_Party/SubGHz_Phy/stm32_radio_driver/radio.c:1517:16:RadioRead	0	static
../Middlewares/Third_Party/SubGHz_Phy/stm32_radio_driver/radio.c:1512:13:RadioWrite	0	static
../Middlewares/Third_Party/SubGHz_Phy/stm32_radio_driver/radio.c:1794:13:RadioTxCw	8	static
../Middlewares/Third_Party/SubGHz_Phy/stm32_radio_driver/radio.c:1465:13:RadioSetRxDutyCycle	16	static
../Middlewares/Third_Party/SubGHz_Phy/stm32_radio_driver/radio.c:1428:13:RadioRxBoosted	8	static
../Middlewares/Third_Party/SubGHz_Phy/stm32_radio_driver/radio.c:1385:13:RadioStandby	0	static
../Middlewares/Third_Party/SubGHz_Phy/stm32_radio_driver/radio.c:699:21:RadioGetStatus	8	static
../Middlewares/Third_Party/SubGHz_Phy/stm32_radio_driver/radio.c:1568:17:RadioGetWakeupTime	8	static
../Middlewares/Third_Party/SubGHz_Phy/stm32_radio_driver/radio.c:1527:13:RadioReadRegisters	0	static
../Middlewares/Third_Party/SubGHz_Phy/stm32_radio_driver/radio.c:1522:13:RadioWriteRegisters	0	static
../Middlewares/Third_Party/SubGHz_Phy/stm32_radio_driver/radio.c:1507:16:RadioRssi	8	static
../Middlewares/Third_Party/SubGHz_Phy/stm32_radio_driver/radio.c:1489:13:RadioSetTxContinuousWave	16	static
../Middlewares/Third_Party/SubGHz_Phy/stm32_radio_driver/radio.c:765:13:RadioSetChannel	0	static
../Middlewares/Third_Party/SubGHz_Phy/stm32_radio_driver/radio.c:1477:13:RadioStartCad	8	static
../Middlewares/Third_Party/SubGHz_Phy/stm32_radio_driver/radio.c:1390:13:RadioRx	8	static
../Middlewares/Third_Party/SubGHz_Phy/stm32_radio_driver/radio.c:1375:13:RadioSleep	8	static
../Middlewares/Third_Party/SubGHz_Phy/stm32_radio_driver/radio.c:807:17:RadioRandom	8	static
../Middlewares/Third_Party/SubGHz_Phy/stm32_radio_driver/radio.c:666:13:RadioInit	24	static
../Middlewares/Third_Party/SubGHz_Phy/stm32_radio_driver/radio.c:1532:13:RadioSetMaxPayloadLength	0	static
../Middlewares/Third_Party/SubGHz_Phy/stm32_radio_driver/radio.c:1549:13:RadioSetPublicNetwork	8	static
../Middlewares/Third_Party/SubGHz_Phy/stm32_radio_driver/radio.c:714:13:RadioSetModem	16	static
../Middlewares/Third_Party/SubGHz_Phy/stm32_radio_driver/radio.c:2015:16:RadioSetTxGenericConfig	56	static
../Middlewares/Third_Party/SubGHz_Phy/stm32_radio_driver/radio.c:1840:16:RadioSetRxGenericConfig	48	static
../Middlewares/Third_Party/SubGHz_Phy/stm32_radio_driver/radio.c:1008:13:RadioSetTxConfig	56	static
../Middlewares/Third_Party/SubGHz_Phy/stm32_radio_driver/radio.c:822:13:RadioSetRxConfig	64	static
../Middlewares/Third_Party/SubGHz_Phy/stm32_radio_driver/radio.c:770:13:RadioIsChannelFree	64	static
../Middlewares/Third_Party/SubGHz_Phy/stm32_radio_driver/radio.c:1266:13:RadioSend	32	static
../Middlewares/Third_Party/SubGHz_Phy/stm32_radio_driver/radio.c:1233:17:RadioTimeOnAir	20	static
../Middlewares/Third_Party/SubGHz_Phy/stm32_radio_driver/radio.c:1786:13:RadioTxPrbs	8	static
../Middlewares/Third_Party/SubGHz_Phy/stm32_radio_driver/radio.c:1614:13:RadioIrqProcess	24	static
../Middlewares/Third_Party/SubGHz_Phy/stm32_radio_driver/radio.c:1607:13:RadioOnDioIrq	0	static
