../Middlewares/Third_Party/LoRaWAN/Crypto/soft-se.c:159:13:PrintKey	136	static
../Middlewares/Third_Party/LoRaWAN/Crypto/soft-se.c:227:30:GetKeyByID	24	static
../Middlewares/Third_Party/LoRaWAN/Crypto/soft-se.c:419:30:ComputeCmac	336	static
../Middlewares/Third_Party/LoRaWAN/Crypto/soft-se.c:527:23:SecureElementInit	16	static
../Middlewares/Third_Party/LoRaWAN/Crypto/soft-se.c:613:23:SecureElementGetKeyByID	24	static
../Middlewares/Third_Party/LoRaWAN/Crypto/soft-se.c:674:23:SecureElementPrintKeys	64	static
../Middlewares/Third_Party/LoRaWAN/Crypto/soft-se.c:692:23:SecureElementPrintSessionKeys	8	static
../Middlewares/Third_Party/LoRaWAN/Crypto/soft-se.c:709:23:SecureElementDeleteDynamicKeys	16	static
../Middlewares/Third_Party/LoRaWAN/Crypto/soft-se.c:773:23:SecureElementSetObjHandler	16	static
../Middlewares/Third_Party/LoRaWAN/Crypto/soft-se.c:791:23:SecureElementSetKey	40	static
../Middlewares/Third_Party/LoRaWAN/Crypto/soft-se.c:919:23:SecureElementComputeAesCmac	32	static
../Middlewares/Third_Party/LoRaWAN/Crypto/soft-se.c:931:23:SecureElementVerifyAesCmac	40	static
../Middlewares/Third_Party/LoRaWAN/Crypto/soft-se.c:1000:23:SecureElementAesEncrypt	272	static
../Middlewares/Third_Party/LoRaWAN/Crypto/soft-se.c:1089:23:SecureElementDeriveAndStoreKey	40	static
../Middlewares/Third_Party/LoRaWAN/Crypto/soft-se.c:1179:23:SecureElementProcessJoinAccept	32	static
../Middlewares/Third_Party/LoRaWAN/Crypto/soft-se.c:1281:23:SecureElementRandomNumber	16	static
../Middlewares/Third_Party/LoRaWAN/Crypto/soft-se.c:1292:23:SecureElementSetDevEui	16	static
../Middlewares/Third_Party/LoRaWAN/Crypto/soft-se.c:1302:10:SecureElementGetDevEui	4	static
../Middlewares/Third_Party/LoRaWAN/Crypto/soft-se.c:1307:23:SecureElementSetJoinEui	16	static
../Middlewares/Third_Party/LoRaWAN/Crypto/soft-se.c:1317:10:SecureElementGetJoinEui	4	static
