../Utilities/sequencer/stm32_seq.c:180:6:UTIL_SEQ_Init	16	static
../Utilities/sequencer/stm32_seq.c:197:6:UTIL_SEQ_DeInit	4	static
../Utilities/sequencer/stm32_seq.c:207:6:UTIL_SEQ_Run	72	static,ignoring_inline_asm
../Utilities/sequencer/stm32_seq.c:323:6:UTIL_SEQ_RegTask	40	static,ignoring_inline_asm
../Utilities/sequencer/stm32_seq.c:335:6:UTIL_SEQ_SetTask	32	static,ignoring_inline_asm
../Utilities/sequencer/stm32_seq.c:347:10:UTIL_SEQ_IsSchedulableTask	40	static,ignoring_inline_asm
../Utilities/sequencer/stm32_seq.c:361:6:UTIL_SEQ_PauseTask	32	static,ignoring_inline_asm
../Utilities/sequencer/stm32_seq.c:372:10:UTIL_SEQ_IsPauseTask	32	static,ignoring_inline_asm
../Utilities/sequencer/stm32_seq.c:383:6:UTIL_SEQ_ResumeTask	32	static,ignoring_inline_asm
../Utilities/sequencer/stm32_seq.c:394:6:UTIL_SEQ_SetEvt	32	static,ignoring_inline_asm
../Utilities/sequencer/stm32_seq.c:405:6:UTIL_SEQ_ClrEvt	32	static,ignoring_inline_asm
../Utilities/sequencer/stm32_seq.c:416:6:UTIL_SEQ_WaitEvt	40	static,ignoring_inline_asm
../Utilities/sequencer/stm32_seq.c:469:15:UTIL_SEQ_IsEvtPend	16	static
../Utilities/sequencer/stm32_seq.c:475:13:UTIL_SEQ_EvtIdle	16	static
../Utilities/sequencer/stm32_seq.c:482:13:UTIL_SEQ_Idle	4	static
../Utilities/sequencer/stm32_seq.c:487:13:UTIL_SEQ_PreIdle	4	static
../Utilities/sequencer/stm32_seq.c:495:13:UTIL_SEQ_PostIdle	4	static
../Utilities/sequencer/stm32_seq.c:518:9:SEQ_BitPosition	24	static
