../LoRaWAN/App/lora_app.c:387:13:OnRxData	0	static
../LoRaWAN/App/lora_app.c:452:13:OnJoinRequest	0	static
../LoRaWAN/App/lora_app.c:486:13:OnClassChange	0	static
../LoRaWAN/App/lora_app.c:526:13:OnTxFrameCtrlChanged	0	static
../LoRaWAN/App/lora_app.c:537:13:OnPingSlotPeriodicityChanged	0	static
../LoRaWAN/App/lora_app.c:428:13:OnTxTimerEvent	8	static
../LoRaWAN/App/lora_app.c:492:13:OnMacProcessNotify	0	static
../LoRaWAN/App/lora_app.c:504:13:OnTxPeriodicityChanged	8	static
../LoRaWAN/App/lora_app.c:670:13:OnRestoreContextRequest	0	static
../LoRaWAN/App/lora_app.c:562:13:StopJoin	16	static
../LoRaWAN/App/lora_app.c:611:13:StoreContext	0	static
../LoRaWAN/App/lora_app.c:393:13:SendTxData	8	static
../LoRaWAN/App/lora_app.c:597:13:OnStopJoinTimerEvent	0	static
../LoRaWAN/App/lora_app.c:548:13:OnSystemReset	8	static,ignoring_inline_asm
../LoRaWAN/App/lora_app.c:651:13:OnStoreContextRequest	16	static
../LoRaWAN/App/lora_app.c:633:13:OnNvmDataChange	0	static
../LoRaWAN/App/lora_app.c:446:13:OnTxData	0	static
../LoRaWAN/App/lora_app.c:480:13:OnBeaconStatusChange	0	static
../LoRaWAN/App/lora_app.c:304:6:LoRaWAN_Init	24	static
