../Utilities/timer/stm32_timer.c:116:21:UTIL_TIMER_Init	8	static
../Utilities/timer/stm32_timer.c:123:21:UTIL_TIMER_DeInit	8	static
../Utilities/timer/stm32_timer.c:128:21:UTIL_TIMER_Create	24	static
../Utilities/timer/stm32_timer.c:149:21:UTIL_TIMER_Start	48	static,ignoring_inline_asm
../Utilities/timer/stm32_timer.c:199:21:UTIL_TIMER_StartWithPeriod	24	static
../Utilities/timer/stm32_timer.c:219:21:UTIL_TIMER_Stop	40	static,ignoring_inline_asm
../Utilities/timer/stm32_timer.c:285:21:UTIL_TIMER_SetPeriod	24	static
../Utilities/timer/stm32_timer.c:305:21:UTIL_TIMER_SetReloadMode	24	static
../Utilities/timer/stm32_timer.c:320:21:UTIL_TIMER_GetRemainingTime	24	static
../Utilities/timer/stm32_timer.c:342:10:UTIL_TIMER_IsRunning	16	static
../Utilities/timer/stm32_timer.c:354:10:UTIL_TIMER_GetFirstRemainingTime	16	static
../Utilities/timer/stm32_timer.c:365:6:UTIL_TIMER_IRQ_Handler	48	static,ignoring_inline_asm
../Utilities/timer/stm32_timer.c:417:19:UTIL_TIMER_GetCurrentTime	16	static
../Utilities/timer/stm32_timer.c:423:19:UTIL_TIMER_GetElapsedTime	24	static
../Utilities/timer/stm32_timer.c:448:6:TimerExists	24	static
../Utilities/timer/stm32_timer.c:468:6:TimerSetTimeout	32	static
../Utilities/timer/stm32_timer.c:489:6:TimerInsertTimer	24	static
../Utilities/timer/stm32_timer.c:521:6:TimerInsertNewHeadTimer	24	static
