Archive member included to satisfy reference by file (symbol)

c:/st/stm32cubeide_1.9.0/stm32cubeide/plugins/com.st.stm32cube.ide.mcu.externaltools.gnu-tools-for-stm32.10.3-2021.10.win32_1.0.0.202111181127/tools/bin/../lib/gcc/arm-none-eabi/10.3.1/../../../../arm-none-eabi/lib/thumb/v7e-m/nofp\libc_nano.a(lib_a-atof.o)
                              ./LoRaWAN/App/lora_app.o (atof)
c:/st/stm32cubeide_1.9.0/stm32cubeide/plugins/com.st.stm32cube.ide.mcu.externaltools.gnu-tools-for-stm32.10.3-2021.10.win32_1.0.0.202111181127/tools/bin/../lib/gcc/arm-none-eabi/10.3.1/../../../../arm-none-eabi/lib/thumb/v7e-m/nofp\libc_nano.a(lib_a-atoi.o)
                              ./LoRaWAN/App/lora_app.o (atoi)
c:/st/stm32cubeide_1.9.0/stm32cubeide/plugins/com.st.stm32cube.ide.mcu.externaltools.gnu-tools-for-stm32.10.3-2021.10.win32_1.0.0.202111181127/tools/bin/../lib/gcc/arm-none-eabi/10.3.1/../../../../arm-none-eabi/lib/thumb/v7e-m/nofp\libc_nano.a(lib_a-errno.o)
                              ./Core/Src/syscalls.o (__errno)
c:/st/stm32cubeide_1.9.0/stm32cubeide/plugins/com.st.stm32cube.ide.mcu.externaltools.gnu-tools-for-stm32.10.3-2021.10.win32_1.0.0.202111181127/tools/bin/../lib/gcc/arm-none-eabi/10.3.1/../../../../arm-none-eabi/lib/thumb/v7e-m/nofp\libc_nano.a(lib_a-exit.o)
                              c:/st/stm32cubeide_1.9.0/stm32cubeide/plugins/com.st.stm32cube.ide.mcu.externaltools.gnu-tools-for-stm32.10.3-2021.10.win32_1.0.0.202111181127/tools/bin/../lib/gcc/arm-none-eabi/10.3.1/../../../../arm-none-eabi/lib/thumb/v7e-m/nofp/crt0.o (exit)
c:/st/stm32cubeide_1.9.0/stm32cubeide/plugins/com.st.stm32cube.ide.mcu.externaltools.gnu-tools-for-stm32.10.3-2021.10.win32_1.0.0.202111181127/tools/bin/../lib/gcc/arm-none-eabi/10.3.1/../../../../arm-none-eabi/lib/thumb/v7e-m/nofp\libc_nano.a(lib_a-impure.o)
                              c:/st/stm32cubeide_1.9.0/stm32cubeide/plugins/com.st.stm32cube.ide.mcu.externaltools.gnu-tools-for-stm32.10.3-2021.10.win32_1.0.0.202111181127/tools/bin/../lib/gcc/arm-none-eabi/10.3.1/../../../../arm-none-eabi/lib/thumb/v7e-m/nofp\libc_nano.a(lib_a-exit.o) (_global_impure_ptr)
c:/st/stm32cubeide_1.9.0/stm32cubeide/plugins/com.st.stm32cube.ide.mcu.externaltools.gnu-tools-for-stm32.10.3-2021.10.win32_1.0.0.202111181127/tools/bin/../lib/gcc/arm-none-eabi/10.3.1/../../../../arm-none-eabi/lib/thumb/v7e-m/nofp\libc_nano.a(lib_a-init.o)
                              c:/st/stm32cubeide_1.9.0/stm32cubeide/plugins/com.st.stm32cube.ide.mcu.externaltools.gnu-tools-for-stm32.10.3-2021.10.win32_1.0.0.202111181127/tools/bin/../lib/gcc/arm-none-eabi/10.3.1/../../../../arm-none-eabi/lib/thumb/v7e-m/nofp/crt0.o (__libc_init_array)
c:/st/stm32cubeide_1.9.0/stm32cubeide/plugins/com.st.stm32cube.ide.mcu.externaltools.gnu-tools-for-stm32.10.3-2021.10.win32_1.0.0.202111181127/tools/bin/../lib/gcc/arm-none-eabi/10.3.1/../../../../arm-none-eabi/lib/thumb/v7e-m/nofp\libc_nano.a(lib_a-memset.o)
                              c:/st/stm32cubeide_1.9.0/stm32cubeide/plugins/com.st.stm32cube.ide.mcu.externaltools.gnu-tools-for-stm32.10.3-2021.10.win32_1.0.0.202111181127/tools/bin/../lib/gcc/arm-none-eabi/10.3.1/../../../../arm-none-eabi/lib/thumb/v7e-m/nofp/crt0.o (memset)
c:/st/stm32cubeide_1.9.0/stm32cubeide/plugins/com.st.stm32cube.ide.mcu.externaltools.gnu-tools-for-stm32.10.3-2021.10.win32_1.0.0.202111181127/tools/bin/../lib/gcc/arm-none-eabi/10.3.1/../../../../arm-none-eabi/lib/thumb/v7e-m/nofp\libc_nano.a(lib_a-strlen.o)
                              ./Core/Src/sys_app.o (strlen)
c:/st/stm32cubeide_1.9.0/stm32cubeide/plugins/com.st.stm32cube.ide.mcu.externaltools.gnu-tools-for-stm32.10.3-2021.10.win32_1.0.0.202111181127/tools/bin/../lib/gcc/arm-none-eabi/10.3.1/../../../../arm-none-eabi/lib/thumb/v7e-m/nofp\libc_nano.a(lib_a-strncpy.o)
                              ./LoRaWAN/App/lora_app.o (strncpy)
c:/st/stm32cubeide_1.9.0/stm32cubeide/plugins/com.st.stm32cube.ide.mcu.externaltools.gnu-tools-for-stm32.10.3-2021.10.win32_1.0.0.202111181127/tools/bin/../lib/gcc/arm-none-eabi/10.3.1/../../../../arm-none-eabi/lib/thumb/v7e-m/nofp\libc_nano.a(lib_a-strtod.o)
                              c:/st/stm32cubeide_1.9.0/stm32cubeide/plugins/com.st.stm32cube.ide.mcu.externaltools.gnu-tools-for-stm32.10.3-2021.10.win32_1.0.0.202111181127/tools/bin/../lib/gcc/arm-none-eabi/10.3.1/../../../../arm-none-eabi/lib/thumb/v7e-m/nofp\libc_nano.a(lib_a-atof.o) (strtod)
c:/st/stm32cubeide_1.9.0/stm32cubeide/plugins/com.st.stm32cube.ide.mcu.externaltools.gnu-tools-for-stm32.10.3-2021.10.win32_1.0.0.202111181127/tools/bin/../lib/gcc/arm-none-eabi/10.3.1/../../../../arm-none-eabi/lib/thumb/v7e-m/nofp\libc_nano.a(lib_a-strtol.o)
                              c:/st/stm32cubeide_1.9.0/stm32cubeide/plugins/com.st.stm32cube.ide.mcu.externaltools.gnu-tools-for-stm32.10.3-2021.10.win32_1.0.0.202111181127/tools/bin/../lib/gcc/arm-none-eabi/10.3.1/../../../../arm-none-eabi/lib/thumb/v7e-m/nofp\libc_nano.a(lib_a-atoi.o) (_strtol_r)
[...]
Memory Configuration

Name             Origin             Length             Attributes
RAM              0x0000000020000000 0x0000000000010000 xrw
RAM2             0x0000000010000000 0x0000000000008000 xrw
FLASH            0x0000000008000000 0x0000000000040000 xr
*default*        0x0000000000000000 0xffffffffffffffff

Linker script and memory map

LOAD c:/st/stm32cubeide_1.9.0/stm32cubeide/plugins/com.st.stm32cube.ide.mcu.externaltools.gnu-tools-for-stm32.10.3-2021.10.win32_1.0.0.202111181127/tools/bin/../lib/gcc/arm-none-eabi/10.3.1/thumb/v7e-m/nofp/crti.o
LOAD c:/st/stm32cubeide_1.9.0/stm32cubeide/plugins/com.st.stm32cube.ide.mcu.externaltools.gnu-tools-for-stm32.10.3-2021.10.win32_1.0.0.202111181127/tools/bin/../lib/gcc/arm-none-eabi/10.3.1/thumb/v7e-m/nofp/crtbegin.o
LOAD c:/st/stm32cubeide_1.9.0/stm32cubeide/plugins/com.st.stm32cube.ide.mcu.externaltools.gnu-tools-for-stm32.10.3-2021.10.win32_1.0.0.202111181127/tools/bin/../lib/gcc/arm-none-eabi/10.3.1/../../../../arm-none-eabi/lib/thumb/v7e-m/nofp/crt0.o
LOAD ./Core/Src/adc.o
LOAD ./Core/Src/adc_if.o
LOAD ./Core/Src/dma.o
LOAD ./Core/Src/flash_if.o
LOAD ./Core/Src/gpio.o
LOAD ./Core/Src/main.o
LOAD ./Core/Src/rtc.o
LOAD ./Core/Src/stm32_lpm_if.o
LOAD ./Core/Src/stm32wlxx_hal_msp.o
LOAD ./Core/Src/stm32wlxx_it.o
LOAD ./Core/Src/subghz.o
LOAD ./Core/Src/sys_app.o
LOAD ./Core/Src/sys_debug.o
LOAD ./Core/Src/sys_sensors.o
LOAD ./Core/Src/syscalls.o
LOAD ./Core/Src/sysmem.o
LOAD ./Core/Src/system_stm32wlxx.o
LOAD ./Core/Src/timer_if.o
LOAD ./Core/Src/usart.o
LOAD ./Core/Src/usart_if.o
LOAD ./Core/Startup/startup_stm32wle5ccux.o
LOAD ./Drivers/STM32WLxx_HAL_Driver/Src/stm32wlxx_hal.o
LOAD ./Drivers/STM32WLxx_HAL_Driver/Src/stm32wlxx_hal_adc.o
LOAD ./Drivers/STM32WLxx_HAL_Driver/Src/stm32wlxx_hal_adc_ex.o
LOAD ./Drivers/STM32WLxx_HAL_Driver/Src/stm32wlxx_hal_cortex.o
LOAD ./Drivers/STM32WLxx_HAL_Driver/Src/stm32wlxx_hal_dma.o
LOAD ./Drivers/STM32WLxx_HAL_Driver/Src/stm32wlxx_hal_dma_ex.o
LOAD ./Drivers/STM32WLxx_HAL_Driver/Src/stm32wlxx_hal_exti.o
LOAD ./Drivers/STM32WLxx_HAL_Driver/Src/stm32wlxx_hal_flash.o
LOAD ./Drivers/STM32WLxx_HAL_Driver/Src/stm32wlxx_hal_flash_ex.o
LOAD ./Drivers/STM32WLxx_HAL_Driver/Src/stm32wlxx_hal_gpio.o
LOAD ./Drivers/STM32WLxx_HAL_Driver/Src/stm32wlxx_hal_pwr.o
LOAD ./Drivers/STM32WLxx_HAL_Driver/Src/stm32wlxx_hal_pwr_ex.o
LOAD ./Drivers/STM32WLxx_HAL_Driver/Src/stm32wlxx_hal_rcc.o
LOAD ./Drivers/STM32WLxx_HAL_Driver/Src/stm32wlxx_hal_rcc_ex.o
LOAD ./Drivers/STM32WLxx_HAL_Driver/Src/stm32wlxx_hal_rtc.o
LOAD ./Drivers/STM32WLxx_HAL_Driver/Src/stm32wlxx_hal_rtc_ex.o
LOAD ./Drivers/STM32WLxx_HAL_Driver/Src/stm32wlxx_hal_subghz.o
LOAD ./Drivers/STM32WLxx_HAL_Driver/Src/stm32wlxx_hal_tim.o
LOAD ./Drivers/STM32WLxx_HAL_Driver/Src/stm32wlxx_hal_tim_ex.o
LOAD ./Drivers/STM32WLxx_HAL_Driver/Src/stm32wlxx_hal_uart.o
LOAD ./Drivers/STM32WLxx_HAL_Driver/Src/stm32wlxx_hal_uart_ex.o
LOAD ./Drivers/STM32WLxx_HAL_Driver/Src/stm32wlxx_ll_adc.o
LOAD ./LoRaWAN/App/CayenneLpp.o
LOAD ./LoRaWAN/App/app_lorawan.o
LOAD ./LoRaWAN/App/lora_app.o
LOAD ./LoRaWAN/App/lora_info.o
LOAD ./LoRaWAN/Target/radio_board_if.o
LOAD ./Middlewares/Third_Party/LoRaWAN/Crypto/cmac.o
LOAD ./Middlewares/Third_Party/LoRaWAN/Crypto/lorawan_aes.o
LOAD ./Middlewares/Third_Party/LoRaWAN/Crypto/soft-se.o
LOAD ./Middlewares/Third_Party/LoRaWAN/LmHandler/LmHandler.o
LOAD ./Middlewares/Third_Party/LoRaWAN/LmHandler/NvmDataMgmt.o
LOAD ./Middlewares/Third_Party/LoRaWAN/LmHandler/Packages/LmhpCompliance.o
LOAD ./Middlewares/Third_Party/LoRaWAN/Mac/LoRaMac.o
LOAD ./Middlewares/Third_Party/LoRaWAN/Mac/LoRaMacAdr.o
LOAD ./Middlewares/Third_Party/LoRaWAN/Mac/LoRaMacClassB.o
LOAD ./Middlewares/Third_Party/LoRaWAN/Mac/LoRaMacCommands.o
LOAD ./Middlewares/Third_Party/LoRaWAN/Mac/LoRaMacConfirmQueue.o
LOAD ./Middlewares/Third_Party/LoRaWAN/Mac/LoRaMacCrypto.o
LOAD ./Middlewares/Third_Party/LoRaWAN/Mac/LoRaMacParser.o
LOAD ./Middlewares/Third_Party/LoRaWAN/Mac/LoRaMacSerializer.o
LOAD ./Middlewares/Third_Party/LoRaWAN/Mac/Region/Region.o
LOAD ./Middlewares/Third_Party/LoRaWAN/Mac/Region/RegionAS923.o
LOAD ./Middlewares/Third_Party/LoRaWAN/Mac/Region/RegionAU915.o
LOAD ./Middlewares/Third_Party/LoRaWAN/Mac/Region/RegionBaseUS.o
LOAD ./Middlewares/Third_Party/LoRaWAN/Mac/Region/RegionCN470.o
LOAD ./Middlewares/Third_Party/LoRaWAN/Mac/Region/RegionCN470A20.o
LOAD ./Middlewares/Third_Party/LoRaWAN/Mac/Region/RegionCN470A26.o
LOAD ./Middlewares/Third_Party/LoRaWAN/Mac/Region/RegionCN470B20.o
LOAD ./Middlewares/Third_Party/LoRaWAN/Mac/Region/RegionCN470B26.o
LOAD ./Middlewares/Third_Party/LoRaWAN/Mac/Region/RegionCN779.o
LOAD ./Middlewares/Third_Party/LoRaWAN/Mac/Region/RegionCommon.o
LOAD ./Middlewares/Third_Party/LoRaWAN/Mac/Region/RegionEU433.o
LOAD ./Middlewares/Third_Party/LoRaWAN/Mac/Region/RegionEU868.o
LOAD ./Middlewares/Third_Party/LoRaWAN/Mac/Region/RegionIN865.o
LOAD ./Middlewares/Third_Party/LoRaWAN/Mac/Region/RegionKR920.o
LOAD ./Middlewares/Third_Party/LoRaWAN/Mac/Region/RegionRU864.o
LOAD ./Middlewares/Third_Party/LoRaWAN/Mac/Region/RegionUS915.o
LOAD ./Middlewares/Third_Party/LoRaWAN/Utilities/utilities.o
LOAD ./Middlewares/Third_Party/SubGHz_Phy/stm32_radio_driver/radio.o
LOAD ./Middlewares/Third_Party/SubGHz_Phy/stm32_radio_driver/radio_driver.o
LOAD ./Middlewares/Third_Party/SubGHz_Phy/stm32_radio_driver/radio_fw.o
LOAD ./Utilities/lpm/tiny_lpm/stm32_lpm.o
LOAD ./Utilities/misc/stm32_mem.o
LOAD ./Utilities/misc/stm32_systime.o
LOAD ./Utilities/misc/stm32_tiny_sscanf.o
LOAD ./Utilities/misc/stm32_tiny_vsnprintf.o
LOAD ./Utilities/sequencer/stm32_seq.o
LOAD ./Utilities/timer/stm32_timer.o
LOAD ./Utilities/trace/adv_trace/stm32_adv_trace.o
START GROUP
LOAD c:/st/stm32cubeide_1.9.0/stm32cubeide/plugins/com.st.stm32cube.ide.mcu.externaltools.gnu-tools-for-stm32.10.3-2021.10.win32_1.0.0.202111181127/tools/bin/../lib/gcc/arm-none-eabi/10.3.1/../../../../arm-none-eabi/lib/thumb/v7e-m/nofp\libc_nano.a
LOAD c:/st/stm32cubeide_1.9.0/stm32cubeide/plugins/com.st.stm32cube.ide.mcu.externaltools.gnu-tools-for-stm32.10.3-2021.10.win32_1.0.0.202111181127/tools/bin/../lib/gcc/arm-none-eabi/10.3.1/../../../../arm-none-eabi/lib/thumb/v7e-m/nofp\libm.a
END GROUP
START GROUP
LOAD c:/st/stm32cubeide_1.9.0/stm32cubeide/plugins/com.st.stm32cube.ide.mcu.externaltools.gnu-tools-for-stm32.10.3-2021.10.win32_1.0.0.202111181127/tools/bin/../lib/gcc/arm-none-eabi/10.3.1/thumb/v7e-m/nofp\libgcc.a
LOAD c:/st/stm32cubeide_1.9.0/stm32cubeide/plugins/com.st.stm32cube.ide.mcu.externaltools.gnu-tools-for-stm32.10.3-2021.10.win32_1.0.0.202111181127/tools/bin/../lib/gcc/arm-none-eabi/10.3.1/../../../../arm-none-eabi/lib/thumb/v7e-m/nofp\libc_nano.a
END GROUP
START GROUP
LOAD c:/st/stm32cubeide_1.9.0/stm32cubeide/plugins/com.st.stm32cube.ide.mcu.externaltools.gnu-tools-for-stm32.10.3-2021.10.win32_1.0.0.202111181127/tools/bin/../lib/gcc/arm-none-eabi/10.3.1/thumb/v7e-m/nofp\libgcc.a
LOAD c:/st/stm32cubeide_1.9.0/stm32cubeide/plugins/com.st.stm32cube.ide.mcu.externaltools.gnu-tools-for-stm32.10.3-2021.10.win32_1.0.0.202111181127/tools/bin/../lib/gcc/arm-none-eabi/10.3.1/../../../../arm-none-eabi/lib/thumb/v7e-m/nofp\libc_nano.a
LOAD c:/st/stm32cubeide_1.9.0/stm32cubeide/plugins/com.st.stm32cube.ide.mcu.externaltools.gnu-tools-for-stm32.10.3-2021.10.win32_1.0.0.202111181127/tools/bin/../lib/gcc/arm-none-eabi/10.3.1/../../../../arm-none-eabi/lib/thumb/v7e-m/nofp\libnosys.a
END GROUP
START GROUP
LOAD c:/st/stm32cubeide_1.9.0/stm32cubeide/plugins/com.st.stm32cube.ide.mcu.externaltools.gnu-tools-for-stm32.10.3-2021.10.win32_1.0.0.202111181127/tools/bin/../lib/gcc/arm-none-eabi/10.3.1/thumb/v7e-m/nofp\libgcc.a
LOAD c:/st/stm32cubeide_1.9.0/stm32cubeide/plugins/com.st.stm32cube.ide.mcu.externaltools.gnu-tools-for-stm32.10.3-2021.10.win32_1.0.0.202111181127/tools/bin/../lib/gcc/arm-none-eabi/10.3.1/../../../../arm-none-eabi/lib/thumb/v7e-m/nofp\libc_nano.a
LOAD c:/st/stm32cubeide_1.9.0/stm32cubeide/plugins/com.st.stm32cube.ide.mcu.externaltools.gnu-tools-for-stm32.10.3-2021.10.win32_1.0.0.202111181127/tools/bin/../lib/gcc/arm-none-eabi/10.3.1/../../../../arm-none-eabi/lib/thumb/v7e-m/nofp\libnosys.a
END GROUP
LOAD c:/st/stm32cubeide_1.9.0/stm32cubeide/plugins/com.st.stm32cube.ide.mcu.externaltools.gnu-tools-for-stm32.10.3-2021.10.win32_1.0.0.202111181127/tools/bin/../lib/gcc/arm-none-eabi/10.3.1/thumb/v7e-m/nofp/crtend.o
LOAD c:/st/stm32cubeide_1.9.0/stm32cubeide/plugins/com.st.stm32cube.ide.mcu.externaltools.gnu-tools-for-stm32.10.3-2021.10.win32_1.0.0.202111181127/tools/bin/../lib/gcc/arm-none-eabi/10.3.1/thumb/v7e-m/nofp/crtn.o
                0x0000000020010000                _estack = (ORIGIN (RAM) + LENGTH (RAM))
                0x0000000000000200                _Min_Heap_Size = 0x200
                0x0000000000000400                _Min_Stack_Size = 0x400

.isr_vector     0x0000000008000000      0x138
                0x0000000008000000                . = ALIGN (0x4)
 *(.isr_vector)
 .isr_vector    0x0000000008000000      0x138 ./Core/Startup/startup_stm32wle5ccux.o
                0x0000000008000000                g_pfnVectors
                0x0000000008000138                . = ALIGN (0x4)

.text           0x0000000008000140    0x12ae0
                0x0000000008000140                . = ALIGN (0x4)
 *(.text)
 .text          0x0000000008000140       0x40 c:/st/stm32cubeide_1.9.0/stm32cubeide/plugins/com.st.stm32cube.ide.mcu.externaltools.gnu-tools-for-stm32.10.3-2021.10.win32_1.0.0.202111181127/tools/bin/../lib/gcc/arm-none-eabi/10.3.1/thumb/v7e-m/nofp/crtbegin.o
 .text          0x0000000008000180       0x10 c:/st/stm32cubeide_1.9.0/stm32cubeide/plugins/com.st.stm32cube.ide.mcu.externaltools.gnu-tools-for-stm32.10.3-2021.10.win32_1.0.0.202111181127/tools/bin/../lib/gcc/arm-none-eabi/10.3.1/../../../../arm-none-eabi/lib/thumb/v7e-m/nofp\libc_nano.a(lib_a-strlen.o)
                0x0000000008000180                strlen
 .text          0x0000000008000190       0xa0 c:/st/stm32cubeide_1.9.0/stm32cubeide/plugins/com.st.stm32cube.ide.mcu.externaltools.gnu-tools-for-stm32.10.3-2021.10.win32_1.0.0.202111181127/tools/bin/../lib/gcc/arm-none-eabi/10.3.1/../../../../arm-none-eabi/lib/thumb/v7e-m/nofp\libc_nano.a(lib_a-memchr.o)
                0x0000000008000190                memchr
 .text          0x0000000008000230      0x378 c:/st/stm32cubeide_1.9.0/stm32cubeide/plugins/com.st.stm32cube.ide.mcu.externaltools.gnu-tools-for-stm32.10.3-2021.10.win32_1.0.0.202111181127/tools/bin/../lib/gcc/arm-none-eabi/10.3.1/thumb/v7e-m/nofp\libgcc.a(_arm_addsubdf3.o)
                0x0000000008000230                __aeabi_drsub
                0x0000000008000238                __aeabi_dsub
                0x0000000008000238                __subdf3
                0x000000000800023c                __aeabi_dadd
                0x000000000800023c                __adddf3
                0x00000000080004b4                __floatunsidf
                0x00000000080004b4                __aeabi_ui2d
                0x00000000080004d4                __floatsidf
                0x00000000080004d4                __aeabi_i2d
                0x00000000080004f8                __aeabi_f2d
                0x00000000080004f8                __extendsfdf2
                0x000000000800053c                __floatundidf
                0x000000000800053c                __aeabi_ul2d
                0x000000000800054c                __floatdidf
                0x000000000800054c                __aeabi_l2d
 .text          0x00000000080005a8      0x424 c:/st/stm32cubeide_1.9.0/stm32cubeide/plugins/com.st.stm32cube.ide.mcu.externaltools.gnu-tools-for-stm32.10.3-2021.10.win32_1.0.0.202111181127/tools/bin/../lib/gcc/arm-none-eabi/10.3.1/thumb/v7e-m/nofp\libgcc.a(_arm_muldivdf3.o)
                0x00000000080005a8                __aeabi_dmul
                0x00000000080005a8                __muldf3
                0x00000000080007fc                __divdf3
                0x00000000080007fc                __aeabi_ddiv
 .text          0x00000000080009cc      0x110 c:/st/stm32cubeide_1.9.0/stm32cubeide/plugins/com.st.stm32cube.ide.mcu.externaltools.gnu-tools-for-stm32.10.3-2021.10.win32_1.0.0.202111181127/tools/bin/../lib/gcc/arm-none-eabi/10.3.1/thumb/v7e-m/nofp\libgcc.a(_arm_cmpdf2.o)
                0x00000000080009cc                __gtdf2
                0x00000000080009cc                __gedf2
                0x00000000080009d4                __ltdf2
                0x00000000080009d4                __ledf2
                0x00000000080009dc                __nedf2
                0x00000000080009dc                __eqdf2
                0x00000000080009dc                __cmpdf2
                0x0000000008000a58                __aeabi_cdrcmple
                0x0000000008000a68                __aeabi_cdcmpeq
                0x0000000008000a68                __aeabi_cdcmple
                0x0000000008000a78                __aeabi_dcmpeq
                0x0000000008000a8c                __aeabi_dcmplt
                0x0000000008000aa0                __aeabi_dcmple
                0x0000000008000ab4                __aeabi_dcmpge
                0x0000000008000ac8                __aeabi_dcmpgt
 .text          0x0000000008000adc       0x50 c:/st/stm32cubeide_1.9.0/stm32cubeide/plugins/com.st.stm32cube.ide.mcu.externaltools.gnu-tools-for-stm32.10.3-2021.10.win32_1.0.0.202111181127/tools/bin/../lib/gcc/arm-none-eabi/10.3.1/thumb/v7e-m/nofp\libgcc.a(_arm_fixdfsi.o)
                0x0000000008000adc                __aeabi_d2iz
                0x0000000008000adc                __fixdfsi
 .text          0x0000000008000b2c       0x40 c:/st/stm32cubeide_1.9.0/stm32cubeide/plugins/com.st.stm32cube.ide.mcu.externaltools.gnu-tools-for-stm32.10.3-2021.10.win32_1.0.0.202111181127/tools/bin/../lib/gcc/arm-none-eabi/10.3.1/thumb/v7e-m/nofp\libgcc.a(_arm_fixunsdfsi.o)
                0x0000000008000b2c                __aeabi_d2uiz
                0x0000000008000b2c                __fixunsdfsi
 .text          0x0000000008000b6c       0xa0 c:/st/stm32cubeide_1.9.0/stm32cubeide/plugins/com.st.stm32cube.ide.mcu.externaltools.gnu-tools-for-stm32.10.3-2021.10.win32_1.0.0.202111181127/tools/bin/../lib/gcc/arm-none-eabi/10.3.1/thumb/v7e-m/nofp\libgcc.a(_arm_truncdfsf2.o)
                0x0000000008000b6c                __truncdfsf2
                0x0000000008000b6c                __aeabi_d2f
 .text          0x0000000008000c0c      0x21c c:/st/stm32cubeide_1.9.0/stm32cubeide/plugins/com.st.stm32cube.ide.mcu.externaltools.gnu-tools-for-stm32.10.3-2021.10.win32_1.0.0.202111181127/tools/bin/../lib/gcc/arm-none-eabi/10.3.1/thumb/v7e-m/nofp\libgcc.a(_arm_addsubsf3.o)
                0x0000000008000c0c                __aeabi_frsub
                0x0000000008000c14                __subsf3
                0x0000000008000c14                __aeabi_fsub
                0x0000000008000c18                __aeabi_fadd
                0x0000000008000c18                __addsf3
                0x0000000008000d78                __aeabi_ui2f
                0x0000000008000d78                __floatunsisf
                0x0000000008000d80                __aeabi_i2f
                0x0000000008000d80                __floatsisf
                0x0000000008000d9c                __aeabi_ul2f
                0x0000000008000d9c                __floatundisf
                0x0000000008000dac                __aeabi_l2f
                0x0000000008000dac                __floatdisf
 .text          0x0000000008000e28       0x4c c:/st/stm32cubeide_1.9.0/stm32cubeide/plugins/com.st.stm32cube.ide.mcu.externaltools.gnu-tools-for-stm32.10.3-2021.10.win32_1.0.0.202111181127/tools/bin/../lib/gcc/arm-none-eabi/10.3.1/thumb/v7e-m/nofp\libgcc.a(_arm_fixsfsi.o)
                0x0000000008000e28                __aeabi_f2iz
                0x0000000008000e28                __fixsfsi
 .text          0x0000000008000e74       0x30 c:/st/stm32cubeide_1.9.0/stm32cubeide/plugins/com.st.stm32cube.ide.mcu.externaltools.gnu-tools-for-stm32.10.3-2021.10.win32_1.0.0.202111181127/tools/bin/../lib/gcc/arm-none-eabi/10.3.1/thumb/v7e-m/nofp\libgcc.a(_aeabi_uldivmod.o)
                0x0000000008000e74                __aeabi_uldivmod
 .text          0x0000000008000ea4       0x34 c:/st/stm32cubeide_1.9.0/stm32cubeide/plugins/com.st.stm32cube.ide.mcu.externaltools.gnu-tools-for-stm32.10.3-2021.10.win32_1.0.0.202111181127/tools/bin/../lib/gcc/arm-none-eabi/10.3.1/thumb/v7e-m/nofp\libgcc.a(_fixdfdi.o)
                0x0000000008000ea4                __fixdfdi
                0x0000000008000ea4                __aeabi_d2lz
 .text          0x0000000008000ed8       0x3c c:/st/stm32cubeide_1.9.0/stm32cubeide/plugins/com.st.stm32cube.ide.mcu.externaltools.gnu-tools-for-stm32.10.3-2021.10.win32_1.0.0.202111181127/tools/bin/../lib/gcc/arm-none-eabi/10.3.1/thumb/v7e-m/nofp\libgcc.a(_fixunsdfdi.o)
                0x0000000008000ed8                __fixunsdfdi
                0x0000000008000ed8                __aeabi_d2ulz
 .text          0x0000000008000f14      0x2d0 c:/st/stm32cubeide_1.9.0/stm32cubeide/plugins/com.st.stm32cube.ide.mcu.externaltools.gnu-tools-for-stm32.10.3-2021.10.win32_1.0.0.202111181127/tools/bin/../lib/gcc/arm-none-eabi/10.3.1/thumb/v7e-m/nofp\libgcc.a(_udivmoddi4.o)
                0x0000000008000f14                __udivmoddi4
 .text          0x00000000080011e4        0x4 c:/st/stm32cubeide_1.9.0/stm32cubeide/plugins/com.st.stm32cube.ide.mcu.externaltools.gnu-tools-for-stm32.10.3-2021.10.win32_1.0.0.202111181127/tools/bin/../lib/gcc/arm-none-eabi/10.3.1/thumb/v7e-m/nofp\libgcc.a(_dvmd_tls.o)
                0x00000000080011e4                __aeabi_idiv0
                0x00000000080011e4                __aeabi_ldiv0
 *(.text*)
 .text.MX_ADC_Init
                0x00000000080011e8       0x54 ./Core/Src/adc.o
                0x00000000080011e8                MX_ADC_Init
 .text.HAL_ADC_MspInit
                0x000000000800123c       0x28 ./Core/Src/adc.o
                0x000000000800123c                HAL_ADC_MspInit
 .text.HAL_ADC_MspDeInit
                0x0000000008001264       0x1c ./Core/Src/adc.o
                0x0000000008001264                HAL_ADC_MspDeInit
 .text.ADC_ReadChannels
                0x0000000008001280       0x68 ./Core/Src/adc_if.o
 .text.SYS_InitMeasurement
                0x00000000080012e8       0x10 ./Core/Src/adc_if.o
                0x00000000080012e8                SYS_InitMeasurement
 .text.SYS_GetBatteryLevel
                0x00000000080012f8       0x34 ./Core/Src/adc_if.o
                0x00000000080012f8                SYS_GetBatteryLevel
 .text.SYS_GetTemperatureLevel
                0x000000000800132c       0x7c ./Core/Src/adc_if.o
                0x000000000800132c                SYS_GetTemperatureLevel
 .text.MX_DMA_Init
                0x00000000080013a8       0x40 ./Core/Src/dma.o
                0x00000000080013a8                MX_DMA_Init
 .text.FLASH_IF_Write64
                0x00000000080013e8       0x34 ./Core/Src/flash_if.o
                0x00000000080013e8                FLASH_IF_Write64
 .text.FLASH_IF_Write_Buffer
                0x000000000800141c       0x48 ./Core/Src/flash_if.o
 .text.FLASH_IF_EraseByPages
                0x0000000008001464       0x2e ./Core/Src/flash_if.o
                0x0000000008001464                FLASH_IF_EraseByPages
 *fill*         0x0000000008001492        0x2 
 .text.FLASH_IF_Write
                0x0000000008001494      0x130 ./Core/Src/flash_if.o
                0x0000000008001494                FLASH_IF_Write
 .text.LL_AHB2_GRP1_EnableClock
                0x00000000080015c4       0x18 ./Core/Src/gpio.o
 .text.MX_GPIO_Init
                0x00000000080015dc      0x108 ./Core/Src/gpio.o
                0x00000000080015dc                MX_GPIO_Init
 .text.SystemClock_Config
                0x00000000080016e4       0x8c ./Core/Src/main.o
                0x00000000080016e4                SystemClock_Config
 .text.startup.main
                0x0000000008001770       0x2c ./Core/Src/main.o
                0x0000000008001770                main
 .text.Error_Handler
                0x000000000800179c        0x4 ./Core/Src/main.o
                0x000000000800179c                Error_Handler
 .text.MX_RTC_Init
                0x00000000080017a0       0x78 ./Core/Src/rtc.o
                0x00000000080017a0                MX_RTC_Init
 .text.HAL_RTC_MspInit
                0x0000000008001818       0x7c ./Core/Src/rtc.o
                0x0000000008001818                HAL_RTC_MspInit
 .text.PWR_EnterOffMode
                0x0000000008001894        0x2 ./Core/Src/stm32_lpm_if.o
                0x0000000008001894                PWR_EnterOffMode
 *fill*         0x0000000008001896        0x2 
 .text.PWR_EnterStopMode
                0x0000000008001898       0x1c ./Core/Src/stm32_lpm_if.o
                0x0000000008001898                PWR_EnterStopMode
 .text.PWR_ExitSleepMode
                0x00000000080018b4        0x4 ./Core/Src/stm32_lpm_if.o
                0x00000000080018b4                PWR_ExitSleepMode
 .text.PWR_ExitStopMode
                0x00000000080018b8        0xe ./Core/Src/stm32_lpm_if.o
                0x00000000080018b8                PWR_ExitStopMode
 .text.PWR_EnterSleepMode
                0x00000000080018c6       0x12 ./Core/Src/stm32_lpm_if.o
                0x00000000080018c6                PWR_EnterSleepMode
 .text.PWR_ExitOffMode
                0x00000000080018d8        0x2 ./Core/Src/stm32_lpm_if.o
                0x00000000080018d8                PWR_ExitOffMode
 .text.HAL_MspInit
                0x00000000080018da        0x2 ./Core/Src/stm32wlxx_hal_msp.o
                0x00000000080018da                HAL_MspInit
 .text.NMI_Handler
                0x00000000080018dc        0x2 ./Core/Src/stm32wlxx_it.o
                0x00000000080018dc                NMI_Handler
 .text.HardFault_Handler
                0x00000000080018de        0x2 ./Core/Src/stm32wlxx_it.o
                0x00000000080018de                HardFault_Handler
 .text.MemManage_Handler
                0x00000000080018e0        0x2 ./Core/Src/stm32wlxx_it.o
                0x00000000080018e0                MemManage_Handler
 .text.BusFault_Handler
                0x00000000080018e2        0x2 ./Core/Src/stm32wlxx_it.o
                0x00000000080018e2                BusFault_Handler
 .text.UsageFault_Handler
                0x00000000080018e4        0x2 ./Core/Src/stm32wlxx_it.o
                0x00000000080018e4                UsageFault_Handler
 .text.SVC_Handler
                0x00000000080018e6        0x2 ./Core/Src/stm32wlxx_it.o
                0x00000000080018e6                SVC_Handler
 .text.DebugMon_Handler
                0x00000000080018e8        0x2 ./Core/Src/stm32wlxx_it.o
                0x00000000080018e8                DebugMon_Handler
 .text.PendSV_Handler
                0x00000000080018ea        0x2 ./Core/Src/stm32wlxx_it.o
                0x00000000080018ea                PendSV_Handler
 .text.SysTick_Handler
                0x00000000080018ec        0x4 ./Core/Src/stm32wlxx_it.o
                0x00000000080018ec                SysTick_Handler
 .text.TAMP_STAMP_LSECSS_SSRU_IRQHandler
                0x00000000080018f0        0xc ./Core/Src/stm32wlxx_it.o
                0x00000000080018f0                TAMP_STAMP_LSECSS_SSRU_IRQHandler
 .text.DMA1_Channel1_IRQHandler
                0x00000000080018fc        0xc ./Core/Src/stm32wlxx_it.o
                0x00000000080018fc                DMA1_Channel1_IRQHandler
 .text.EXTI9_5_IRQHandler
                0x0000000008001908        0x8 ./Core/Src/stm32wlxx_it.o
                0x0000000008001908                EXTI9_5_IRQHandler
 .text.USART1_IRQHandler
                0x0000000008001910        0xc ./Core/Src/stm32wlxx_it.o
                0x0000000008001910                USART1_IRQHandler
 .text.USART2_IRQHandler
                0x000000000800191c        0xc ./Core/Src/stm32wlxx_it.o
                0x000000000800191c                USART2_IRQHandler
 .text.RTC_Alarm_IRQHandler
                0x0000000008001928        0xc ./Core/Src/stm32wlxx_it.o
                0x0000000008001928                RTC_Alarm_IRQHandler
 .text.SUBGHZ_Radio_IRQHandler
                0x0000000008001934        0xc ./Core/Src/stm32wlxx_it.o
                0x0000000008001934                SUBGHZ_Radio_IRQHandler
 .text.MX_SUBGHZ_Init
                0x0000000008001940       0x1c ./Core/Src/subghz.o
                0x0000000008001940                MX_SUBGHZ_Init
 .text.HAL_SUBGHZ_MspInit
                0x000000000800195c       0x2e ./Core/Src/subghz.o
                0x000000000800195c                HAL_SUBGHZ_MspInit
 *fill*         0x000000000800198a        0x2 
 .text.tiny_snprintf_like.constprop.0
                0x000000000800198c       0x20 ./Core/Src/sys_app.o
 .text.TimestampNow
                0x00000000080019ac       0x30 ./Core/Src/sys_app.o
 .text.SystemApp_Init
                0x00000000080019dc       0x58 ./Core/Src/sys_app.o
                0x00000000080019dc                SystemApp_Init
 .text.UTIL_SEQ_Idle
                0x0000000008001a34        0x4 ./Core/Src/sys_app.o
                0x0000000008001a34                UTIL_SEQ_Idle
 .text.GetBatteryLevel
                0x0000000008001a38        0xa ./Core/Src/sys_app.o
                0x0000000008001a38                GetBatteryLevel
 .text.GetTemperatureLevel
                0x0000000008001a42       0x16 ./Core/Src/sys_app.o
                0x0000000008001a42                GetTemperatureLevel
 .text.GetUniqueId
                0x0000000008001a58       0x68 ./Core/Src/sys_app.o
                0x0000000008001a58                GetUniqueId
 .text.GetDevAddr
                0x0000000008001ac0       0x24 ./Core/Src/sys_app.o
                0x0000000008001ac0                GetDevAddr
 .text.UTIL_ADV_TRACE_PostSendHook
                0x0000000008001ae4        0x8 ./Core/Src/sys_app.o
                0x0000000008001ae4                UTIL_ADV_TRACE_PostSendHook
 .text.HAL_GetTick
                0x0000000008001aec       0x10 ./Core/Src/sys_app.o
                0x0000000008001aec                HAL_GetTick
 .text.HAL_Delay
                0x0000000008001afc        0xc ./Core/Src/sys_app.o
                0x0000000008001afc                HAL_Delay
 .text.DBG_Init
                0x0000000008001b08       0x12 ./Core/Src/sys_debug.o
                0x0000000008001b08                DBG_Init
 *fill*         0x0000000008001b1a        0x2 
 .text.EnvSensors_Read
                0x0000000008001b1c       0x38 ./Core/Src/sys_sensors.o
                0x0000000008001b1c                EnvSensors_Read
 .text.EnvSensors_Init
                0x0000000008001b54        0x4 ./Core/Src/sys_sensors.o
                0x0000000008001b54                EnvSensors_Init
 .text._getpid  0x0000000008001b58        0x4 ./Core/Src/syscalls.o
                0x0000000008001b58                _getpid
 .text._kill    0x0000000008001b5c       0x10 ./Core/Src/syscalls.o
                0x0000000008001b5c                _kill
 .text._exit    0x0000000008001b6c        0xc ./Core/Src/syscalls.o
                0x0000000008001b6c                _exit
 .text._read    0x0000000008001b78       0x1c ./Core/Src/syscalls.o
                0x0000000008001b78                _read
 .text._write   0x0000000008001b94       0x1c ./Core/Src/syscalls.o
                0x0000000008001b94                _write
 .text._close   0x0000000008001bb0        0x6 ./Core/Src/syscalls.o
                0x0000000008001bb0                _close
 .text._fstat   0x0000000008001bb6        0xa ./Core/Src/syscalls.o
                0x0000000008001bb6                _fstat
 .text._isatty  0x0000000008001bc0        0x4 ./Core/Src/syscalls.o
                0x0000000008001bc0                _isatty
 .text._lseek   0x0000000008001bc4        0x4 ./Core/Src/syscalls.o
                0x0000000008001bc4                _lseek
 .text._sbrk    0x0000000008001bc8       0x40 ./Core/Src/sysmem.o
                0x0000000008001bc8                _sbrk
 .text.SystemInit
                0x0000000008001c08        0x2 ./Core/Src/system_stm32wlxx.o
                0x0000000008001c08                SystemInit
 *fill*         0x0000000008001c0a        0x2 
 .text.TIMER_IF_GetTimerContext
                0x0000000008001c0c        0xc ./Core/Src/timer_if.o
                0x0000000008001c0c                TIMER_IF_GetTimerContext
 .text.TIMER_IF_GetMinimumTimeout
                0x0000000008001c18        0x4 ./Core/Src/timer_if.o
                0x0000000008001c18                TIMER_IF_GetMinimumTimeout
 .text.TIMER_IF_Convert_ms2Tick
                0x0000000008001c1c       0x14 ./Core/Src/timer_if.o
                0x0000000008001c1c                TIMER_IF_Convert_ms2Tick
 .text.TIMER_IF_Convert_Tick2ms
                0x0000000008001c30       0x10 ./Core/Src/timer_if.o
                0x0000000008001c30                TIMER_IF_Convert_Tick2ms
 .text.GetTimerTicks
                0x0000000008001c40       0x14 ./Core/Src/timer_if.o
 .text.TIMER_IF_SetTimerContext
                0x0000000008001c54       0x10 ./Core/Src/timer_if.o
                0x0000000008001c54                TIMER_IF_SetTimerContext
 .text.TIMER_IF_GetTimerElapsedTime
                0x0000000008001c64       0x14 ./Core/Src/timer_if.o
                0x0000000008001c64                TIMER_IF_GetTimerElapsedTime
 .text.TIMER_IF_GetTimerValue
                0x0000000008001c78       0x10 ./Core/Src/timer_if.o
                0x0000000008001c78                TIMER_IF_GetTimerValue
 .text.TIMER_IF_StopTimer
                0x0000000008001c88       0x28 ./Core/Src/timer_if.o
                0x0000000008001c88                TIMER_IF_StopTimer
 .text.TIMER_IF_BkUp_Write_Seconds
                0x0000000008001cb0       0x10 ./Core/Src/timer_if.o
                0x0000000008001cb0                TIMER_IF_BkUp_Write_Seconds
 .text.TIMER_IF_BkUp_Write_SubSeconds
                0x0000000008001cc0       0x10 ./Core/Src/timer_if.o
                0x0000000008001cc0                TIMER_IF_BkUp_Write_SubSeconds
 .text.TIMER_IF_StartTimer
                0x0000000008001cd0       0x50 ./Core/Src/timer_if.o
                0x0000000008001cd0                TIMER_IF_StartTimer
 .text.TIMER_IF_GetTime
                0x0000000008001d20       0x30 ./Core/Src/timer_if.o
                0x0000000008001d20                TIMER_IF_GetTime
 .text.TIMER_IF_BkUp_Read_Seconds
                0x0000000008001d50        0xc ./Core/Src/timer_if.o
                0x0000000008001d50                TIMER_IF_BkUp_Read_Seconds
 .text.TIMER_IF_BkUp_Read_SubSeconds
                0x0000000008001d5c        0xc ./Core/Src/timer_if.o
                0x0000000008001d5c                TIMER_IF_BkUp_Read_SubSeconds
 .text.TIMER_IF_Init
                0x0000000008001d68       0x48 ./Core/Src/timer_if.o
                0x0000000008001d68                TIMER_IF_Init
 .text.TIMER_IF_DelayMs
                0x0000000008001db0       0x2a ./Core/Src/timer_if.o
                0x0000000008001db0                TIMER_IF_DelayMs
 .text.HAL_RTC_AlarmAEventCallback
                0x0000000008001dda        0x4 ./Core/Src/timer_if.o
                0x0000000008001dda                HAL_RTC_AlarmAEventCallback
 *fill*         0x0000000008001dde        0x2 
 .text.HAL_RTCEx_SSRUEventCallback
                0x0000000008001de0       0x20 ./Core/Src/timer_if.o
                0x0000000008001de0                HAL_RTCEx_SSRUEventCallback
 .text.MX_USART1_UART_Init
                0x0000000008001e00       0x64 ./Core/Src/usart.o
                0x0000000008001e00                MX_USART1_UART_Init
 .text.MX_USART2_UART_Init
                0x0000000008001e64       0x64 ./Core/Src/usart.o
                0x0000000008001e64                MX_USART2_UART_Init
 .text.HAL_UART_MspInit
                0x0000000008001ec8      0x148 ./Core/Src/usart.o
                0x0000000008001ec8                HAL_UART_MspInit
 .text.HAL_UART_MspDeInit
                0x0000000008002010       0x60 ./Core/Src/usart.o
                0x0000000008002010                HAL_UART_MspDeInit
 .text.vcom_Trace_DMA
                0x0000000008002070       0x14 ./Core/Src/usart_if.o
                0x0000000008002070                vcom_Trace_DMA
 .text.vcom_ReceiveInit
                0x0000000008002084       0x4c ./Core/Src/usart_if.o
                0x0000000008002084                vcom_ReceiveInit
 .text.vcom_Init
                0x00000000080020d0       0x28 ./Core/Src/usart_if.o
                0x00000000080020d0                vcom_Init
 .text.vcom_DeInit
                0x00000000080020f8       0x2c ./Core/Src/usart_if.o
                0x00000000080020f8                vcom_DeInit
 .text.vcom_Resume
                0x0000000008002124       0x28 ./Core/Src/usart_if.o
                0x0000000008002124                vcom_Resume
 .text.HAL_UART_TxCpltCallback
                0x000000000800214c       0x1c ./Core/Src/usart_if.o
                0x000000000800214c                HAL_UART_TxCpltCallback
 .text.HAL_UART_RxCpltCallback
                0x0000000008002168       0x2c ./Core/Src/usart_if.o
                0x0000000008002168                HAL_UART_RxCpltCallback
 .text.Reset_Handler
                0x0000000008002194       0x50 ./Core/Startup/startup_stm32wle5ccux.o
                0x0000000008002194                Reset_Handler
 .text.Default_Handler
                0x00000000080021e4        0x2 ./Core/Startup/startup_stm32wle5ccux.o
                0x00000000080021e4                EXTI2_IRQHandler
                0x00000000080021e4                TIM1_CC_IRQHandler
                0x00000000080021e4                EXTI3_IRQHandler
                0x00000000080021e4                LPTIM2_IRQHandler
                0x00000000080021e4                I2C3_ER_IRQHandler
                0x00000000080021e4                LPTIM3_IRQHandler
                0x00000000080021e4                EXTI0_IRQHandler
                0x00000000080021e4                I2C2_EV_IRQHandler
                0x00000000080021e4                SPI1_IRQHandler
                0x00000000080021e4                DMA2_Channel2_IRQHandler
                0x00000000080021e4                DMA1_Channel4_IRQHandler
                0x00000000080021e4                PKA_IRQHandler
                0x00000000080021e4                TIM17_IRQHandler
                0x00000000080021e4                DMA1_Channel7_IRQHandler
                0x00000000080021e4                SUBGHZSPI_IRQHandler
                0x00000000080021e4                DMA2_Channel1_IRQHandler
                0x00000000080021e4                I2C1_EV_IRQHandler
                0x00000000080021e4                DMAMUX1_OVR_IRQHandler
                0x00000000080021e4                DMA1_Channel6_IRQHandler
                0x00000000080021e4                TIM16_IRQHandler
                0x00000000080021e4                DMA2_Channel4_IRQHandler
                0x00000000080021e4                RCC_IRQHandler
                0x00000000080021e4                TIM1_TRG_COM_IRQHandler
                0x00000000080021e4                Default_Handler
                0x00000000080021e4                DMA2_Channel7_IRQHandler
                0x00000000080021e4                EXTI15_10_IRQHandler
                0x00000000080021e4                ADC_IRQHandler
                0x00000000080021e4                I2C3_EV_IRQHandler
                0x00000000080021e4                RTC_WKUP_IRQHandler
                0x00000000080021e4                PVD_PVM_IRQHandler
                0x00000000080021e4                SPI2_IRQHandler
                0x00000000080021e4                DMA2_Channel5_IRQHandler
                0x00000000080021e4                DMA1_Channel5_IRQHandler
                0x00000000080021e4                EXTI4_IRQHandler
                0x00000000080021e4                RNG_IRQHandler
                0x00000000080021e4                DMA1_Channel3_IRQHandler
                0x00000000080021e4                COMP_IRQHandler
                0x00000000080021e4                HSEM_IRQHandler
                0x00000000080021e4                TIM1_UP_IRQHandler
                0x00000000080021e4                WWDG_IRQHandler
                0x00000000080021e4                LPUART1_IRQHandler
                0x00000000080021e4                DMA2_Channel6_IRQHandler
                0x00000000080021e4                TIM2_IRQHandler
                0x00000000080021e4                TIM1_BRK_IRQHandler
                0x00000000080021e4                DAC_IRQHandler
                0x00000000080021e4                EXTI1_IRQHandler
                0x00000000080021e4                AES_IRQHandler
                0x00000000080021e4                I2C2_ER_IRQHandler
                0x00000000080021e4                DMA1_Channel2_IRQHandler
                0x00000000080021e4                FLASH_IRQHandler
                0x00000000080021e4                I2C1_ER_IRQHandler
                0x00000000080021e4                LPTIM1_IRQHandler
                0x00000000080021e4                DMA2_Channel3_IRQHandler
 *fill*         0x00000000080021e6        0x2 
 .text.HAL_InitTick
                0x00000000080021e8       0x4c ./Drivers/STM32WLxx_HAL_Driver/Src/stm32wlxx_hal.o
                0x00000000080021e8                HAL_InitTick
 .text.HAL_Init
                0x0000000008002234       0x2c ./Drivers/STM32WLxx_HAL_Driver/Src/stm32wlxx_hal.o
                0x0000000008002234                HAL_Init
 .text.HAL_IncTick
                0x0000000008002260       0x18 ./Drivers/STM32WLxx_HAL_Driver/Src/stm32wlxx_hal.o
                0x0000000008002260                HAL_IncTick
 .text.HAL_SuspendTick
                0x0000000008002278        0xe ./Drivers/STM32WLxx_HAL_Driver/Src/stm32wlxx_hal.o
                0x0000000008002278                HAL_SuspendTick
 .text.HAL_ResumeTick
                0x0000000008002286        0xe ./Drivers/STM32WLxx_HAL_Driver/Src/stm32wlxx_hal.o
                0x0000000008002286                HAL_ResumeTick
 .text.HAL_GetUIDw0
                0x0000000008002294        0xc ./Drivers/STM32WLxx_HAL_Driver/Src/stm32wlxx_hal.o
                0x0000000008002294                HAL_GetUIDw0
 .text.HAL_GetUIDw1
                0x00000000080022a0        0xc ./Drivers/STM32WLxx_HAL_Driver/Src/stm32wlxx_hal.o
                0x00000000080022a0                HAL_GetUIDw1
 .text.HAL_GetUIDw2
                0x00000000080022ac        0xc ./Drivers/STM32WLxx_HAL_Driver/Src/stm32wlxx_hal.o
                0x00000000080022ac                HAL_GetUIDw2
 .text.HAL_DBGMCU_DisableDBGSleepMode
                0x00000000080022b8       0x10 ./Drivers/STM32WLxx_HAL_Driver/Src/stm32wlxx_hal.o
                0x00000000080022b8                HAL_DBGMCU_DisableDBGSleepMode
 .text.HAL_DBGMCU_DisableDBGStopMode
                0x00000000080022c8       0x10 ./Drivers/STM32WLxx_HAL_Driver/Src/stm32wlxx_hal.o
                0x00000000080022c8                HAL_DBGMCU_DisableDBGStopMode
 .text.HAL_DBGMCU_DisableDBGStandbyMode
                0x00000000080022d8       0x10 ./Drivers/STM32WLxx_HAL_Driver/Src/stm32wlxx_hal.o
                0x00000000080022d8                HAL_DBGMCU_DisableDBGStandbyMode
 .text.LL_ADC_REG_IsConversionOngoing
                0x00000000080022e8        0x8 ./Drivers/STM32WLxx_HAL_Driver/Src/stm32wlxx_hal_adc.o
 .text.HAL_ADC_Init
                0x00000000080022f0      0x21c ./Drivers/STM32WLxx_HAL_Driver/Src/stm32wlxx_hal_adc.o
                0x00000000080022f0                HAL_ADC_Init
 .text.HAL_ADC_PollForConversion
                0x000000000800250c       0xb6 ./Drivers/STM32WLxx_HAL_Driver/Src/stm32wlxx_hal_adc.o
                0x000000000800250c                HAL_ADC_PollForConversion
 .text.HAL_ADC_GetValue
                0x00000000080025c2        0x6 ./Drivers/STM32WLxx_HAL_Driver/Src/stm32wlxx_hal_adc.o
                0x00000000080025c2                HAL_ADC_GetValue
 .text.HAL_ADC_ConfigChannel
                0x00000000080025c8      0x1bc ./Drivers/STM32WLxx_HAL_Driver/Src/stm32wlxx_hal_adc.o
                0x00000000080025c8                HAL_ADC_ConfigChannel
 .text.ADC_ConversionStop
                0x0000000008002784       0x5c ./Drivers/STM32WLxx_HAL_Driver/Src/stm32wlxx_hal_adc.o
                0x0000000008002784                ADC_ConversionStop
 .text.ADC_Enable
                0x00000000080027e0       0xb4 ./Drivers/STM32WLxx_HAL_Driver/Src/stm32wlxx_hal_adc.o
                0x00000000080027e0                ADC_Enable
 .text.HAL_ADC_Start
                0x0000000008002894       0x5c ./Drivers/STM32WLxx_HAL_Driver/Src/stm32wlxx_hal_adc.o
                0x0000000008002894                HAL_ADC_Start
 .text.ADC_Disable
                0x00000000080028f0       0x68 ./Drivers/STM32WLxx_HAL_Driver/Src/stm32wlxx_hal_adc.o
                0x00000000080028f0                ADC_Disable
 .text.HAL_ADC_DeInit
                0x0000000008002958       0x9c ./Drivers/STM32WLxx_HAL_Driver/Src/stm32wlxx_hal_adc.o
                0x0000000008002958                HAL_ADC_DeInit
 .text.HAL_ADC_Stop
                0x00000000080029f4       0x3c ./Drivers/STM32WLxx_HAL_Driver/Src/stm32wlxx_hal_adc.o
                0x00000000080029f4                HAL_ADC_Stop
 .text.HAL_ADCEx_Calibration_Start
                0x0000000008002a30      0x118 ./Drivers/STM32WLxx_HAL_Driver/Src/stm32wlxx_hal_adc_ex.o
                0x0000000008002a30                HAL_ADCEx_Calibration_Start
 .text.HAL_NVIC_SetPriorityGrouping
                0x0000000008002b48       0x24 ./Drivers/STM32WLxx_HAL_Driver/Src/stm32wlxx_hal_cortex.o
                0x0000000008002b48                HAL_NVIC_SetPriorityGrouping
 .text.HAL_NVIC_SetPriority
                0x0000000008002b6c       0x64 ./Drivers/STM32WLxx_HAL_Driver/Src/stm32wlxx_hal_cortex.o
                0x0000000008002b6c                HAL_NVIC_SetPriority
 .text.HAL_NVIC_EnableIRQ
                0x0000000008002bd0       0x1c ./Drivers/STM32WLxx_HAL_Driver/Src/stm32wlxx_hal_cortex.o
                0x0000000008002bd0                HAL_NVIC_EnableIRQ
 .text.HAL_NVIC_DisableIRQ
                0x0000000008002bec       0x28 ./Drivers/STM32WLxx_HAL_Driver/Src/stm32wlxx_hal_cortex.o
                0x0000000008002bec                HAL_NVIC_DisableIRQ
 .text.HAL_NVIC_SystemReset
                0x0000000008002c14       0x24 ./Drivers/STM32WLxx_HAL_Driver/Src/stm32wlxx_hal_cortex.o
                0x0000000008002c14                HAL_NVIC_SystemReset
 .text.HAL_SYSTICK_Config
                0x0000000008002c38       0x28 ./Drivers/STM32WLxx_HAL_Driver/Src/stm32wlxx_hal_cortex.o
                0x0000000008002c38                HAL_SYSTICK_Config
 .text.DMA_SetConfig
                0x0000000008002c60       0x34 ./Drivers/STM32WLxx_HAL_Driver/Src/stm32wlxx_hal_dma.o
 .text.DMA_CalcDMAMUXChannelBaseAndMask
                0x0000000008002c94       0x4c ./Drivers/STM32WLxx_HAL_Driver/Src/stm32wlxx_hal_dma.o
 .text.HAL_DMA_Init
                0x0000000008002ce0       0xec ./Drivers/STM32WLxx_HAL_Driver/Src/stm32wlxx_hal_dma.o
                0x0000000008002ce0                HAL_DMA_Init
 .text.HAL_DMA_DeInit
                0x0000000008002dcc       0xb0 ./Drivers/STM32WLxx_HAL_Driver/Src/stm32wlxx_hal_dma.o
                0x0000000008002dcc                HAL_DMA_DeInit
 .text.HAL_DMA_Start_IT
                0x0000000008002e7c       0x8a ./Drivers/STM32WLxx_HAL_Driver/Src/stm32wlxx_hal_dma.o
                0x0000000008002e7c                HAL_DMA_Start_IT
 .text.HAL_DMA_Abort
                0x0000000008002f06       0x6a ./Drivers/STM32WLxx_HAL_Driver/Src/stm32wlxx_hal_dma.o
                0x0000000008002f06                HAL_DMA_Abort
 .text.HAL_DMA_Abort_IT
                0x0000000008002f70       0x6e ./Drivers/STM32WLxx_HAL_Driver/Src/stm32wlxx_hal_dma.o
                0x0000000008002f70                HAL_DMA_Abort_IT
 *fill*         0x0000000008002fde        0x2 
 .text.HAL_DMA_IRQHandler
                0x0000000008002fe0       0xac ./Drivers/STM32WLxx_HAL_Driver/Src/stm32wlxx_hal_dma.o
                0x0000000008002fe0                HAL_DMA_IRQHandler
 .text.FLASH_Program_Fast
                0x000000000800308c       0x30 ./Drivers/STM32WLxx_HAL_Driver/Src/stm32wlxx_hal_flash.o
 .text.HAL_FLASH_Unlock
                0x00000000080030bc       0x24 ./Drivers/STM32WLxx_HAL_Driver/Src/stm32wlxx_hal_flash.o
                0x00000000080030bc                HAL_FLASH_Unlock
 .text.HAL_FLASH_Lock
                0x00000000080030e0       0x18 ./Drivers/STM32WLxx_HAL_Driver/Src/stm32wlxx_hal_flash.o
                0x00000000080030e0                HAL_FLASH_Lock
 .text.FLASH_WaitForLastOperation
                0x00000000080030f8       0x5c ./Drivers/STM32WLxx_HAL_Driver/Src/stm32wlxx_hal_flash.o
                0x00000000080030f8                FLASH_WaitForLastOperation
 .text.HAL_FLASH_Program
                0x0000000008003154       0x70 ./Drivers/STM32WLxx_HAL_Driver/Src/stm32wlxx_hal_flash.o
                0x0000000008003154                HAL_FLASH_Program
 .text.FLASH_PageErase
                0x00000000080031c4       0x1c ./Drivers/STM32WLxx_HAL_Driver/Src/stm32wlxx_hal_flash_ex.o
                0x00000000080031c4                FLASH_PageErase
 .text.HAL_FLASHEx_Erase
                0x00000000080031e0       0x9c ./Drivers/STM32WLxx_HAL_Driver/Src/stm32wlxx_hal_flash_ex.o
                0x00000000080031e0                HAL_FLASHEx_Erase
 .text.HAL_FLASHEx_Erase_IT
                0x000000000800327c       0x64 ./Drivers/STM32WLxx_HAL_Driver/Src/stm32wlxx_hal_flash_ex.o
                0x000000000800327c                HAL_FLASHEx_Erase_IT
 .text.HAL_GPIO_Init
                0x00000000080032e0      0x158 ./Drivers/STM32WLxx_HAL_Driver/Src/stm32wlxx_hal_gpio.o
                0x00000000080032e0                HAL_GPIO_Init
 .text.HAL_GPIO_DeInit
                0x0000000008003438       0xe8 ./Drivers/STM32WLxx_HAL_Driver/Src/stm32wlxx_hal_gpio.o
                0x0000000008003438                HAL_GPIO_DeInit
 .text.HAL_GPIO_WritePin
                0x0000000008003520        0xa ./Drivers/STM32WLxx_HAL_Driver/Src/stm32wlxx_hal_gpio.o
                0x0000000008003520                HAL_GPIO_WritePin
 *fill*         0x000000000800352a        0x2 
 .text.HAL_GPIO_EXTI_IRQHandler
                0x000000000800352c       0x18 ./Drivers/STM32WLxx_HAL_Driver/Src/stm32wlxx_hal_gpio.o
                0x000000000800352c                HAL_GPIO_EXTI_IRQHandler
 .text.HAL_PWR_EnableBkUpAccess
                0x0000000008003544       0x10 ./Drivers/STM32WLxx_HAL_Driver/Src/stm32wlxx_hal_pwr.o
                0x0000000008003544                HAL_PWR_EnableBkUpAccess
 .text.HAL_PWR_EnterSLEEPMode
                0x0000000008003554       0x40 ./Drivers/STM32WLxx_HAL_Driver/Src/stm32wlxx_hal_pwr.o
                0x0000000008003554                HAL_PWR_EnterSLEEPMode
 .text.HAL_PWREx_GetVoltageRange
                0x0000000008003594       0x10 ./Drivers/STM32WLxx_HAL_Driver/Src/stm32wlxx_hal_pwr_ex.o
                0x0000000008003594                HAL_PWREx_GetVoltageRange
 .text.HAL_PWREx_EnableLowPowerRunMode
                0x00000000080035a4       0x10 ./Drivers/STM32WLxx_HAL_Driver/Src/stm32wlxx_hal_pwr_ex.o
                0x00000000080035a4                HAL_PWREx_EnableLowPowerRunMode
 .text.HAL_PWREx_DisableLowPowerRunMode
                0x00000000080035b4       0x40 ./Drivers/STM32WLxx_HAL_Driver/Src/stm32wlxx_hal_pwr_ex.o
                0x00000000080035b4                HAL_PWREx_DisableLowPowerRunMode
 .text.HAL_PWREx_EnterSTOP2Mode
                0x00000000080035f4       0x38 ./Drivers/STM32WLxx_HAL_Driver/Src/stm32wlxx_hal_pwr_ex.o
                0x00000000080035f4                HAL_PWREx_EnterSTOP2Mode
 .text.LL_RCC_HSE_IsReady
                0x000000000800362c        0xc ./Drivers/STM32WLxx_HAL_Driver/Src/stm32wlxx_hal_rcc.o
 .text.LL_RCC_HSI_IsReady
                0x0000000008003638        0xc ./Drivers/STM32WLxx_HAL_Driver/Src/stm32wlxx_hal_rcc.o
 .text.LL_RCC_MSI_IsReady
                0x0000000008003644        0xc ./Drivers/STM32WLxx_HAL_Driver/Src/stm32wlxx_hal_rcc.o
 .text.LL_RCC_MSI_SetCalibTrimming
                0x0000000008003650       0x12 ./Drivers/STM32WLxx_HAL_Driver/Src/stm32wlxx_hal_rcc.o
 .text.LL_RCC_PLL_IsReady
                0x0000000008003662        0xc ./Drivers/STM32WLxx_HAL_Driver/Src/stm32wlxx_hal_rcc.o
 *fill*         0x000000000800366e        0x2 
 .text.RCC_SetFlashLatencyFromMSIRange
                0x0000000008003670       0xd4 ./Drivers/STM32WLxx_HAL_Driver/Src/stm32wlxx_hal_rcc.o
 .text.HAL_RCC_GetSysClockFreq
                0x0000000008003744       0xdc ./Drivers/STM32WLxx_HAL_Driver/Src/stm32wlxx_hal_rcc.o
                0x0000000008003744                HAL_RCC_GetSysClockFreq
 .text.HAL_RCC_GetHCLKFreq
                0x0000000008003820       0x20 ./Drivers/STM32WLxx_HAL_Driver/Src/stm32wlxx_hal_rcc.o
                0x0000000008003820                HAL_RCC_GetHCLKFreq
 .text.HAL_RCC_OscConfig
                0x0000000008003840      0x540 ./Drivers/STM32WLxx_HAL_Driver/Src/stm32wlxx_hal_rcc.o
                0x0000000008003840                HAL_RCC_OscConfig
 .text.HAL_RCC_ClockConfig
                0x0000000008003d80      0x1bc ./Drivers/STM32WLxx_HAL_Driver/Src/stm32wlxx_hal_rcc.o
                0x0000000008003d80                HAL_RCC_ClockConfig
 .text.HAL_RCC_GetPCLK1Freq
                0x0000000008003f3c       0x20 ./Drivers/STM32WLxx_HAL_Driver/Src/stm32wlxx_hal_rcc.o
                0x0000000008003f3c                HAL_RCC_GetPCLK1Freq
 .text.HAL_RCC_GetPCLK2Freq
                0x0000000008003f5c       0x20 ./Drivers/STM32WLxx_HAL_Driver/Src/stm32wlxx_hal_rcc.o
                0x0000000008003f5c                HAL_RCC_GetPCLK2Freq
 .text.LL_RCC_LSE_IsReady
                0x0000000008003f7c        0xe ./Drivers/STM32WLxx_HAL_Driver/Src/stm32wlxx_hal_rcc_ex.o
 .text.LL_RCC_SetI2CClockSource
                0x0000000008003f8a       0x20 ./Drivers/STM32WLxx_HAL_Driver/Src/stm32wlxx_hal_rcc_ex.o
 .text.LL_RCC_SetLPTIMClockSource
                0x0000000008003faa       0x1a ./Drivers/STM32WLxx_HAL_Driver/Src/stm32wlxx_hal_rcc_ex.o
 .text.HAL_RCCEx_PeriphCLKConfig
                0x0000000008003fc4      0x1ac ./Drivers/STM32WLxx_HAL_Driver/Src/stm32wlxx_hal_rcc_ex.o
                0x0000000008003fc4                HAL_RCCEx_PeriphCLKConfig
 .text.HAL_RTC_DeactivateAlarm
                0x0000000008004170       0x78 ./Drivers/STM32WLxx_HAL_Driver/Src/stm32wlxx_hal_rtc.o
                0x0000000008004170                HAL_RTC_DeactivateAlarm
 .text.HAL_RTC_AlarmIRQHandler
                0x00000000080041e8       0x34 ./Drivers/STM32WLxx_HAL_Driver/Src/stm32wlxx_hal_rtc.o
                0x00000000080041e8                HAL_RTC_AlarmIRQHandler
 .text.HAL_RTC_WaitForSynchro
                0x000000000800421c       0x30 ./Drivers/STM32WLxx_HAL_Driver/Src/stm32wlxx_hal_rtc.o
                0x000000000800421c                HAL_RTC_WaitForSynchro
 .text.RTC_EnterInitMode
                0x000000000800424c       0x50 ./Drivers/STM32WLxx_HAL_Driver/Src/stm32wlxx_hal_rtc.o
                0x000000000800424c                RTC_EnterInitMode
 .text.RTC_ExitInitMode
                0x000000000800429c       0x48 ./Drivers/STM32WLxx_HAL_Driver/Src/stm32wlxx_hal_rtc.o
                0x000000000800429c                RTC_ExitInitMode
 .text.HAL_RTC_Init
                0x00000000080042e4       0xa0 ./Drivers/STM32WLxx_HAL_Driver/Src/stm32wlxx_hal_rtc.o
                0x00000000080042e4                HAL_RTC_Init
 .text.RTC_ByteToBcd2
                0x0000000008004384       0x16 ./Drivers/STM32WLxx_HAL_Driver/Src/stm32wlxx_hal_rtc.o
                0x0000000008004384                RTC_ByteToBcd2
 *fill*         0x000000000800439a        0x2 
 .text.HAL_RTC_SetAlarm_IT
                0x000000000800439c      0x15c ./Drivers/STM32WLxx_HAL_Driver/Src/stm32wlxx_hal_rtc.o
                0x000000000800439c                HAL_RTC_SetAlarm_IT
 .text.HAL_RTCEx_EnableBypassShadow
                0x00000000080044f8       0x3c ./Drivers/STM32WLxx_HAL_Driver/Src/stm32wlxx_hal_rtc_ex.o
                0x00000000080044f8                HAL_RTCEx_EnableBypassShadow
 .text.HAL_RTCEx_SetSSRU_IT
                0x0000000008004534       0x4c ./Drivers/STM32WLxx_HAL_Driver/Src/stm32wlxx_hal_rtc_ex.o
                0x0000000008004534                HAL_RTCEx_SetSSRU_IT
 .text.HAL_RTCEx_SSRUIRQHandler
                0x0000000008004580       0x20 ./Drivers/STM32WLxx_HAL_Driver/Src/stm32wlxx_hal_rtc_ex.o
                0x0000000008004580                HAL_RTCEx_SSRUIRQHandler
 .text.HAL_RTCEx_AlarmBEventCallback
                0x00000000080045a0        0x2 ./Drivers/STM32WLxx_HAL_Driver/Src/stm32wlxx_hal_rtc_ex.o
                0x00000000080045a0                HAL_RTCEx_AlarmBEventCallback
 .text.HAL_RTCEx_BKUPWrite
                0x00000000080045a2        0xe ./Drivers/STM32WLxx_HAL_Driver/Src/stm32wlxx_hal_rtc_ex.o
                0x00000000080045a2                HAL_RTCEx_BKUPWrite
 .text.HAL_RTCEx_BKUPRead
                0x00000000080045b0        0xe ./Drivers/STM32WLxx_HAL_Driver/Src/stm32wlxx_hal_rtc_ex.o
                0x00000000080045b0                HAL_RTCEx_BKUPRead
 *fill*         0x00000000080045be        0x2 
 .text.LL_PWR_UnselectSUBGHZSPI_NSS
                0x00000000080045c0       0x14 ./Drivers/STM32WLxx_HAL_Driver/Src/stm32wlxx_hal_subghz.o
 .text.LL_PWR_SelectSUBGHZSPI_NSS
                0x00000000080045d4       0x14 ./Drivers/STM32WLxx_HAL_Driver/Src/stm32wlxx_hal_subghz.o
 .text.SUBGHZSPI_Init
                0x00000000080045e8       0x24 ./Drivers/STM32WLxx_HAL_Driver/Src/stm32wlxx_hal_subghz.o
                0x00000000080045e8                SUBGHZSPI_Init
 .text.HAL_SUBGHZ_Init
                0x000000000800460c       0xa0 ./Drivers/STM32WLxx_HAL_Driver/Src/stm32wlxx_hal_subghz.o
                0x000000000800460c                HAL_SUBGHZ_Init
 .text.SUBGHZSPI_Transmit
                0x00000000080046ac       0x68 ./Drivers/STM32WLxx_HAL_Driver/Src/stm32wlxx_hal_subghz.o
                0x00000000080046ac                SUBGHZSPI_Transmit
 .text.SUBGHZSPI_Receive
                0x0000000008004714       0x6c ./Drivers/STM32WLxx_HAL_Driver/Src/stm32wlxx_hal_subghz.o
                0x0000000008004714                SUBGHZSPI_Receive
 .text.SUBGHZ_WaitOnBusy
                0x0000000008004780       0x48 ./Drivers/STM32WLxx_HAL_Driver/Src/stm32wlxx_hal_subghz.o
                0x0000000008004780                SUBGHZ_WaitOnBusy
 .text.SUBGHZ_CheckDeviceReady
                0x00000000080047c8       0x38 ./Drivers/STM32WLxx_HAL_Driver/Src/stm32wlxx_hal_subghz.o
                0x00000000080047c8                SUBGHZ_CheckDeviceReady
 .text.HAL_SUBGHZ_WriteRegisters
                0x0000000008004800       0x72 ./Drivers/STM32WLxx_HAL_Driver/Src/stm32wlxx_hal_subghz.o
                0x0000000008004800                HAL_SUBGHZ_WriteRegisters
 .text.HAL_SUBGHZ_ReadRegisters
                0x0000000008004872       0x76 ./Drivers/STM32WLxx_HAL_Driver/Src/stm32wlxx_hal_subghz.o
                0x0000000008004872                HAL_SUBGHZ_ReadRegisters
 .text.HAL_SUBGHZ_ExecSetCmd
                0x00000000080048e8       0x70 ./Drivers/STM32WLxx_HAL_Driver/Src/stm32wlxx_hal_subghz.o
                0x00000000080048e8                HAL_SUBGHZ_ExecSetCmd
 .text.HAL_SUBGHZ_ExecGetCmd
                0x0000000008004958       0x66 ./Drivers/STM32WLxx_HAL_Driver/Src/stm32wlxx_hal_subghz.o
                0x0000000008004958                HAL_SUBGHZ_ExecGetCmd
 .text.HAL_SUBGHZ_IRQHandler
                0x00000000080049be       0x90 ./Drivers/STM32WLxx_HAL_Driver/Src/stm32wlxx_hal_subghz.o
                0x00000000080049be                HAL_SUBGHZ_IRQHandler
 .text.HAL_SUBGHZ_WriteBuffer
                0x0000000008004a4e       0x66 ./Drivers/STM32WLxx_HAL_Driver/Src/stm32wlxx_hal_subghz.o
                0x0000000008004a4e                HAL_SUBGHZ_WriteBuffer
 .text.HAL_SUBGHZ_ReadBuffer
                0x0000000008004ab4       0x6e ./Drivers/STM32WLxx_HAL_Driver/Src/stm32wlxx_hal_subghz.o
                0x0000000008004ab4                HAL_SUBGHZ_ReadBuffer
 .text.UART_EndTxTransfer
                0x0000000008004b22       0x34 ./Drivers/STM32WLxx_HAL_Driver/Src/stm32wlxx_hal_uart.o
 *fill*         0x0000000008004b56        0x2 
 .text.UART_EndRxTransfer
                0x0000000008004b58       0x58 ./Drivers/STM32WLxx_HAL_Driver/Src/stm32wlxx_hal_uart.o
 .text.UART_TxISR_8BIT.part.0
                0x0000000008004bb0       0x26 ./Drivers/STM32WLxx_HAL_Driver/Src/stm32wlxx_hal_uart.o
 .text.UART_TxISR_8BIT
                0x0000000008004bd6       0x30 ./Drivers/STM32WLxx_HAL_Driver/Src/stm32wlxx_hal_uart.o
 .text.UART_TxISR_16BIT
                0x0000000008004c06       0x34 ./Drivers/STM32WLxx_HAL_Driver/Src/stm32wlxx_hal_uart.o
 .text.UART_TxISR_8BIT_FIFOEN
                0x0000000008004c3a       0x66 ./Drivers/STM32WLxx_HAL_Driver/Src/stm32wlxx_hal_uart.o
 .text.UART_TxISR_16BIT_FIFOEN
                0x0000000008004ca0       0x6a ./Drivers/STM32WLxx_HAL_Driver/Src/stm32wlxx_hal_uart.o
 *fill*         0x0000000008004d0a        0x2 
 .text.HAL_UART_Transmit_IT
                0x0000000008004d0c       0xc8 ./Drivers/STM32WLxx_HAL_Driver/Src/stm32wlxx_hal_uart.o
                0x0000000008004d0c                HAL_UART_Transmit_IT
 .text.HAL_UART_Transmit_DMA
                0x0000000008004dd4       0xa8 ./Drivers/STM32WLxx_HAL_Driver/Src/stm32wlxx_hal_uart.o
                0x0000000008004dd4                HAL_UART_Transmit_DMA
 .text.UART_DMATransmitCplt
                0x0000000008004e7c       0x46 ./Drivers/STM32WLxx_HAL_Driver/Src/stm32wlxx_hal_uart.o
 .text.HAL_UART_TxHalfCpltCallback
                0x0000000008004ec2        0x2 ./Drivers/STM32WLxx_HAL_Driver/Src/stm32wlxx_hal_uart.o
                0x0000000008004ec2                HAL_UART_TxHalfCpltCallback
 .text.UART_DMATxHalfCplt
                0x0000000008004ec4        0xa ./Drivers/STM32WLxx_HAL_Driver/Src/stm32wlxx_hal_uart.o
 .text.HAL_UART_ErrorCallback
                0x0000000008004ece        0x2 ./Drivers/STM32WLxx_HAL_Driver/Src/stm32wlxx_hal_uart.o
                0x0000000008004ece                HAL_UART_ErrorCallback
 .text.UART_DMAError
                0x0000000008004ed0       0x4a ./Drivers/STM32WLxx_HAL_Driver/Src/stm32wlxx_hal_uart.o
 .text.UART_DMAAbortOnError
                0x0000000008004f1a       0x14 ./Drivers/STM32WLxx_HAL_Driver/Src/stm32wlxx_hal_uart.o
 .text.HAL_UARTEx_RxEventCallback
                0x0000000008004f2e        0x2 ./Drivers/STM32WLxx_HAL_Driver/Src/stm32wlxx_hal_uart.o
                0x0000000008004f2e                HAL_UARTEx_RxEventCallback
 .text.HAL_UART_IRQHandler
                0x0000000008004f30      0x2e8 ./Drivers/STM32WLxx_HAL_Driver/Src/stm32wlxx_hal_uart.o
                0x0000000008004f30                HAL_UART_IRQHandler
 .text.UART_RxISR_8BIT
                0x0000000008005218       0xa2 ./Drivers/STM32WLxx_HAL_Driver/Src/stm32wlxx_hal_uart.o
 .text.UART_RxISR_16BIT
                0x00000000080052ba       0x9c ./Drivers/STM32WLxx_HAL_Driver/Src/stm32wlxx_hal_uart.o
 *fill*         0x0000000008005356        0x2 
 .text.UART_RxISR_8BIT_FIFOEN
                0x0000000008005358      0x17c ./Drivers/STM32WLxx_HAL_Driver/Src/stm32wlxx_hal_uart.o
 .text.UART_RxISR_16BIT_FIFOEN
                0x00000000080054d4      0x178 ./Drivers/STM32WLxx_HAL_Driver/Src/stm32wlxx_hal_uart.o
 .text.UART_SetConfig
                0x000000000800564c      0x234 ./Drivers/STM32WLxx_HAL_Driver/Src/stm32wlxx_hal_uart.o
                0x000000000800564c                UART_SetConfig
 .text.UART_AdvFeatureConfig
                0x0000000008005880       0xa8 ./Drivers/STM32WLxx_HAL_Driver/Src/stm32wlxx_hal_uart.o
                0x0000000008005880                UART_AdvFeatureConfig
 .text.UART_WaitOnFlagUntilTimeout
                0x0000000008005928       0xc4 ./Drivers/STM32WLxx_HAL_Driver/Src/stm32wlxx_hal_uart.o
                0x0000000008005928                UART_WaitOnFlagUntilTimeout
 .text.UART_CheckIdleState
                0x00000000080059ec       0x68 ./Drivers/STM32WLxx_HAL_Driver/Src/stm32wlxx_hal_uart.o
                0x00000000080059ec                UART_CheckIdleState
 .text.HAL_UART_Init
                0x0000000008005a54       0x60 ./Drivers/STM32WLxx_HAL_Driver/Src/stm32wlxx_hal_uart.o
                0x0000000008005a54                HAL_UART_Init
 .text.UART_Start_Receive_IT
                0x0000000008005ab4      0x124 ./Drivers/STM32WLxx_HAL_Driver/Src/stm32wlxx_hal_uart.o
                0x0000000008005ab4                UART_Start_Receive_IT
 .text.HAL_UART_Receive_IT
                0x0000000008005bd8       0x54 ./Drivers/STM32WLxx_HAL_Driver/Src/stm32wlxx_hal_uart.o
                0x0000000008005bd8                HAL_UART_Receive_IT
 .text.UARTEx_SetNbDataToProcess
                0x0000000008005c2c       0x44 ./Drivers/STM32WLxx_HAL_Driver/Src/stm32wlxx_hal_uart_ex.o
 .text.HAL_UARTEx_WakeupCallback
                0x0000000008005c70        0x2 ./Drivers/STM32WLxx_HAL_Driver/Src/stm32wlxx_hal_uart_ex.o
                0x0000000008005c70                HAL_UARTEx_WakeupCallback
 .text.HAL_UARTEx_RxFifoFullCallback
                0x0000000008005c72        0x2 ./Drivers/STM32WLxx_HAL_Driver/Src/stm32wlxx_hal_uart_ex.o
                0x0000000008005c72                HAL_UARTEx_RxFifoFullCallback
 .text.HAL_UARTEx_TxFifoEmptyCallback
                0x0000000008005c74        0x2 ./Drivers/STM32WLxx_HAL_Driver/Src/stm32wlxx_hal_uart_ex.o
                0x0000000008005c74                HAL_UARTEx_TxFifoEmptyCallback
 .text.HAL_UARTEx_StopModeWakeUpSourceConfig
                0x0000000008005c76       0x8c ./Drivers/STM32WLxx_HAL_Driver/Src/stm32wlxx_hal_uart_ex.o
                0x0000000008005c76                HAL_UARTEx_StopModeWakeUpSourceConfig
 .text.HAL_UARTEx_EnableStopMode
                0x0000000008005d02       0x2c ./Drivers/STM32WLxx_HAL_Driver/Src/stm32wlxx_hal_uart_ex.o
                0x0000000008005d02                HAL_UARTEx_EnableStopMode
 .text.HAL_UARTEx_DisableFifoMode
                0x0000000008005d2e       0x36 ./Drivers/STM32WLxx_HAL_Driver/Src/stm32wlxx_hal_uart_ex.o
                0x0000000008005d2e                HAL_UARTEx_DisableFifoMode
 .text.HAL_UARTEx_SetTxFifoThreshold
                0x0000000008005d64       0x48 ./Drivers/STM32WLxx_HAL_Driver/Src/stm32wlxx_hal_uart_ex.o
                0x0000000008005d64                HAL_UARTEx_SetTxFifoThreshold
 .text.HAL_UARTEx_SetRxFifoThreshold
                0x0000000008005dac       0x48 ./Drivers/STM32WLxx_HAL_Driver/Src/stm32wlxx_hal_uart_ex.o
                0x0000000008005dac                HAL_UARTEx_SetRxFifoThreshold
 .text.MX_LoRaWAN_Init
                0x0000000008005df4        0xe ./LoRaWAN/App/app_lorawan.o
                0x0000000008005df4                MX_LoRaWAN_Init
 .text.MX_LoRaWAN_Process
                0x0000000008005e02        0x8 ./LoRaWAN/App/app_lorawan.o
                0x0000000008005e02                MX_LoRaWAN_Process
 .text.OnJoinRequest
                0x0000000008005e0a        0x2 ./LoRaWAN/App/lora_app.o
 .text.OnClassChange
                0x0000000008005e0c        0x2 ./LoRaWAN/App/lora_app.o
 *fill*         0x0000000008005e0e        0x2 
 .text.OnTxFrameCtrlChanged
                0x0000000008005e10        0xc ./LoRaWAN/App/lora_app.o
 .text.OnPingSlotPeriodicityChanged
                0x0000000008005e1c        0xc ./LoRaWAN/App/lora_app.o
 .text.OnMacProcessNotify
                0x0000000008005e28        0x8 ./LoRaWAN/App/lora_app.o
 .text.OnTxTimerEvent
                0x0000000008005e30       0x20 ./LoRaWAN/App/lora_app.o
 .text.OnTxPeriodicityChanged
                0x0000000008005e50       0x30 ./LoRaWAN/App/lora_app.o
 .text.GuardarConfiguracion
                0x0000000008005e80      0x110 ./LoRaWAN/App/lora_app.o
 .text.OnRestoreContextRequest
                0x0000000008005f90        0xc ./LoRaWAN/App/lora_app.o
 .text.StopJoin
                0x0000000008005f9c       0x44 ./LoRaWAN/App/lora_app.o
 .text.StoreContext
                0x0000000008005fe0        0x4 ./LoRaWAN/App/lora_app.o
 *fill*         0x0000000008005fe4        0x4 
 .text.SendTxData
                0x0000000008005fe8     0x10b4 ./LoRaWAN/App/lora_app.o
 .text.OnStopJoinTimerEvent
                0x000000000800709c       0x18 ./LoRaWAN/App/lora_app.o
 .text.OnSystemReset
                0x00000000080070b4       0x34 ./LoRaWAN/App/lora_app.o
 .text.OnRxData
                0x00000000080070e8      0x15c ./LoRaWAN/App/lora_app.o
 .text.OnStoreContextRequest
                0x0000000008007244       0x54 ./LoRaWAN/App/lora_app.o
 .text.OnNvmDataChange
                0x0000000008007298        0x2 ./LoRaWAN/App/lora_app.o
 .text.OnTxData
                0x000000000800729a        0x2 ./LoRaWAN/App/lora_app.o
 .text.OnBeaconStatusChange
                0x000000000800729c        0x2 ./LoRaWAN/App/lora_app.o
 *fill*         0x000000000800729e        0x2 
 .text.LoRaWAN_Init
                0x00000000080072a0      0x114 ./LoRaWAN/App/lora_app.o
                0x00000000080072a0                LoRaWAN_Init
 .text.HAL_GPIO_EXTI_Callback
                0x00000000080073b4       0x88 ./LoRaWAN/App/lora_app.o
                0x00000000080073b4                HAL_GPIO_EXTI_Callback
 .text.LoraInfo_Init
                0x000000000800743c       0x18 ./LoRaWAN/App/lora_info.o
                0x000000000800743c                LoraInfo_Init
 .text.LoraInfo_GetPtr
                0x0000000008007454        0x8 ./LoRaWAN/App/lora_info.o
                0x0000000008007454                LoraInfo_GetPtr
 .text.RBI_Init
                0x000000000800745c       0x5c ./LoRaWAN/Target/radio_board_if.o
                0x000000000800745c                RBI_Init
 .text.RBI_ConfigRFSwitch
                0x00000000080074b8       0x4c ./LoRaWAN/Target/radio_board_if.o
                0x00000000080074b8                RBI_ConfigRFSwitch
 .text.RBI_GetTxConfig
                0x0000000008007504        0x4 ./LoRaWAN/Target/radio_board_if.o
                0x0000000008007504                RBI_GetTxConfig
 .text.RBI_IsTCXO
                0x0000000008007508        0x4 ./LoRaWAN/Target/radio_board_if.o
                0x0000000008007508                RBI_IsTCXO
 .text.RBI_IsDCDC
                0x000000000800750c        0x4 ./LoRaWAN/Target/radio_board_if.o
                0x000000000800750c                RBI_IsDCDC
 .text.RBI_GetRFOMaxPowerConfig
                0x0000000008007510        0xa ./LoRaWAN/Target/radio_board_if.o
                0x0000000008007510                RBI_GetRFOMaxPowerConfig
 .text.AES_CMAC_Init
                0x000000000800751a       0x20 ./Middlewares/Third_Party/LoRaWAN/Crypto/cmac.o
                0x000000000800751a                AES_CMAC_Init
 .text.AES_CMAC_SetKey
                0x000000000800753a        0xa ./Middlewares/Third_Party/LoRaWAN/Crypto/cmac.o
                0x000000000800753a                AES_CMAC_SetKey
 .text.AES_CMAC_Update
                0x0000000008007544       0xce ./Middlewares/Third_Party/LoRaWAN/Crypto/cmac.o
                0x0000000008007544                AES_CMAC_Update
 .text.AES_CMAC_Final
                0x0000000008007612      0x164 ./Middlewares/Third_Party/LoRaWAN/Crypto/cmac.o
                0x0000000008007612                AES_CMAC_Final
 .text.xor_block
                0x0000000008007776       0x82 ./Middlewares/Third_Party/LoRaWAN/Crypto/lorawan_aes.o
 .text.copy_and_key
                0x00000000080077f8       0x84 ./Middlewares/Third_Party/LoRaWAN/Crypto/lorawan_aes.o
 .text.lorawan_aes_set_key
                0x000000000800787c       0xf8 ./Middlewares/Third_Party/LoRaWAN/Crypto/lorawan_aes.o
                0x000000000800787c                lorawan_aes_set_key
 .text.lorawan_aes_encrypt
                0x0000000008007974      0x2ac ./Middlewares/Third_Party/LoRaWAN/Crypto/lorawan_aes.o
                0x0000000008007974                lorawan_aes_encrypt
 .text.SecureElementInit
                0x0000000008007c20       0x20 ./Middlewares/Third_Party/LoRaWAN/Crypto/soft-se.o
                0x0000000008007c20                SecureElementInit
 .text.SecureElementGetKeyByID
                0x0000000008007c40       0x30 ./Middlewares/Third_Party/LoRaWAN/Crypto/soft-se.o
                0x0000000008007c40                SecureElementGetKeyByID
 .text.ComputeCmac
                0x0000000008007c70       0x66 ./Middlewares/Third_Party/LoRaWAN/Crypto/soft-se.o
 .text.PrintKey
                0x0000000008007cd6        0xe ./Middlewares/Third_Party/LoRaWAN/Crypto/soft-se.o
 .text.SecureElementPrintKeys
                0x0000000008007ce4       0x1e ./Middlewares/Third_Party/LoRaWAN/Crypto/soft-se.o
                0x0000000008007ce4                SecureElementPrintKeys
 .text.SecureElementPrintSessionKeys
                0x0000000008007d02       0x1e ./Middlewares/Third_Party/LoRaWAN/Crypto/soft-se.o
                0x0000000008007d02                SecureElementPrintSessionKeys
 .text.SecureElementComputeAesCmac
                0x0000000008007d20       0x12 ./Middlewares/Third_Party/LoRaWAN/Crypto/soft-se.o
                0x0000000008007d20                SecureElementComputeAesCmac
 .text.SecureElementVerifyAesCmac
                0x0000000008007d32       0x2c ./Middlewares/Third_Party/LoRaWAN/Crypto/soft-se.o
                0x0000000008007d32                SecureElementVerifyAesCmac
 .text.SecureElementAesEncrypt
                0x0000000008007d5e       0x64 ./Middlewares/Third_Party/LoRaWAN/Crypto/soft-se.o
                0x0000000008007d5e                SecureElementAesEncrypt
 *fill*         0x0000000008007dc2        0x2 
 .text.SecureElementSetKey.part.0
                0x0000000008007dc4       0x68 ./Middlewares/Third_Party/LoRaWAN/Crypto/soft-se.o
 .text.SecureElementSetKey
                0x0000000008007e2c        0xa ./Middlewares/Third_Party/LoRaWAN/Crypto/soft-se.o
                0x0000000008007e2c                SecureElementSetKey
 .text.SecureElementDeriveAndStoreKey
                0x0000000008007e36       0x38 ./Middlewares/Third_Party/LoRaWAN/Crypto/soft-se.o
                0x0000000008007e36                SecureElementDeriveAndStoreKey
 .text.SecureElementProcessJoinAccept
                0x0000000008007e6e       0x86 ./Middlewares/Third_Party/LoRaWAN/Crypto/soft-se.o
                0x0000000008007e6e                SecureElementProcessJoinAccept
 .text.SecureElementRandomNumber
                0x0000000008007ef4       0x1c ./Middlewares/Third_Party/LoRaWAN/Crypto/soft-se.o
                0x0000000008007ef4                SecureElementRandomNumber
 .text.SecureElementSetDevEui
                0x0000000008007f10       0x1c ./Middlewares/Third_Party/LoRaWAN/Crypto/soft-se.o
                0x0000000008007f10                SecureElementSetDevEui
 .text.SecureElementGetDevEui
                0x0000000008007f2c        0xc ./Middlewares/Third_Party/LoRaWAN/Crypto/soft-se.o
                0x0000000008007f2c                SecureElementGetDevEui
 .text.SecureElementSetJoinEui
                0x0000000008007f38       0x20 ./Middlewares/Third_Party/LoRaWAN/Crypto/soft-se.o
                0x0000000008007f38                SecureElementSetJoinEui
 .text.SecureElementGetJoinEui
                0x0000000008007f58        0xc ./Middlewares/Third_Party/LoRaWAN/Crypto/soft-se.o
                0x0000000008007f58                SecureElementGetJoinEui
 .text.LmHandlerDeviceTimeReq
                0x0000000008007f64       0x28 ./Middlewares/Third_Party/LoRaWAN/LmHandler/LmHandler.o
                0x0000000008007f64                LmHandlerDeviceTimeReq
 .text.McpsConfirm
                0x0000000008007f8c       0x54 ./Middlewares/Third_Party/LoRaWAN/LmHandler/LmHandler.o
 .text.LmHandlerProcess
                0x0000000008007fe0       0x38 ./Middlewares/Third_Party/LoRaWAN/LmHandler/LmHandler.o
                0x0000000008007fe0                LmHandlerProcess
 .text.LmHandlerGetDutyCycleWaitTime
                0x0000000008008018        0xc ./Middlewares/Third_Party/LoRaWAN/LmHandler/LmHandler.o
                0x0000000008008018                LmHandlerGetDutyCycleWaitTime
 .text.LmHandlerJoinStatus
                0x0000000008008024       0x26 ./Middlewares/Third_Party/LoRaWAN/LmHandler/LmHandler.o
                0x0000000008008024                LmHandlerJoinStatus
 *fill*         0x000000000800804a        0x2 
 .text.LmHandlerRequestClass
                0x000000000800804c       0x94 ./Middlewares/Third_Party/LoRaWAN/LmHandler/LmHandler.o
                0x000000000800804c                LmHandlerRequestClass
 .text.LmHandlerJoin
                0x00000000080080e0       0xb0 ./Middlewares/Third_Party/LoRaWAN/LmHandler/LmHandler.o
                0x00000000080080e0                LmHandlerJoin
 .text.LmHandlerSend
                0x0000000008008190      0x148 ./Middlewares/Third_Party/LoRaWAN/LmHandler/LmHandler.o
                0x0000000008008190                LmHandlerSend
 .text.MlmeIndication
                0x00000000080082d8       0x84 ./Middlewares/Third_Party/LoRaWAN/LmHandler/LmHandler.o
 .text.LmHandlerGetCurrentClass
                0x000000000800835c       0x28 ./Middlewares/Third_Party/LoRaWAN/LmHandler/LmHandler.o
                0x000000000800835c                LmHandlerGetCurrentClass
 .text.McpsIndication
                0x0000000008008384       0xc4 ./Middlewares/Third_Party/LoRaWAN/LmHandler/LmHandler.o
 .text.LmHandlerGetTxDatarate
                0x0000000008008448       0x30 ./Middlewares/Third_Party/LoRaWAN/LmHandler/LmHandler.o
                0x0000000008008448                LmHandlerGetTxDatarate
 .text.MlmeConfirm
                0x0000000008008478       0xc0 ./Middlewares/Third_Party/LoRaWAN/LmHandler/LmHandler.o
 .text.LmHandlerSetSystemMaxRxError
                0x0000000008008538       0x20 ./Middlewares/Third_Party/LoRaWAN/LmHandler/LmHandler.o
                0x0000000008008538                LmHandlerSetSystemMaxRxError
 .text.LmHandlerConfigure
                0x0000000008008558      0x1ac ./Middlewares/Third_Party/LoRaWAN/LmHandler/LmHandler.o
                0x0000000008008558                LmHandlerConfigure
 .text.LmHandlerPackageRegister
                0x0000000008008704       0x54 ./Middlewares/Third_Party/LoRaWAN/LmHandler/LmHandler.o
                0x0000000008008704                LmHandlerPackageRegister
 .text.LmHandlerInit
                0x0000000008008758       0x64 ./Middlewares/Third_Party/LoRaWAN/LmHandler/LmHandler.o
                0x0000000008008758                LmHandlerInit
 .text.LmHandlerStop
                0x00000000080087bc       0x12 ./Middlewares/Third_Party/LoRaWAN/LmHandler/LmHandler.o
                0x00000000080087bc                LmHandlerStop
 .text.LmHandlerHalt
                0x00000000080087ce       0x12 ./Middlewares/Third_Party/LoRaWAN/LmHandler/LmHandler.o
                0x00000000080087ce                LmHandlerHalt
 .text.LmHandlerSetDutyCycleEnable
                0x00000000080087e0       0x14 ./Middlewares/Third_Party/LoRaWAN/LmHandler/LmHandler.o
                0x00000000080087e0                LmHandlerSetDutyCycleEnable
 .text.LmHandlerNvmDataStore
                0x00000000080087f4       0x68 ./Middlewares/Third_Party/LoRaWAN/LmHandler/LmHandler.o
                0x00000000080087f4                LmHandlerNvmDataStore
 .text.NvmDataMgmtEvent
                0x000000000800885c        0x2 ./Middlewares/Third_Party/LoRaWAN/LmHandler/NvmDataMgmt.o
                0x000000000800885c                NvmDataMgmtEvent
 .text.NvmDataMgmtStoreBegin
                0x000000000800885e        0x6 ./Middlewares/Third_Party/LoRaWAN/LmHandler/NvmDataMgmt.o
                0x000000000800885e                NvmDataMgmtStoreBegin
 .text.NvmDataMgmtStoreEnd
                0x0000000008008864        0x6 ./Middlewares/Third_Party/LoRaWAN/LmHandler/NvmDataMgmt.o
                0x0000000008008864                NvmDataMgmtStoreEnd
 *fill*         0x000000000800886a        0x2 
 .text.LmhpComplianceInit
                0x000000000800886c       0x24 ./Middlewares/Third_Party/LoRaWAN/LmHandler/Packages/LmhpCompliance.o
 .text.LmhpComplianceIsInitialized
                0x0000000008008890        0xc ./Middlewares/Third_Party/LoRaWAN/LmHandler/Packages/LmhpCompliance.o
 .text.LmhpComplianceIsRunning
                0x000000000800889c       0x10 ./Middlewares/Third_Party/LoRaWAN/LmHandler/Packages/LmhpCompliance.o
 .text.LmhpComplianceProcess
                0x00000000080088ac        0x2 ./Middlewares/Third_Party/LoRaWAN/LmHandler/Packages/LmhpCompliance.o
 *fill*         0x00000000080088ae        0x2 
 .text.LmhpComplianceOnMcpsConfirm
                0x00000000080088b0       0x20 ./Middlewares/Third_Party/LoRaWAN/LmHandler/Packages/LmhpCompliance.o
 .text.LmhpComplianceOnMlmeConfirm
                0x00000000080088d0       0x24 ./Middlewares/Third_Party/LoRaWAN/LmHandler/Packages/LmhpCompliance.o
 .text.LmhpComplianceTxProcess.isra.0
                0x00000000080088f4       0x74 ./Middlewares/Third_Party/LoRaWAN/LmHandler/Packages/LmhpCompliance.o
 .text.OnComplianceTxNextPacketTimerEvent
                0x0000000008008968        0x4 ./Middlewares/Third_Party/LoRaWAN/LmHandler/Packages/LmhpCompliance.o
 .text.LmhpComplianceOnMcpsIndication
                0x000000000800896c      0x1f8 ./Middlewares/Third_Party/LoRaWAN/LmHandler/Packages/LmhpCompliance.o
 .text.LmhpCompliancePackageFactory
                0x0000000008008b64        0x8 ./Middlewares/Third_Party/LoRaWAN/LmHandler/Packages/LmhpCompliance.o
                0x0000000008008b64                LmhpCompliancePackageFactory
 .text.OnRadioTxTimeout
                0x0000000008008b6c       0x24 ./Middlewares/Third_Party/LoRaWAN/Mac/LoRaMac.o
 .text.OnRadioRxError
                0x0000000008008b90       0x24 ./Middlewares/Third_Party/LoRaWAN/Mac/LoRaMac.o
 .text.OnRadioRxTimeout
                0x0000000008008bb4       0x24 ./Middlewares/Third_Party/LoRaWAN/Mac/LoRaMac.o
 .text.UpdateRxSlotIdleState
                0x0000000008008bd8       0x1c ./Middlewares/Third_Party/LoRaWAN/Mac/LoRaMac.o
 .text.GetMaxAppPayloadWithoutFOptsLength
                0x0000000008008bf4       0x38 ./Middlewares/Third_Party/LoRaWAN/Mac/LoRaMac.o
 .text.OnAckTimeoutTimerEvent
                0x0000000008008c2c       0x48 ./Middlewares/Third_Party/LoRaWAN/Mac/LoRaMac.o
 .text.PrepareRxDoneAbort
                0x0000000008008c74       0x38 ./Middlewares/Third_Party/LoRaWAN/Mac/LoRaMac.o
 .text.HandleRadioRxErrorTimeout
                0x0000000008008cac       0xc8 ./Middlewares/Third_Party/LoRaWAN/Mac/LoRaMac.o
 .text.OnRadioRxDone
                0x0000000008008d74       0x48 ./Middlewares/Third_Party/LoRaWAN/Mac/LoRaMac.o
 .text.OnRadioTxDone
                0x0000000008008dbc       0x4c ./Middlewares/Third_Party/LoRaWAN/Mac/LoRaMac.o
 .text.ResetMacParameters
                0x0000000008008e08      0x118 ./Middlewares/Third_Party/LoRaWAN/Mac/LoRaMac.o
 .text.ScheduleTx
                0x0000000008008f20      0x2e8 ./Middlewares/Third_Party/LoRaWAN/Mac/LoRaMac.o
 .text.OpenContinuousRxCWindow
                0x0000000008009208       0x60 ./Middlewares/Third_Party/LoRaWAN/Mac/LoRaMac.o
 .text.SwitchClass
                0x0000000008009268       0xcc ./Middlewares/Third_Party/LoRaWAN/Mac/LoRaMac.o
 .text.RxWindowSetup.constprop.0
                0x0000000008009334       0x44 ./Middlewares/Third_Party/LoRaWAN/Mac/LoRaMac.o
 .text.OnRxWindow1TimerEvent
                0x0000000008009378       0x40 ./Middlewares/Third_Party/LoRaWAN/Mac/LoRaMac.o
 .text.OnRxWindow2TimerEvent
                0x00000000080093b8       0x48 ./Middlewares/Third_Party/LoRaWAN/Mac/LoRaMac.o
 .text.LoRaMacHandleNvm.part.0.constprop.0
                0x0000000008009400       0xf4 ./Middlewares/Third_Party/LoRaWAN/Mac/LoRaMac.o
 .text.ProcessMacCommands.constprop.0
                0x00000000080094f4      0x598 ./Middlewares/Third_Party/LoRaWAN/Mac/LoRaMac.o
 .text.StopRetransmission.isra.0
                0x0000000008009a8c       0x44 ./Middlewares/Third_Party/LoRaWAN/Mac/LoRaMac.o
 .text.OnTxDelayedTimerEvent
                0x0000000008009ad0       0x54 ./Middlewares/Third_Party/LoRaWAN/Mac/LoRaMac.o
 .text.LoRaMacIsBusy
                0x0000000008009b24       0x1c ./Middlewares/Third_Party/LoRaWAN/Mac/LoRaMac.o
                0x0000000008009b24                LoRaMacIsBusy
 .text.LoRaMacProcess
                0x0000000008009b40      0x8a0 ./Middlewares/Third_Party/LoRaWAN/Mac/LoRaMac.o
                0x0000000008009b40                LoRaMacProcess
 .text.LoRaMacInitialization
                0x000000000800a3e0      0x374 ./Middlewares/Third_Party/LoRaWAN/Mac/LoRaMac.o
                0x000000000800a3e0                LoRaMacInitialization
 .text.LoRaMacStart
                0x000000000800a754       0x10 ./Middlewares/Third_Party/LoRaWAN/Mac/LoRaMac.o
                0x000000000800a754                LoRaMacStart
 .text.LoRaMacStop
                0x000000000800a764       0x24 ./Middlewares/Third_Party/LoRaWAN/Mac/LoRaMac.o
                0x000000000800a764                LoRaMacStop
 .text.LoRaMacHalt
                0x000000000800a788       0x60 ./Middlewares/Third_Party/LoRaWAN/Mac/LoRaMac.o
                0x000000000800a788                LoRaMacHalt
 .text.LoRaMacQueryTxPossible
                0x000000000800a7e8       0xb0 ./Middlewares/Third_Party/LoRaWAN/Mac/LoRaMac.o
                0x000000000800a7e8                LoRaMacQueryTxPossible
 .text.LoRaMacMibGetRequestConfirm
                0x000000000800a898      0x188 ./Middlewares/Third_Party/LoRaWAN/Mac/LoRaMac.o
                0x000000000800a898                LoRaMacMibGetRequestConfirm
 .text.LoRaMacMibSetRequestConfirm
                0x000000000800aa20      0x44c ./Middlewares/Third_Party/LoRaWAN/Mac/LoRaMac.o
                0x000000000800aa20                LoRaMacMibSetRequestConfirm
 .text.LoRaMacMlmeRequest
                0x000000000800ae6c      0x1ec ./Middlewares/Third_Party/LoRaWAN/Mac/LoRaMac.o
                0x000000000800ae6c                LoRaMacMlmeRequest
 .text.LoRaMacMcpsRequest
                0x000000000800b058      0x310 ./Middlewares/Third_Party/LoRaWAN/Mac/LoRaMac.o
                0x000000000800b058                LoRaMacMcpsRequest
 .text.LoRaMacTestSetDutyCycleOn
                0x000000000800b368       0x24 ./Middlewares/Third_Party/LoRaWAN/Mac/LoRaMac.o
                0x000000000800b368                LoRaMacTestSetDutyCycleOn
 .text.LoRaMacDeInitialization
                0x000000000800b38c       0x4c ./Middlewares/Third_Party/LoRaWAN/Mac/LoRaMac.o
                0x000000000800b38c                LoRaMacDeInitialization
 .text.LoRaMacAdrCalcNext
                0x000000000800b3d8       0xdc ./Middlewares/Third_Party/LoRaWAN/Mac/LoRaMacAdr.o
                0x000000000800b3d8                LoRaMacAdrCalcNext
 .text.LoRaMacClassBInit
                0x000000000800b4b4        0x2 ./Middlewares/Third_Party/LoRaWAN/Mac/LoRaMacClassB.o
                0x000000000800b4b4                LoRaMacClassBInit
 .text.LoRaMacClassBSetBeaconState
                0x000000000800b4b6        0x2 ./Middlewares/Third_Party/LoRaWAN/Mac/LoRaMacClassB.o
                0x000000000800b4b6                LoRaMacClassBSetBeaconState
 .text.LoRaMacClassBSetPingSlotState
                0x000000000800b4b8        0x2 ./Middlewares/Third_Party/LoRaWAN/Mac/LoRaMacClassB.o
                0x000000000800b4b8                LoRaMacClassBSetPingSlotState
 .text.LoRaMacClassBSetMulticastSlotState
                0x000000000800b4ba        0x2 ./Middlewares/Third_Party/LoRaWAN/Mac/LoRaMacClassB.o
                0x000000000800b4ba                LoRaMacClassBSetMulticastSlotState
 .text.LoRaMacClassBIsAcquisitionInProgress
                0x000000000800b4bc        0x4 ./Middlewares/Third_Party/LoRaWAN/Mac/LoRaMacClassB.o
                0x000000000800b4bc                LoRaMacClassBIsAcquisitionInProgress
 .text.LoRaMacClassBBeaconTimerEvent
                0x000000000800b4c0        0x2 ./Middlewares/Third_Party/LoRaWAN/Mac/LoRaMacClassB.o
                0x000000000800b4c0                LoRaMacClassBBeaconTimerEvent
 .text.LoRaMacClassBPingSlotTimerEvent
                0x000000000800b4c2        0x2 ./Middlewares/Third_Party/LoRaWAN/Mac/LoRaMacClassB.o
                0x000000000800b4c2                LoRaMacClassBPingSlotTimerEvent
 .text.LoRaMacClassBMulticastSlotTimerEvent
                0x000000000800b4c4        0x2 ./Middlewares/Third_Party/LoRaWAN/Mac/LoRaMacClassB.o
                0x000000000800b4c4                LoRaMacClassBMulticastSlotTimerEvent
 .text.LoRaMacClassBRxBeacon
                0x000000000800b4c6        0x4 ./Middlewares/Third_Party/LoRaWAN/Mac/LoRaMacClassB.o
                0x000000000800b4c6                LoRaMacClassBRxBeacon
 .text.LoRaMacClassBIsBeaconExpected
                0x000000000800b4ca        0x4 ./Middlewares/Third_Party/LoRaWAN/Mac/LoRaMacClassB.o
                0x000000000800b4ca                LoRaMacClassBIsBeaconExpected
 .text.LoRaMacClassBIsPingExpected
                0x000000000800b4ce        0x4 ./Middlewares/Third_Party/LoRaWAN/Mac/LoRaMacClassB.o
                0x000000000800b4ce                LoRaMacClassBIsPingExpected
 .text.LoRaMacClassBIsMulticastExpected
                0x000000000800b4d2        0x4 ./Middlewares/Third_Party/LoRaWAN/Mac/LoRaMacClassB.o
                0x000000000800b4d2                LoRaMacClassBIsMulticastExpected
 .text.LoRaMacClassBIsBeaconModeActive
                0x000000000800b4d6        0x4 ./Middlewares/Third_Party/LoRaWAN/Mac/LoRaMacClassB.o
                0x000000000800b4d6                LoRaMacClassBIsBeaconModeActive
 .text.LoRaMacClassBSetPingSlotInfo
                0x000000000800b4da        0x2 ./Middlewares/Third_Party/LoRaWAN/Mac/LoRaMacClassB.o
                0x000000000800b4da                LoRaMacClassBSetPingSlotInfo
 .text.LoRaMacClassBHaltBeaconing
                0x000000000800b4dc        0x2 ./Middlewares/Third_Party/LoRaWAN/Mac/LoRaMacClassB.o
                0x000000000800b4dc                LoRaMacClassBHaltBeaconing
 .text.LoRaMacClassBResumeBeaconing
                0x000000000800b4de        0x2 ./Middlewares/Third_Party/LoRaWAN/Mac/LoRaMacClassB.o
                0x000000000800b4de                LoRaMacClassBResumeBeaconing
 .text.LoRaMacClassBSwitchClass
                0x000000000800b4e0        0x4 ./Middlewares/Third_Party/LoRaWAN/Mac/LoRaMacClassB.o
                0x000000000800b4e0                LoRaMacClassBSwitchClass
 .text.LoRaMacClassBMibGetRequestConfirm
                0x000000000800b4e4        0x4 ./Middlewares/Third_Party/LoRaWAN/Mac/LoRaMacClassB.o
                0x000000000800b4e4                LoRaMacClassBMibGetRequestConfirm
 .text.LoRaMacMibClassBSetRequestConfirm
                0x000000000800b4e8        0x4 ./Middlewares/Third_Party/LoRaWAN/Mac/LoRaMacClassB.o
                0x000000000800b4e8                LoRaMacMibClassBSetRequestConfirm
 .text.LoRaMacClassBPingSlotInfoAns
                0x000000000800b4ec        0x2 ./Middlewares/Third_Party/LoRaWAN/Mac/LoRaMacClassB.o
                0x000000000800b4ec                LoRaMacClassBPingSlotInfoAns
 .text.LoRaMacClassBPingSlotChannelReq
                0x000000000800b4ee        0x4 ./Middlewares/Third_Party/LoRaWAN/Mac/LoRaMacClassB.o
                0x000000000800b4ee                LoRaMacClassBPingSlotChannelReq
 .text.LoRaMacClassBBeaconTimingAns
                0x000000000800b4f2        0x2 ./Middlewares/Third_Party/LoRaWAN/Mac/LoRaMacClassB.o
                0x000000000800b4f2                LoRaMacClassBBeaconTimingAns
 .text.LoRaMacClassBDeviceTimeAns
                0x000000000800b4f4        0x2 ./Middlewares/Third_Party/LoRaWAN/Mac/LoRaMacClassB.o
                0x000000000800b4f4                LoRaMacClassBDeviceTimeAns
 .text.LoRaMacClassBBeaconFreqReq
                0x000000000800b4f6        0x4 ./Middlewares/Third_Party/LoRaWAN/Mac/LoRaMacClassB.o
                0x000000000800b4f6                LoRaMacClassBBeaconFreqReq
 .text.LoRaMacClassBIsUplinkCollision
                0x000000000800b4fa        0x4 ./Middlewares/Third_Party/LoRaWAN/Mac/LoRaMacClassB.o
                0x000000000800b4fa                LoRaMacClassBIsUplinkCollision
 .text.LoRaMacClassBStopRxSlots
                0x000000000800b4fe        0x2 ./Middlewares/Third_Party/LoRaWAN/Mac/LoRaMacClassB.o
                0x000000000800b4fe                LoRaMacClassBStopRxSlots
 .text.LoRaMacClassBProcess
                0x000000000800b500        0x2 ./Middlewares/Third_Party/LoRaWAN/Mac/LoRaMacClassB.o
                0x000000000800b500                LoRaMacClassBProcess
 *fill*         0x000000000800b502        0x2 
 .text.LoRaMacCommandsInit
                0x000000000800b504       0x1c ./Middlewares/Third_Party/LoRaWAN/Mac/LoRaMacCommands.o
                0x000000000800b504                LoRaMacCommandsInit
 .text.LoRaMacCommandsAddCmd
                0x000000000800b520       0xa4 ./Middlewares/Third_Party/LoRaWAN/Mac/LoRaMacCommands.o
                0x000000000800b520                LoRaMacCommandsAddCmd
 .text.LoRaMacCommandsRemoveCmd
                0x000000000800b5c4       0x54 ./Middlewares/Third_Party/LoRaWAN/Mac/LoRaMacCommands.o
                0x000000000800b5c4                LoRaMacCommandsRemoveCmd
 .text.LoRaMacCommandsRemoveNoneStickyCmds
                0x000000000800b618       0x1c ./Middlewares/Third_Party/LoRaWAN/Mac/LoRaMacCommands.o
                0x000000000800b618                LoRaMacCommandsRemoveNoneStickyCmds
 .text.LoRaMacCommandsRemoveStickyAnsCmds
                0x000000000800b634       0x24 ./Middlewares/Third_Party/LoRaWAN/Mac/LoRaMacCommands.o
                0x000000000800b634                LoRaMacCommandsRemoveStickyAnsCmds
 .text.LoRaMacCommandsGetSizeSerializedCmds
                0x000000000800b658       0x18 ./Middlewares/Third_Party/LoRaWAN/Mac/LoRaMacCommands.o
                0x000000000800b658                LoRaMacCommandsGetSizeSerializedCmds
 .text.LoRaMacCommandsSerializeCmds
                0x000000000800b670       0x64 ./Middlewares/Third_Party/LoRaWAN/Mac/LoRaMacCommands.o
                0x000000000800b670                LoRaMacCommandsSerializeCmds
 .text.LoRaMacCommandsStickyCmdsPending
                0x000000000800b6d4       0x28 ./Middlewares/Third_Party/LoRaWAN/Mac/LoRaMacCommands.o
                0x000000000800b6d4                LoRaMacCommandsStickyCmdsPending
 .text.LoRaMacCommandsGetCmdSize
                0x000000000800b6fc       0x14 ./Middlewares/Third_Party/LoRaWAN/Mac/LoRaMacCommands.o
                0x000000000800b6fc                LoRaMacCommandsGetCmdSize
 .text.GetElement.constprop.0
                0x000000000800b710       0x38 ./Middlewares/Third_Party/LoRaWAN/Mac/LoRaMacConfirmQueue.o
 .text.LoRaMacConfirmQueueInit
                0x000000000800b748       0x28 ./Middlewares/Third_Party/LoRaWAN/Mac/LoRaMacConfirmQueue.o
                0x000000000800b748                LoRaMacConfirmQueueInit
 .text.LoRaMacConfirmQueueAdd
                0x000000000800b770       0x40 ./Middlewares/Third_Party/LoRaWAN/Mac/LoRaMacConfirmQueue.o
                0x000000000800b770                LoRaMacConfirmQueueAdd
 .text.LoRaMacConfirmQueueRemoveFirst
                0x000000000800b7b0       0x2c ./Middlewares/Third_Party/LoRaWAN/Mac/LoRaMacConfirmQueue.o
                0x000000000800b7b0                LoRaMacConfirmQueueRemoveFirst
 .text.LoRaMacConfirmQueueSetStatus
                0x000000000800b7dc       0x24 ./Middlewares/Third_Party/LoRaWAN/Mac/LoRaMacConfirmQueue.o
                0x000000000800b7dc                LoRaMacConfirmQueueSetStatus
 .text.LoRaMacConfirmQueueGetStatus
                0x000000000800b800       0x20 ./Middlewares/Third_Party/LoRaWAN/Mac/LoRaMacConfirmQueue.o
                0x000000000800b800                LoRaMacConfirmQueueGetStatus
 .text.LoRaMacConfirmQueueSetStatusCmn
                0x000000000800b820       0x34 ./Middlewares/Third_Party/LoRaWAN/Mac/LoRaMacConfirmQueue.o
                0x000000000800b820                LoRaMacConfirmQueueSetStatusCmn
 .text.LoRaMacConfirmQueueIsCmdActive
                0x000000000800b854       0x18 ./Middlewares/Third_Party/LoRaWAN/Mac/LoRaMacConfirmQueue.o
                0x000000000800b854                LoRaMacConfirmQueueIsCmdActive
 .text.LoRaMacConfirmQueueHandleCb
                0x000000000800b86c       0x54 ./Middlewares/Third_Party/LoRaWAN/Mac/LoRaMacConfirmQueue.o
                0x000000000800b86c                LoRaMacConfirmQueueHandleCb
 .text.LoRaMacConfirmQueueGetCnt
                0x000000000800b8c0        0xc ./Middlewares/Third_Party/LoRaWAN/Mac/LoRaMacConfirmQueue.o
                0x000000000800b8c0                LoRaMacConfirmQueueGetCnt
 .text.LoRaMacConfirmQueueIsFull
                0x000000000800b8cc       0x14 ./Middlewares/Third_Party/LoRaWAN/Mac/LoRaMacConfirmQueue.o
                0x000000000800b8cc                LoRaMacConfirmQueueIsFull
 .text.DeriveSessionKey10x
                0x000000000800b8e0       0x4c ./Middlewares/Third_Party/LoRaWAN/Mac/LoRaMacCrypto.o
 .text.PayloadEncrypt
                0x000000000800b92c       0xc2 ./Middlewares/Third_Party/LoRaWAN/Mac/LoRaMacCrypto.o
 .text.LoRaMacCryptoDeriveMcKEKey.part.0
                0x000000000800b9ee       0x22 ./Middlewares/Third_Party/LoRaWAN/Mac/LoRaMacCrypto.o
 .text.GetLastFcntDown.constprop.0
                0x000000000800ba10       0x48 ./Middlewares/Third_Party/LoRaWAN/Mac/LoRaMacCrypto.o
 .text.VerifyCmacB0.constprop.0.isra.0
                0x000000000800ba58       0xa8 ./Middlewares/Third_Party/LoRaWAN/Mac/LoRaMacCrypto.o
 .text.LoRaMacCryptoInit
                0x000000000800bb00       0x38 ./Middlewares/Third_Party/LoRaWAN/Mac/LoRaMacCrypto.o
                0x000000000800bb00                LoRaMacCryptoInit
 .text.LoRaMacCryptoSetLrWanVersion
                0x000000000800bb38       0x10 ./Middlewares/Third_Party/LoRaWAN/Mac/LoRaMacCrypto.o
                0x000000000800bb38                LoRaMacCryptoSetLrWanVersion
 .text.LoRaMacCryptoGetFCntUp
                0x000000000800bb48       0x18 ./Middlewares/Third_Party/LoRaWAN/Mac/LoRaMacCrypto.o
                0x000000000800bb48                LoRaMacCryptoGetFCntUp
 .text.LoRaMacCryptoGetFCntDown
                0x000000000800bb60       0x6c ./Middlewares/Third_Party/LoRaWAN/Mac/LoRaMacCrypto.o
                0x000000000800bb60                LoRaMacCryptoGetFCntDown
 .text.LoRaMacCryptoSetMulticastReference