../Middlewares/Third_Party/LoRaWAN/LmHandler/Packages/LmhpCompliance.c:192:13:LmhpComplianceInit	8	static
../Middlewares/Third_Party/LoRaWAN/LmHandler/Packages/LmhpCompliance.c:208:13:LmhpComplianceIsInitialized	0	static
../Middlewares/Third_Party/LoRaWAN/LmHandler/Packages/LmhpCompliance.c:213:13:LmhpComplianceIsRunning	0	static
../Middlewares/Third_Party/LoRaWAN/LmHandler/Packages/LmhpCompliance.c:518:13:LmhpComplianceProcess	0	static
../Middlewares/Third_Party/LoRaWAN/LmHandler/Packages/LmhpCompliance.c:223:13:LmhpComplianceOnMcpsConfirm	0	static
../Middlewares/Third_Party/LoRaWAN/LmHandler/Packages/LmhpCompliance.c:239:13:LmhpComplianceOnMlmeConfirm	0	static
../Middlewares/Third_Party/LoRaWAN/LmHandler/Packages/LmhpCompliance.c:259:31:LmhpComplianceTxProcess.isra	16	static
../Middlewares/Third_Party/LoRaWAN/LmHandler/Packages/LmhpCompliance.c:523:13:OnComplianceTxNextPacketTimerEvent	0	static
../Middlewares/Third_Party/LoRaWAN/LmHandler/Packages/LmhpCompliance.c:308:13:LmhpComplianceOnMcpsIndication	64	static
../Middlewares/Third_Party/LoRaWAN/LmHandler/Packages/LmhpCompliance.c:187:15:LmhpCompliancePackageFactory	0	static
