../Drivers/CMSIS/Include/core_cm4.h:1933:34:__NVIC_SystemReset	4	static,ignoring_inline_asm
../LoRaWAN/App/lora_app.c:332:6:LoRaWAN_Init	32	static
../LoRaWAN/App/lora_app.c:401:6:HAL_GPIO_EXTI_Callback	16	static
../LoRaWAN/App/lora_app.c:457:13:GuardarConfiguracion	48	static
../LoRaWAN/App/lora_app.c:487:13:OnRxData	24	static
../LoRaWAN/App/lora_app.c:617:13:SendTxData	168	static
../LoRaWAN/App/lora_app.c:1384:13:OnTxTimerEvent	16	static
../LoRaWAN/App/lora_app.c:1405:13:OnTxData	16	static
../LoRaWAN/App/lora_app.c:1411:13:OnJoinRequest	16	static
../LoRaWAN/App/lora_app.c:1417:13:OnBeaconStatusChange	16	static
../LoRaWAN/App/lora_app.c:1423:13:OnClassChange	16	static
../LoRaWAN/App/lora_app.c:1429:13:OnMacProcessNotify	8	static
../LoRaWAN/App/lora_app.c:1441:13:OnTxPeriodicityChanged	16	static
../LoRaWAN/App/lora_app.c:1463:13:OnTxFrameCtrlChanged	16	static
../LoRaWAN/App/lora_app.c:1474:13:OnPingSlotPeriodicityChanged	16	static
../LoRaWAN/App/lora_app.c:1485:13:OnSystemReset	8	static
../LoRaWAN/App/lora_app.c:1499:13:StopJoin	8	static
../LoRaWAN/App/lora_app.c:1534:13:OnStopJoinTimerEvent	16	static
../LoRaWAN/App/lora_app.c:1548:13:StoreContext	16	static
../LoRaWAN/App/lora_app.c:1570:13:OnNvmDataChange	16	static
../LoRaWAN/App/lora_app.c:1588:13:OnStoreContextRequest	16	static
../LoRaWAN/App/lora_app.c:1607:13:OnRestoreContextRequest	16	static
