../Middlewares/Third_Party/LoRaWAN/Mac/LoRaMacCommands.c:305:24:LoRaMacCommandsInit	8	static
../Middlewares/Third_Party/LoRaWAN/Mac/LoRaMacCommands.c:315:24:LoRaMacCommandsAddCmd	24	static
../Middlewares/Third_Party/LoRaWAN/Mac/LoRaMacCommands.c:348:24:LoRaMacCommandsRemoveCmd	8	static
../Middlewares/Third_Party/LoRaWAN/Mac/LoRaMacCommands.c:372:24:LoRaMacCommandsGetCmd	0	static
../Middlewares/Third_Party/LoRaWAN/Mac/LoRaMacCommands.c:396:24:LoRaMacCommandsRemoveNoneStickyCmds	8	static
../Middlewares/Third_Party/LoRaWAN/Mac/LoRaMacCommands.c:422:24:LoRaMacCommandsRemoveStickyAnsCmds	8	static
../Middlewares/Third_Party/LoRaWAN/Mac/LoRaMacCommands.c:444:24:LoRaMacCommandsGetSizeSerializedCmds	0	static
../Middlewares/Third_Party/LoRaWAN/Mac/LoRaMacCommands.c:454:24:LoRaMacCommandsSerializeCmds	24	static
../Middlewares/Third_Party/LoRaWAN/Mac/LoRaMacCommands.c:497:24:LoRaMacCommandsStickyCmdsPending	0	static
../Middlewares/Third_Party/LoRaWAN/Mac/LoRaMacCommands.c:523:9:LoRaMacCommandsGetCmdSize	0	static
