../Middlewares/Third_Party/SubGHz_Phy/stm32_radio_driver/radio_driver.c:211:6:SUBGRF_Init	24	static
../Middlewares/Third_Party/SubGHz_Phy/stm32_radio_driver/radio_driver.c:249:23:SUBGRF_GetOperatingMode	4	static
../Middlewares/Third_Party/SubGHz_Phy/stm32_radio_driver/radio_driver.c:254:6:SUBGRF_SetPayload	16	static
../Middlewares/Third_Party/SubGHz_Phy/stm32_radio_driver/radio_driver.c:259:9:SUBGRF_GetPayload	32	static
../Middlewares/Third_Party/SubGHz_Phy/stm32_radio_driver/radio_driver.c:273:6:SUBGRF_SendPayload	24	static
../Middlewares/Third_Party/SubGHz_Phy/stm32_radio_driver/radio_driver.c:279:9:SUBGRF_SetSyncWord	16	static
../Middlewares/Third_Party/SubGHz_Phy/stm32_radio_driver/radio_driver.c:285:6:SUBGRF_SetCrcSeed	24	static
../Middlewares/Third_Party/SubGHz_Phy/stm32_radio_driver/radio_driver.c:303:6:SUBGRF_SetCrcPolynomial	24	static
../Middlewares/Third_Party/SubGHz_Phy/stm32_radio_driver/radio_driver.c:321:6:SUBGRF_SetWhiteningSeed	24	static
../Middlewares/Third_Party/SubGHz_Phy/stm32_radio_driver/radio_driver.c:339:10:SUBGRF_GetRandom	16	static
../Middlewares/Third_Party/SubGHz_Phy/stm32_radio_driver/radio_driver.c:364:6:SUBGRF_SetSleep	24	static
../Middlewares/Third_Party/SubGHz_Phy/stm32_radio_driver/radio_driver.c:378:6:SUBGRF_SetStandby	16	static
../Middlewares/Third_Party/SubGHz_Phy/stm32_radio_driver/radio_driver.c:391:6:SUBGRF_SetFs	8	static
../Middlewares/Third_Party/SubGHz_Phy/stm32_radio_driver/radio_driver.c:397:6:SUBGRF_SetTx	24	static
../Middlewares/Third_Party/SubGHz_Phy/stm32_radio_driver/radio_driver.c:409:6:SUBGRF_SetRx	24	static
../Middlewares/Third_Party/SubGHz_Phy/stm32_radio_driver/radio_driver.c:421:6:SUBGRF_SetRxBoosted	24	static
../Middlewares/Third_Party/SubGHz_Phy/stm32_radio_driver/radio_driver.c:437:6:SUBGRF_SetRxDutyCycle	24	static
../Middlewares/Third_Party/SubGHz_Phy/stm32_radio_driver/radio_driver.c:451:6:SUBGRF_SetCad	8	static
../Middlewares/Third_Party/SubGHz_Phy/stm32_radio_driver/radio_driver.c:457:6:SUBGRF_SetTxContinuousWave	8	static
../Middlewares/Third_Party/SubGHz_Phy/stm32_radio_driver/radio_driver.c:462:6:SUBGRF_SetTxInfinitePreamble	8	static
../Middlewares/Third_Party/SubGHz_Phy/stm32_radio_driver/radio_driver.c:467:6:SUBGRF_SetStopRxTimerOnPreambleDetect	16	static
../Middlewares/Third_Party/SubGHz_Phy/stm32_radio_driver/radio_driver.c:472:6:SUBGRF_SetLoRaSymbNumTimeout	24	static
../Middlewares/Third_Party/SubGHz_Phy/stm32_radio_driver/radio_driver.c:493:6:SUBGRF_SetRegulatorMode	16	static
../Middlewares/Third_Party/SubGHz_Phy/stm32_radio_driver/radio_driver.c:510:6:SUBGRF_Calibrate	24	static
../Middlewares/Third_Party/SubGHz_Phy/stm32_radio_driver/radio_driver.c:523:6:SUBGRF_CalibrateImage	24	static
../Middlewares/Third_Party/SubGHz_Phy/stm32_radio_driver/radio_driver.c:555:6:SUBGRF_SetPaConfig	32	static
../Middlewares/Third_Party/SubGHz_Phy/stm32_radio_driver/radio_driver.c:566:6:SUBGRF_SetRxTxFallbackMode	16	static
../Middlewares/Third_Party/SubGHz_Phy/stm32_radio_driver/radio_driver.c:571:6:SUBGRF_SetDioIrqParams	32	static
../Middlewares/Third_Party/SubGHz_Phy/stm32_radio_driver/radio_driver.c:586:10:SUBGRF_GetIrqStatus	16	static
../Middlewares/Third_Party/SubGHz_Phy/stm32_radio_driver/radio_driver.c:594:6:SUBGRF_SetTcxoMode	24	static
../Middlewares/Third_Party/SubGHz_Phy/stm32_radio_driver/radio_driver.c:606:6:SUBGRF_SetRfFrequency	40	static
../Middlewares/Third_Party/SubGHz_Phy/stm32_radio_driver/radio_driver.c:626:6:SUBGRF_SetPacketType	16	static
../Middlewares/Third_Party/SubGHz_Phy/stm32_radio_driver/radio_driver.c:638:20:SUBGRF_GetPacketType	4	static
../Middlewares/Third_Party/SubGHz_Phy/stm32_radio_driver/radio_driver.c:643:6:SUBGRF_SetTxParams	24	static
../Middlewares/Third_Party/SubGHz_Phy/stm32_radio_driver/radio_driver.c:717:6:SUBGRF_SetModulationParams	48	static
../Middlewares/Third_Party/SubGHz_Phy/stm32_radio_driver/radio_driver.c:783:6:SUBGRF_SetPacketParams	32	static
../Middlewares/Third_Party/SubGHz_Phy/stm32_radio_driver/radio_driver.c:847:6:SUBGRF_SetCadParams	32	static
../Middlewares/Third_Party/SubGHz_Phy/stm32_radio_driver/radio_driver.c:862:6:SUBGRF_SetBufferBaseAddress	24	static
../Middlewares/Third_Party/SubGHz_Phy/stm32_radio_driver/radio_driver.c:871:15:SUBGRF_GetStatus	16	static
../Middlewares/Third_Party/SubGHz_Phy/stm32_radio_driver/radio_driver.c:884:8:SUBGRF_GetRssiInst	16	static
../Middlewares/Third_Party/SubGHz_Phy/stm32_radio_driver/radio_driver.c:894:6:SUBGRF_GetRxBufferStatus	24	static
../Middlewares/Third_Party/SubGHz_Phy/stm32_radio_driver/radio_driver.c:913:6:SUBGRF_GetPacketStatus	24	static
../Middlewares/Third_Party/SubGHz_Phy/stm32_radio_driver/radio_driver.c:947:14:SUBGRF_GetDeviceErrors	16	static
../Middlewares/Third_Party/SubGHz_Phy/stm32_radio_driver/radio_driver.c:964:6:SUBGRF_ClearDeviceErrors	16	static
../Middlewares/Third_Party/SubGHz_Phy/stm32_radio_driver/radio_driver.c:970:6:SUBGRF_ClearIrqStatus	24	static
../Middlewares/Third_Party/SubGHz_Phy/stm32_radio_driver/radio_driver.c:979:6:SUBGRF_WriteRegister	16	static
../Middlewares/Third_Party/SubGHz_Phy/stm32_radio_driver/radio_driver.c:984:9:SUBGRF_ReadRegister	24	static
../Middlewares/Third_Party/SubGHz_Phy/stm32_radio_driver/radio_driver.c:991:6:SUBGRF_WriteRegisters	32	static,ignoring_inline_asm
../Middlewares/Third_Party/SubGHz_Phy/stm32_radio_driver/radio_driver.c:998:6:SUBGRF_ReadRegisters	32	static,ignoring_inline_asm
../Middlewares/Third_Party/SubGHz_Phy/stm32_radio_driver/radio_driver.c:1005:6:SUBGRF_WriteBuffer	32	static,ignoring_inline_asm
../Middlewares/Third_Party/SubGHz_Phy/stm32_radio_driver/radio_driver.c:1012:6:SUBGRF_ReadBuffer	32	static,ignoring_inline_asm
../Middlewares/Third_Party/SubGHz_Phy/stm32_radio_driver/radio_driver.c:1019:6:SUBGRF_WriteCommand	32	static,ignoring_inline_asm
../Middlewares/Third_Party/SubGHz_Phy/stm32_radio_driver/radio_driver.c:1027:6:SUBGRF_ReadCommand	32	static,ignoring_inline_asm
../Middlewares/Third_Party/SubGHz_Phy/stm32_radio_driver/radio_driver.c:1035:6:SUBGRF_SetSwitch	24	static
../Middlewares/Third_Party/SubGHz_Phy/stm32_radio_driver/radio_driver.c:1061:9:SUBGRF_SetRfTxPower	24	static
../Middlewares/Third_Party/SubGHz_Phy/stm32_radio_driver/radio_driver.c:1100:10:SUBGRF_GetRadioWakeUpTime	4	static
../Middlewares/Third_Party/SubGHz_Phy/stm32_radio_driver/radio_driver.c:1106:6:HAL_SUBGHZ_TxCpltCallback	16	static
../Middlewares/Third_Party/SubGHz_Phy/stm32_radio_driver/radio_driver.c:1111:6:HAL_SUBGHZ_RxCpltCallback	16	static
../Middlewares/Third_Party/SubGHz_Phy/stm32_radio_driver/radio_driver.c:1116:6:HAL_SUBGHZ_CRCErrorCallback	16	static
../Middlewares/Third_Party/SubGHz_Phy/stm32_radio_driver/radio_driver.c:1121:6:HAL_SUBGHZ_CADStatusCallback	16	static
../Middlewares/Third_Party/SubGHz_Phy/stm32_radio_driver/radio_driver.c:1136:6:HAL_SUBGHZ_RxTxTimeoutCallback	16	static
../Middlewares/Third_Party/SubGHz_Phy/stm32_radio_driver/radio_driver.c:1141:6:HAL_SUBGHZ_HeaderErrorCallback	16	static
../Middlewares/Third_Party/SubGHz_Phy/stm32_radio_driver/radio_driver.c:1146:6:HAL_SUBGHZ_PreambleDetectedCallback	16	static
../Middlewares/Third_Party/SubGHz_Phy/stm32_radio_driver/radio_driver.c:1151:6:HAL_SUBGHZ_SyncWordValidCallback	16	static
../Middlewares/Third_Party/SubGHz_Phy/stm32_radio_driver/radio_driver.c:1156:6:HAL_SUBGHZ_HeaderValidCallback	16	static
../Middlewares/Third_Party/SubGHz_Phy/stm32_radio_driver/radio_driver.c:1161:13:Radio_SMPS_Set	24	static
../Middlewares/Third_Party/SubGHz_Phy/stm32_radio_driver/radio_driver.c:1172:9:SUBGRF_GetFskBandwidthRegValue	24	static
../Middlewares/Third_Party/SubGHz_Phy/stm32_radio_driver/radio_driver.c:1193:6:SUBGRF_GetCFO	48	static
