../Core/Src/stm32wlxx_it.c:72:6:NMI_Handler	4	static
../Core/Src/stm32wlxx_it.c:87:6:HardFault_Handler	4	static
../Core/Src/stm32wlxx_it.c:102:6:MemManage_Handler	4	static
../Core/Src/stm32wlxx_it.c:117:6:BusFault_Handler	4	static
../Core/Src/stm32wlxx_it.c:132:6:UsageFault_Handler	4	static
../Core/Src/stm32wlxx_it.c:147:6:SVC_Handler	4	static
../Core/Src/stm32wlxx_it.c:160:6:DebugMon_Handler	4	static
../Core/Src/stm32wlxx_it.c:173:6:PendSV_Handler	4	static
../Core/Src/stm32wlxx_it.c:186:6:SysTick_Handler	4	static
../Core/Src/stm32wlxx_it.c:206:6:TAMP_STAMP_LSECSS_SSRU_IRQHandler	8	static
../Core/Src/stm32wlxx_it.c:220:6:DMA1_Channel1_IRQHandler	8	static
../Core/Src/stm32wlxx_it.c:234:6:USART2_IRQHandler	8	static
../Core/Src/stm32wlxx_it.c:248:6:RTC_Alarm_IRQHandler	8	static
../Core/Src/stm32wlxx_it.c:262:6:SUBGHZ_Radio_IRQHandler	8	static
