../Drivers/STM32WLxx_HAL_Driver/Inc/stm32wlxx_ll_rtc.h:1526:26:LL_RTC_TIME_GetSubSecond	16	static
../Core/Src/timer_if.c:182:21:TIMER_IF_Init	16	static
../Core/Src/timer_if.c:219:21:TIMER_IF_StartTimer	64	static
../Core/Src/timer_if.c:247:21:TIMER_IF_StopTimer	16	static
../Core/Src/timer_if.c:265:10:TIMER_IF_SetTimerContext	8	static
../Core/Src/timer_if.c:279:10:TIMER_IF_GetTimerContext	4	static
../Core/Src/timer_if.c:290:10:TIMER_IF_GetTimerElapsedTime	16	static
../Core/Src/timer_if.c:303:10:TIMER_IF_GetTimerValue	16	static
../Core/Src/timer_if.c:319:10:TIMER_IF_GetMinimumTimeout	16	static
../Core/Src/timer_if.c:332:10:TIMER_IF_Convert_ms2Tick	32	static
../Core/Src/timer_if.c:345:10:TIMER_IF_Convert_Tick2ms	48	static
../Core/Src/timer_if.c:358:6:TIMER_IF_DelayMs	24	static,ignoring_inline_asm
../Core/Src/timer_if.c:376:6:HAL_RTC_AlarmAEventCallback	16	static
../Core/Src/timer_if.c:387:6:HAL_RTCEx_SSRUEventCallback	24	static
../Core/Src/timer_if.c:402:10:TIMER_IF_GetTime	80	static
../Core/Src/timer_if.c:426:6:TIMER_IF_BkUp_Write_Seconds	16	static
../Core/Src/timer_if.c:437:6:TIMER_IF_BkUp_Write_SubSeconds	16	static
../Core/Src/timer_if.c:448:10:TIMER_IF_BkUp_Read_Seconds	16	static
../Core/Src/timer_if.c:461:10:TIMER_IF_BkUp_Read_SubSeconds	16	static
../Core/Src/timer_if.c:479:13:TIMER_IF_BkUp_Write_MSBticks	16	static
../Core/Src/timer_if.c:490:17:TIMER_IF_BkUp_Read_MSBticks	16	static
../Core/Src/timer_if.c:503:24:GetTimerTicks	16	static
